Archive member included because of file (symbol)

C:\Temp\DFRobotRTOS_T2_S3_Demo\LibFreeRTOS\Debug\libLibFreeRTOS.a(FreeRTOS_DriverInterface.o)
                              ./Source/Main.o (FreeRTOS_open)
C:\Temp\DFRobotRTOS_T2_S3_Demo\LibFreeRTOS\Debug\libLibFreeRTOS.a(FreeRTOS_Heap.o)
                              C:\Temp\DFRobotRTOS_T2_S3_Demo\LibFreeRTOS\Debug\libLibFreeRTOS.a(FreeRTOS_DriverInterface.o) (pvPortMalloc)
C:\Temp\DFRobotRTOS_T2_S3_Demo\LibFreeRTOS\Debug\libLibFreeRTOS.a(FreeRTOS_IOUtilsCharQueueTxAndRx.o)
                              C:\Temp\DFRobotRTOS_T2_S3_Demo\LibFreeRTOS\Debug\libLibFreeRTOS.a(FreeRTOS_DriverInterface.o) (xIOUtilsSetTxQueueTimeout)
C:\Temp\DFRobotRTOS_T2_S3_Demo\LibFreeRTOS\Debug\libLibFreeRTOS.a(FreeRTOS_IOUtilsCircularBufferRx.o)
                              C:\Temp\DFRobotRTOS_T2_S3_Demo\LibFreeRTOS\Debug\libLibFreeRTOS.a(FreeRTOS_DriverInterface.o) (xIOUtilsConfigureCircularBufferRx)
C:\Temp\DFRobotRTOS_T2_S3_Demo\LibFreeRTOS\Debug\libLibFreeRTOS.a(FreeRTOS_IOUtilsZeroCopyTx.o)
                              C:\Temp\DFRobotRTOS_T2_S3_Demo\LibFreeRTOS\Debug\libLibFreeRTOS.a(FreeRTOS_DriverInterface.o) (xIOUtilsConfigureZeroCopyTx)
C:\Temp\DFRobotRTOS_T2_S3_Demo\LibFreeRTOS\Debug\libLibFreeRTOS.a(FreeRTOS_Queue.o)
                              C:\Temp\DFRobotRTOS_T2_S3_Demo\LibFreeRTOS\Debug\libLibFreeRTOS.a(FreeRTOS_IOUtilsCharQueueTxAndRx.o) (xQueueGenericReset)
C:\Temp\DFRobotRTOS_T2_S3_Demo\LibFreeRTOS\Debug\libLibFreeRTOS.a(FreeRTOS_Tasks.o)
                              ./Source/Main.o (xTaskGenericCreate)
C:\Temp\DFRobotRTOS_T2_S3_Demo\LibFreeRTOS\Debug\libLibFreeRTOS.a(FreeRTOS_Timers.o)
                              C:\Temp\DFRobotRTOS_T2_S3_Demo\LibFreeRTOS\Debug\libLibFreeRTOS.a(FreeRTOS_Tasks.o) (xTimerCreateTimerTask)
C:\Temp\DFRobotRTOS_T2_S3_Demo\LibFreeRTOS\Debug\libLibFreeRTOS.a(LPC17xx_DriverInterface.o)
                              C:\Temp\DFRobotRTOS_T2_S3_Demo\LibFreeRTOS\Debug\libLibFreeRTOS.a(FreeRTOS_DriverInterface.o) (vFreeRTOS_lpc17xx_PopulateFunctionPointers)
C:\Temp\DFRobotRTOS_T2_S3_Demo\LibFreeRTOS\Debug\libLibFreeRTOS.a(FreeRTOS_I2C.o)
                              C:\Temp\DFRobotRTOS_T2_S3_Demo\LibFreeRTOS\Debug\libLibFreeRTOS.a(LPC17xx_DriverInterface.o) (FreeRTOS_I2C_open)
C:\Temp\DFRobotRTOS_T2_S3_Demo\LibFreeRTOS\Debug\libLibFreeRTOS.a(FreeRTOS_IOUtils.o)
                              C:\Temp\DFRobotRTOS_T2_S3_Demo\LibFreeRTOS\Debug\libLibFreeRTOS.a(FreeRTOS_IOUtilsCharQueueTxAndRx.o) (vIOUtilsCreateTransferControlStructure)
C:\Temp\DFRobotRTOS_T2_S3_Demo\LibFreeRTOS\Debug\libLibFreeRTOS.a(FreeRTOS_List.o)
                              C:\Temp\DFRobotRTOS_T2_S3_Demo\LibFreeRTOS\Debug\libLibFreeRTOS.a(FreeRTOS_Queue.o) (vListInitialise)
C:\Temp\DFRobotRTOS_T2_S3_Demo\LibFreeRTOS\Debug\libLibFreeRTOS.a(FreeRTOS_Port.o)
                              C:\Temp\DFRobotRTOS_T2_S3_Demo\LibFreeRTOS\Debug\libLibFreeRTOS.a(FreeRTOS_Tasks.o) (pxPortInitialiseStack)
C:\Temp\DFRobotRTOS_T2_S3_Demo\LibFreeRTOS\Debug\libLibFreeRTOS.a(FreeRTOS_SSP.o)
                              C:\Temp\DFRobotRTOS_T2_S3_Demo\LibFreeRTOS\Debug\libLibFreeRTOS.a(LPC17xx_DriverInterface.o) (FreeRTOS_SSP_open)
C:\Temp\DFRobotRTOS_T2_S3_Demo\LibFreeRTOS\Debug\libLibFreeRTOS.a(FreeRTOS_UART.o)
                              C:\Temp\DFRobotRTOS_T2_S3_Demo\LibFreeRTOS\Debug\libLibFreeRTOS.a(LPC17xx_DriverInterface.o) (FreeRTOS_UART_open)
C:\Temp\DFRobotRTOS_T2_S3_Demo\LibLPC17xx\Debug\libLibLPC17xx.a(LPC17xx_ADC.o)
                              ./Source/dfrobot.o (ADC_Init)
C:\Temp\DFRobotRTOS_T2_S3_Demo\LibLPC17xx\Debug\libLibLPC17xx.a(LPC17xx_ClockPower.o)
                              C:\Temp\DFRobotRTOS_T2_S3_Demo\LibLPC17xx\Debug\libLibLPC17xx.a(LPC17xx_ADC.o) (CLKPWR_GetPCLK)
C:\Temp\DFRobotRTOS_T2_S3_Demo\LibLPC17xx\Debug\libLibLPC17xx.a(LPC17xx_Config.o)
                              C:\Temp\DFRobotRTOS_T2_S3_Demo\LibLPC17xx\Debug\libLibLPC17xx.a(LPC17xx_ADC.o) (check_failed)
C:\Temp\DFRobotRTOS_T2_S3_Demo\LibLPC17xx\Debug\libLibLPC17xx.a(LPC17xx_DAC.o)
                              ./Source/WavPlayer.o (DAC_Init)
C:\Temp\DFRobotRTOS_T2_S3_Demo\LibLPC17xx\Debug\libLibLPC17xx.a(LPC17xx_GPIO.o)
                              ./Source/Main.o (GPIO_SetDir)
C:\Temp\DFRobotRTOS_T2_S3_Demo\LibLPC17xx\Debug\libLibLPC17xx.a(LPC17xx_I2C.o)
                              C:\Temp\DFRobotRTOS_T2_S3_Demo\LibFreeRTOS\Debug\libLibFreeRTOS.a(FreeRTOS_I2C.o) (I2C_Stop)
C:\Temp\DFRobotRTOS_T2_S3_Demo\LibLPC17xx\Debug\libLibLPC17xx.a(LPC17xx_PinSelect.o)
                              ./Source/WavPlayer.o (PINSEL_ConfigPin)
C:\Temp\DFRobotRTOS_T2_S3_Demo\LibLPC17xx\Debug\libLibLPC17xx.a(LPC17xx_SSP.o)
                              C:\Temp\DFRobotRTOS_T2_S3_Demo\LibFreeRTOS\Debug\libLibFreeRTOS.a(FreeRTOS_SSP.o) (SSP_Init)
C:\Temp\DFRobotRTOS_T2_S3_Demo\LibLPC17xx\Debug\libLibLPC17xx.a(LPC17xx_Timer.o)
                              ./Source/WavPlayer.o (TIM_ClearIntPending)
[...]
Memory Configuration

Name             Origin             Length             Attributes
MFlash512        0x00000000         0x00080000         xr
RamLoc32         0x10000000         0x00008000         xrw
RamAHB32         0x2007c000         0x00008000         xrw
*default*        0x00000000         0xffffffff

Linker script and memory map

LOAD ./Source/Font5x7.o
LOAD ./Source/Main.o
LOAD ./Source/NoSystem.o
LOAD ./Source/OLED.o
LOAD ./Source/Startup.o
LOAD ./Source/WavPlayer.o
LOAD ./Source/dfrobot.o
LOAD ./Source/joystick.o
LOAD ./Source/pca9532.o
LOAD C:\Temp\DFRobotRTOS_T2_S3_Demo\LibFreeRTOS\Debug\libLibFreeRTOS.a
LOAD C:\Temp\DFRobotRTOS_T2_S3_Demo\LibLPC17xx\Debug\libLibLPC17xx.a
LOAD C:\Temp\DFRobotRTOS_T2_S3_Demo\LibCMSIS\Debug\libLibCMSIS.a
START GROUP
LOAD c:/nxp/lpcxpresso_7.6.2_326/lpcxpresso/tools/bin/../lib/gcc/arm-none-eabi/4.9.3/armv7-m\libgcc.a
LOAD c:/nxp/lpcxpresso_7.6.2_326/lpcxpresso/tools/bin/../lib/gcc/arm-none-eabi/4.9.3/../../../../arm-none-eabi/lib/armv7-m\libc.a
LOAD c:/nxp/lpcxpresso_7.6.2_326/lpcxpresso/tools/bin/../lib/gcc/arm-none-eabi/4.9.3/../../../../arm-none-eabi/lib/armv7-m\libm.a
END GROUP
                0x00080000                __top_MFlash512 = 0x80000
                0x10008000                __top_RamLoc32 = 0x10008000
                0x20084000                __top_RamAHB32 = 0x20084000

.text           0x00000000    0x18acc
 FILL mask 0xff
                0x00000000                __vectors_start__ = ABSOLUTE (.)
 *(.isr_vector)
 .isr_vector    0x00000000       0xcc ./Source/Startup.o
                0x00000000                g_pfnVectors
                0x000000cc                . = ALIGN (0x4)
                0x000000cc                __section_table_start = .
                0x000000cc                __data_section_table = .
                0x000000cc        0x4 LONG 0x18ad4 LOADADDR (.data)
                0x000000d0        0x4 LONG 0x10000000 ADDR (.data)
                0x000000d4        0x4 LONG 0x88c SIZEOF (.data)
                0x000000d8        0x4 LONG 0x18ad4 LOADADDR (.data_RAM2)
                0x000000dc        0x4 LONG 0x2007c000 ADDR (.data_RAM2)
                0x000000e0        0x4 LONG 0x0 SIZEOF (.data_RAM2)
                0x000000e4                __data_section_table_end = .
                0x000000e4                __bss_section_table = .
                0x000000e4        0x4 LONG 0x10000890 ADDR (.bss)
                0x000000e8        0x4 LONG 0x4228 SIZEOF (.bss)
                0x000000ec        0x4 LONG 0x2007c000 ADDR (.bss_RAM2)
                0x000000f0        0x4 LONG 0x0 SIZEOF (.bss_RAM2)
                0x000000f4                __bss_section_table_end = .
                0x000000f4                __section_table_end = .
 *(.after_vectors*)
 .after_vectors
                0x000000f4      0x160 ./Source/Startup.o
                0x000000f4                data_init
                0x00000138                bss_init
                0x00000170                ResetISR
                0x000001e8                NMI_Handler
                0x000001f0                HardFault_Handler
                0x00000214                MemManage_Handler
                0x0000021c                BusFault_Handler
                0x00000224                UsageFault_Handler
                0x00000234                DebugMon_Handler
                0x0000024c                UART1_IRQHandler
                0x0000024c                EINT3_IRQHandler
                0x0000024c                I2C1_IRQHandler
                0x0000024c                TIMER3_IRQHandler
                0x0000024c                UART0_IRQHandler
                0x0000024c                USBActivity_IRQHandler
                0x0000024c                CANActivity_IRQHandler
                0x0000024c                EINT2_IRQHandler
                0x0000024c                IntDefaultHandler
                0x0000024c                I2C0_IRQHandler
                0x0000024c                CAN_IRQHandler
                0x0000024c                PLL1_IRQHandler
                0x0000024c                SSP0_IRQHandler
                0x0000024c                I2S_IRQHandler
                0x0000024c                RTC_IRQHandler
                0x0000024c                SPI_IRQHandler
                0x0000024c                RIT_IRQHandler
                0x0000024c                EINT1_IRQHandler
                0x0000024c                TIMER1_IRQHandler
                0x0000024c                UART2_IRQHandler
                0x0000024c                ADC_IRQHandler
                0x0000024c                USB_IRQHandler
                0x0000024c                BOD_IRQHandler
                0x0000024c                PWM1_IRQHandler
                0x0000024c                WDT_IRQHandler
                0x0000024c                QEI_IRQHandler
                0x0000024c                EINT0_IRQHandler
                0x0000024c                PLL0_IRQHandler
                0x0000024c                DMA_IRQHandler
                0x0000024c                TIMER2_IRQHandler
                0x0000024c                MCPWM_IRQHandler
                0x0000024c                ENET_IRQHandler
 *(.text*)
 .text.NVIC_SetPriorityGrouping
                0x00000254       0x48 ./Source/Main.o
 .text.SoftwareTimerCallback
                0x0000029c       0x60 ./Source/Main.o
 .text.SevenSegmentTask
                0x000002fc       0x9c ./Source/Main.o
 .text.OLEDTask1
                0x00000398       0x94 ./Source/Main.o
 .text.OLEDTask2
                0x0000042c       0xa0 ./Source/Main.o
 .text.OLEDTask3
                0x000004cc       0xac ./Source/Main.o
 .text.PutStringOLED
                0x00000578       0xac ./Source/Main.o
                0x00000578                PutStringOLED
 .text.PutBufferTask
                0x00000624       0x78 ./Source/Main.o
 .text.OLEDScrollTextTask
                0x0000069c       0xd4 ./Source/Main.o
 .text.OLED5SecondTask
                0x00000770      0x1ec ./Source/Main.o
 .text.TuneTask
                0x0000095c       0x84 ./Source/Main.o
 .text.PERVInputTask
                0x000009e0      0x1fc ./Source/Main.o
 .text.PERVDisplayTask
                0x00000bdc       0x1c ./Source/Main.o
 .text.PERVOutputTask
                0x00000bf8       0x1c ./Source/Main.o
 .text.main     0x00000c14      0x2d4 ./Source/Main.o
                0x00000c14                main
 .text.vApplicationStackOverflowHook
                0x00000ee8       0x14 ./Source/Main.o
                0x00000ee8                vApplicationStackOverflowHook
 .text.vApplicationMallocFailedHook
                0x00000efc       0x10 ./Source/Main.o
                0x00000efc                vApplicationMallocFailedHook
 .text._sbrk    0x00000f0c       0x4c ./Source/NoSystem.o
                0x00000f0c                _sbrk
 .text.WriteCommand
                0x00000f58       0x40 ./Source/OLED.o
 .text.WriteData
                0x00000f98       0x40 ./Source/OLED.o
 .text.WriteDataLength
                0x00000fd8       0x70 ./Source/OLED.o
 .text.RunInitSequence
                0x00001048       0xd4 ./Source/OLED.o
 .text.OLED_Init
                0x0000111c       0x7c ./Source/OLED.o
                0x0000111c                OLED_Init
 .text.OLED_ClearScreen
                0x00001198       0x60 ./Source/OLED.o
                0x00001198                OLED_ClearScreen
 .text.OLED_Pixel
                0x000011f8      0x148 ./Source/OLED.o
                0x000011f8                OLED_Pixel
 .text.OLED_Char
                0x00001340       0xe0 ./Source/OLED.o
                0x00001340                OLED_Char
 .text.pop_registers_from_fault_stack
                0x00001420       0x48 ./Source/Startup.o
                0x00001420                pop_registers_from_fault_stack
 .text.NVIC_EnableIRQ
                0x00001468       0x30 ./Source/WavPlayer.o
 .text.NVIC_DisableIRQ
                0x00001498       0x34 ./Source/WavPlayer.o
 .text.NVIC_SetPriority
                0x000014cc       0x54 ./Source/WavPlayer.o
 .text.WavPlayer_Init
                0x00001520       0x94 ./Source/WavPlayer.o
                0x00001520                WavPlayer_Init
 .text.Init_Timer0
                0x000015b4       0x70 ./Source/WavPlayer.o
 .text.WavPlayer_Play
                0x00001624      0x27c ./Source/WavPlayer.o
                0x00001624                WavPlayer_Play
 .text.TIMER0_IRQHandler
                0x000018a0       0x6c ./Source/WavPlayer.o
                0x000018a0                TIMER0_IRQHandler
 .text.WavPlayer_IsPlaying
                0x0000190c       0x20 ./Source/WavPlayer.o
                0x0000190c                WavPlayer_IsPlaying
 .text.DFR_PWMInit
                0x0000192c       0x8c ./Source/dfrobot.o
                0x0000192c                DFR_PWMInit
 .text.DFR_SetPWM
                0x000019b8       0x58 ./Source/dfrobot.o
                0x000019b8                DFR_SetPWM
 .text.DFR_ScalePWM
                0x00001a10       0x98 ./Source/dfrobot.o
                0x00001a10                DFR_ScalePWM
 .text.DFR_RobotInit
                0x00001aa8       0x60 ./Source/dfrobot.o
                0x00001aa8                DFR_RobotInit
 .text.joystick_init
                0x00001b08       0x1c ./Source/joystick.o
                0x00001b08                joystick_init
 .text.pca9532_init
                0x00001b24        0xc ./Source/pca9532.o
                0x00001b24                pca9532_init
 .text.FreeRTOS_open
                0x00001b30       0xe0 C:\Temp\DFRobotRTOS_T2_S3_Demo\LibFreeRTOS\Debug\libLibFreeRTOS.a(FreeRTOS_DriverInterface.o)
                0x00001b30                FreeRTOS_open
 .text.pvPortMalloc
                0x00001c10      0x150 C:\Temp\DFRobotRTOS_T2_S3_Demo\LibFreeRTOS\Debug\libLibFreeRTOS.a(FreeRTOS_Heap.o)
                0x00001c10                pvPortMalloc
 .text.vPortFree
                0x00001d60       0x70 C:\Temp\DFRobotRTOS_T2_S3_Demo\LibFreeRTOS\Debug\libLibFreeRTOS.a(FreeRTOS_Heap.o)
                0x00001d60                vPortFree
 .text.xIOUtilsReceiveCharsFromRxQueue
                0x00001dd0       0x78 C:\Temp\DFRobotRTOS_T2_S3_Demo\LibFreeRTOS\Debug\libLibFreeRTOS.a(FreeRTOS_IOUtilsCharQueueTxAndRx.o)
                0x00001dd0                xIOUtilsReceiveCharsFromRxQueue
 .text.xIOUtilsReadCharsFromCircularBuffer
                0x00001e48      0x100 C:\Temp\DFRobotRTOS_T2_S3_Demo\LibFreeRTOS\Debug\libLibFreeRTOS.a(FreeRTOS_IOUtilsCircularBufferRx.o)
                0x00001e48                xIOUtilsReadCharsFromCircularBuffer
 .text.xIOUtilsGetZeroCopyWriteMutex
                0x00001f48       0x60 C:\Temp\DFRobotRTOS_T2_S3_Demo\LibFreeRTOS\Debug\libLibFreeRTOS.a(FreeRTOS_IOUtilsZeroCopyTx.o)
                0x00001f48                xIOUtilsGetZeroCopyWriteMutex
 .text.xQueueGenericReset
                0x00001fa8       0xac C:\Temp\DFRobotRTOS_T2_S3_Demo\LibFreeRTOS\Debug\libLibFreeRTOS.a(FreeRTOS_Queue.o)
                0x00001fa8                xQueueGenericReset
 .text.xQueueGenericCreate
                0x00002054       0x88 C:\Temp\DFRobotRTOS_T2_S3_Demo\LibFreeRTOS\Debug\libLibFreeRTOS.a(FreeRTOS_Queue.o)
                0x00002054                xQueueGenericCreate
 .text.xQueueGetMutexHolder
                0x000020dc       0x2c C:\Temp\DFRobotRTOS_T2_S3_Demo\LibFreeRTOS\Debug\libLibFreeRTOS.a(FreeRTOS_Queue.o)
                0x000020dc                xQueueGetMutexHolder
 .text.xQueueGenericSend
                0x00002108      0x140 C:\Temp\DFRobotRTOS_T2_S3_Demo\LibFreeRTOS\Debug\libLibFreeRTOS.a(FreeRTOS_Queue.o)
                0x00002108                xQueueGenericSend
 .text.xQueueGenericSendFromISR
                0x00002248       0xc4 C:\Temp\DFRobotRTOS_T2_S3_Demo\LibFreeRTOS\Debug\libLibFreeRTOS.a(FreeRTOS_Queue.o)
                0x00002248                xQueueGenericSendFromISR
 .text.xQueueGenericReceive
                0x0000230c      0x1a0 C:\Temp\DFRobotRTOS_T2_S3_Demo\LibFreeRTOS\Debug\libLibFreeRTOS.a(FreeRTOS_Queue.o)
                0x0000230c                xQueueGenericReceive
 .text.xQueueReceiveFromISR
                0x000024ac       0xc4 C:\Temp\DFRobotRTOS_T2_S3_Demo\LibFreeRTOS\Debug\libLibFreeRTOS.a(FreeRTOS_Queue.o)
                0x000024ac                xQueueReceiveFromISR
 .text.vQueueDelete
                0x00002570       0x34 C:\Temp\DFRobotRTOS_T2_S3_Demo\LibFreeRTOS\Debug\libLibFreeRTOS.a(FreeRTOS_Queue.o)
                0x00002570                vQueueDelete
 .text.prvCopyDataToQueue
                0x000025a4       0xb8 C:\Temp\DFRobotRTOS_T2_S3_Demo\LibFreeRTOS\Debug\libLibFreeRTOS.a(FreeRTOS_Queue.o)
 .text.prvCopyDataFromQueue
                0x0000265c       0x4c C:\Temp\DFRobotRTOS_T2_S3_Demo\LibFreeRTOS\Debug\libLibFreeRTOS.a(FreeRTOS_Queue.o)
 .text.prvUnlockQueue
                0x000026a8       0x98 C:\Temp\DFRobotRTOS_T2_S3_Demo\LibFreeRTOS\Debug\libLibFreeRTOS.a(FreeRTOS_Queue.o)
 .text.prvIsQueueEmpty
                0x00002740       0x2c C:\Temp\DFRobotRTOS_T2_S3_Demo\LibFreeRTOS\Debug\libLibFreeRTOS.a(FreeRTOS_Queue.o)
 .text.prvIsQueueFull
                0x0000276c       0x30 C:\Temp\DFRobotRTOS_T2_S3_Demo\LibFreeRTOS\Debug\libLibFreeRTOS.a(FreeRTOS_Queue.o)
 .text.vQueueUnregisterQueue
                0x0000279c       0x44 C:\Temp\DFRobotRTOS_T2_S3_Demo\LibFreeRTOS\Debug\libLibFreeRTOS.a(FreeRTOS_Queue.o)
 .text.vQueueWaitForMessageRestricted
                0x000027e0       0x54 C:\Temp\DFRobotRTOS_T2_S3_Demo\LibFreeRTOS\Debug\libLibFreeRTOS.a(FreeRTOS_Queue.o)
                0x000027e0                vQueueWaitForMessageRestricted
 .text.xTaskGenericCreate
                0x00002834      0x1a4 C:\Temp\DFRobotRTOS_T2_S3_Demo\LibFreeRTOS\Debug\libLibFreeRTOS.a(FreeRTOS_Tasks.o)
                0x00002834                xTaskGenericCreate
 .text.vTaskDelayUntil
                0x000029d8       0xb8 C:\Temp\DFRobotRTOS_T2_S3_Demo\LibFreeRTOS\Debug\libLibFreeRTOS.a(FreeRTOS_Tasks.o)
                0x000029d8                vTaskDelayUntil
 .text.vTaskDelay
                0x00002a90       0x50 C:\Temp\DFRobotRTOS_T2_S3_Demo\LibFreeRTOS\Debug\libLibFreeRTOS.a(FreeRTOS_Tasks.o)
                0x00002a90                vTaskDelay
 .text.vTaskStartScheduler
                0x00002ae0       0x74 C:\Temp\DFRobotRTOS_T2_S3_Demo\LibFreeRTOS\Debug\libLibFreeRTOS.a(FreeRTOS_Tasks.o)
                0x00002ae0                vTaskStartScheduler
 .text.vTaskSuspendAll
                0x00002b54       0x1c C:\Temp\DFRobotRTOS_T2_S3_Demo\LibFreeRTOS\Debug\libLibFreeRTOS.a(FreeRTOS_Tasks.o)
                0x00002b54                vTaskSuspendAll
 .text.xTaskResumeAll
                0x00002b70      0x108 C:\Temp\DFRobotRTOS_T2_S3_Demo\LibFreeRTOS\Debug\libLibFreeRTOS.a(FreeRTOS_Tasks.o)
                0x00002b70                xTaskResumeAll
 .text.xTaskGetTickCount
                0x00002c78       0x24 C:\Temp\DFRobotRTOS_T2_S3_Demo\LibFreeRTOS\Debug\libLibFreeRTOS.a(FreeRTOS_Tasks.o)
                0x00002c78                xTaskGetTickCount
 .text.vTaskIncrementTick
                0x00002c9c      0x140 C:\Temp\DFRobotRTOS_T2_S3_Demo\LibFreeRTOS\Debug\libLibFreeRTOS.a(FreeRTOS_Tasks.o)
                0x00002c9c                vTaskIncrementTick
 .text.vTaskSwitchContext
                0x00002ddc       0xf0 C:\Temp\DFRobotRTOS_T2_S3_Demo\LibFreeRTOS\Debug\libLibFreeRTOS.a(FreeRTOS_Tasks.o)
                0x00002ddc                vTaskSwitchContext
 .text.vTaskPlaceOnEventList
                0x00002ecc       0x70 C:\Temp\DFRobotRTOS_T2_S3_Demo\LibFreeRTOS\Debug\libLibFreeRTOS.a(FreeRTOS_Tasks.o)
                0x00002ecc                vTaskPlaceOnEventList
 .text.vTaskPlaceOnEventListRestricted
                0x00002f3c       0x54 C:\Temp\DFRobotRTOS_T2_S3_Demo\LibFreeRTOS\Debug\libLibFreeRTOS.a(FreeRTOS_Tasks.o)
                0x00002f3c                vTaskPlaceOnEventListRestricted
 .text.xTaskRemoveFromEventList
                0x00002f90       0xb0 C:\Temp\DFRobotRTOS_T2_S3_Demo\LibFreeRTOS\Debug\libLibFreeRTOS.a(FreeRTOS_Tasks.o)
                0x00002f90                xTaskRemoveFromEventList
 .text.vTaskSetTimeOutState
                0x00003040       0x3c C:\Temp\DFRobotRTOS_T2_S3_Demo\LibFreeRTOS\Debug\libLibFreeRTOS.a(FreeRTOS_Tasks.o)
                0x00003040                vTaskSetTimeOutState
 .text.xTaskCheckForTimeOut
                0x0000307c       0xa8 C:\Temp\DFRobotRTOS_T2_S3_Demo\LibFreeRTOS\Debug\libLibFreeRTOS.a(FreeRTOS_Tasks.o)
                0x0000307c                xTaskCheckForTimeOut
 .text.vTaskMissedYield
                0x00003124       0x18 C:\Temp\DFRobotRTOS_T2_S3_Demo\LibFreeRTOS\Debug\libLibFreeRTOS.a(FreeRTOS_Tasks.o)
                0x00003124                vTaskMissedYield
 .text.prvIdleTask
                0x0000313c       0x10 C:\Temp\DFRobotRTOS_T2_S3_Demo\LibFreeRTOS\Debug\libLibFreeRTOS.a(FreeRTOS_Tasks.o)
 .text.prvInitialiseTCBVariables
                0x0000314c       0x6c C:\Temp\DFRobotRTOS_T2_S3_Demo\LibFreeRTOS\Debug\libLibFreeRTOS.a(FreeRTOS_Tasks.o)
 .text.prvInitialiseTaskLists
                0x000031b8       0x7c C:\Temp\DFRobotRTOS_T2_S3_Demo\LibFreeRTOS\Debug\libLibFreeRTOS.a(FreeRTOS_Tasks.o)
 .text.prvCheckTasksWaitingTermination
                0x00003234       0x74 C:\Temp\DFRobotRTOS_T2_S3_Demo\LibFreeRTOS\Debug\libLibFreeRTOS.a(FreeRTOS_Tasks.o)
 .text.prvAddCurrentTaskToDelayedList
                0x000032a8       0x6c C:\Temp\DFRobotRTOS_T2_S3_Demo\LibFreeRTOS\Debug\libLibFreeRTOS.a(FreeRTOS_Tasks.o)
 .text.prvAllocateTCBAndStack
                0x00003314       0x64 C:\Temp\DFRobotRTOS_T2_S3_Demo\LibFreeRTOS\Debug\libLibFreeRTOS.a(FreeRTOS_Tasks.o)
 .text.prvDeleteTCB
                0x00003378       0x20 C:\Temp\DFRobotRTOS_T2_S3_Demo\LibFreeRTOS\Debug\libLibFreeRTOS.a(FreeRTOS_Tasks.o)
 .text.xTaskGetCurrentTaskHandle
                0x00003398       0x20 C:\Temp\DFRobotRTOS_T2_S3_Demo\LibFreeRTOS\Debug\libLibFreeRTOS.a(FreeRTOS_Tasks.o)
                0x00003398                xTaskGetCurrentTaskHandle
 .text.xTaskGetSchedulerState
                0x000033b8       0x3c C:\Temp\DFRobotRTOS_T2_S3_Demo\LibFreeRTOS\Debug\libLibFreeRTOS.a(FreeRTOS_Tasks.o)
                0x000033b8                xTaskGetSchedulerState
 .text.vTaskPriorityInherit
                0x000033f4       0xb4 C:\Temp\DFRobotRTOS_T2_S3_Demo\LibFreeRTOS\Debug\libLibFreeRTOS.a(FreeRTOS_Tasks.o)
                0x000033f4                vTaskPriorityInherit
 .text.vTaskPriorityDisinherit
                0x000034a8       0x7c C:\Temp\DFRobotRTOS_T2_S3_Demo\LibFreeRTOS\Debug\libLibFreeRTOS.a(FreeRTOS_Tasks.o)
                0x000034a8                vTaskPriorityDisinherit
 .text.xTimerCreateTimerTask
                0x00003524       0x5c C:\Temp\DFRobotRTOS_T2_S3_Demo\LibFreeRTOS\Debug\libLibFreeRTOS.a(FreeRTOS_Timers.o)
                0x00003524                xTimerCreateTimerTask
 .text.xTimerCreate
                0x00003580       0x6c C:\Temp\DFRobotRTOS_T2_S3_Demo\LibFreeRTOS\Debug\libLibFreeRTOS.a(FreeRTOS_Timers.o)
                0x00003580                xTimerCreate
 .text.xTimerGenericCommand
                0x000035ec       0x8c C:\Temp\DFRobotRTOS_T2_S3_Demo\LibFreeRTOS\Debug\libLibFreeRTOS.a(FreeRTOS_Timers.o)
                0x000035ec                xTimerGenericCommand
 .text.prvProcessExpiredTimer
                0x00003678       0x74 C:\Temp\DFRobotRTOS_T2_S3_Demo\LibFreeRTOS\Debug\libLibFreeRTOS.a(FreeRTOS_Timers.o)
 .text.prvTimerTask
                0x000036ec       0x24 C:\Temp\DFRobotRTOS_T2_S3_Demo\LibFreeRTOS\Debug\libLibFreeRTOS.a(FreeRTOS_Timers.o)
 .text.prvProcessTimerOrBlockTask
                0x00003710       0x6c C:\Temp\DFRobotRTOS_T2_S3_Demo\LibFreeRTOS\Debug\libLibFreeRTOS.a(FreeRTOS_Timers.o)
 .text.prvGetNextExpireTime
                0x0000377c       0x48 C:\Temp\DFRobotRTOS_T2_S3_Demo\LibFreeRTOS\Debug\libLibFreeRTOS.a(FreeRTOS_Timers.o)
 .text.prvSampleTimeNow
                0x000037c4       0x44 C:\Temp\DFRobotRTOS_T2_S3_Demo\LibFreeRTOS\Debug\libLibFreeRTOS.a(FreeRTOS_Timers.o)
 .text.prvInsertTimerInActiveList
                0x00003808       0x84 C:\Temp\DFRobotRTOS_T2_S3_Demo\LibFreeRTOS\Debug\libLibFreeRTOS.a(FreeRTOS_Timers.o)
 .text.prvProcessReceivedCommands
                0x0000388c       0xfc C:\Temp\DFRobotRTOS_T2_S3_Demo\LibFreeRTOS\Debug\libLibFreeRTOS.a(FreeRTOS_Timers.o)
 .text.prvSwitchTimerLists
                0x00003988       0xb8 C:\Temp\DFRobotRTOS_T2_S3_Demo\LibFreeRTOS\Debug\libLibFreeRTOS.a(FreeRTOS_Timers.o)
 .text.prvCheckForValidListAndQueue
                0x00003a40       0x54 C:\Temp\DFRobotRTOS_T2_S3_Demo\LibFreeRTOS\Debug\libLibFreeRTOS.a(FreeRTOS_Timers.o)
 .text.vFreeRTOS_lpc17xx_PopulateFunctionPointers
                0x00003a94       0x58 C:\Temp\DFRobotRTOS_T2_S3_Demo\LibFreeRTOS\Debug\libLibFreeRTOS.a(LPC17xx_DriverInterface.o)
                0x00003a94                vFreeRTOS_lpc17xx_PopulateFunctionPointers
 .text.NVIC_DisableIRQ
                0x00003aec       0x34 C:\Temp\DFRobotRTOS_T2_S3_Demo\LibFreeRTOS\Debug\libLibFreeRTOS.a(FreeRTOS_I2C.o)
 .text.NVIC_ClearPendingIRQ
                0x00003b20       0x34 C:\Temp\DFRobotRTOS_T2_S3_Demo\LibFreeRTOS\Debug\libLibFreeRTOS.a(FreeRTOS_I2C.o)
 .text.NVIC_SetPriority
                0x00003b54       0x54 C:\Temp\DFRobotRTOS_T2_S3_Demo\LibFreeRTOS\Debug\libLibFreeRTOS.a(FreeRTOS_I2C.o)
 .text.FreeRTOS_I2C_open
                0x00003ba8      0x15c C:\Temp\DFRobotRTOS_T2_S3_Demo\LibFreeRTOS\Debug\libLibFreeRTOS.a(FreeRTOS_I2C.o)
                0x00003ba8                FreeRTOS_I2C_open
 .text.FreeRTOS_I2C_write
                0x00003d04      0x198 C:\Temp\DFRobotRTOS_T2_S3_Demo\LibFreeRTOS\Debug\libLibFreeRTOS.a(FreeRTOS_I2C.o)
                0x00003d04                FreeRTOS_I2C_write
 .text.FreeRTOS_I2C_read
                0x00003e9c      0x1a8 C:\Temp\DFRobotRTOS_T2_S3_Demo\LibFreeRTOS\Debug\libLibFreeRTOS.a(FreeRTOS_I2C.o)
                0x00003e9c                FreeRTOS_I2C_read
 .text.FreeRTOS_I2C_ioctl
                0x00004044      0x10c C:\Temp\DFRobotRTOS_T2_S3_Demo\LibFreeRTOS\Debug\libLibFreeRTOS.a(FreeRTOS_I2C.o)
                0x00004044                FreeRTOS_I2C_ioctl
 .text.I2C2_IRQHandler
                0x00004150      0x29c C:\Temp\DFRobotRTOS_T2_S3_Demo\LibFreeRTOS\Debug\libLibFreeRTOS.a(FreeRTOS_I2C.o)
                0x00004150                I2C2_IRQHandler
 .text.vIOUtilsCreateTransferControlStructure
                0x000043ec       0xb4 C:\Temp\DFRobotRTOS_T2_S3_Demo\LibFreeRTOS\Debug\libLibFreeRTOS.a(FreeRTOS_IOUtils.o)
                0x000043ec                vIOUtilsCreateTransferControlStructure
 .text.vListInitialise
                0x000044a0       0x40 C:\Temp\DFRobotRTOS_T2_S3_Demo\LibFreeRTOS\Debug\libLibFreeRTOS.a(FreeRTOS_List.o)
                0x000044a0                vListInitialise
 .text.vListInitialiseItem
                0x000044e0       0x18 C:\Temp\DFRobotRTOS_T2_S3_Demo\LibFreeRTOS\Debug\libLibFreeRTOS.a(FreeRTOS_List.o)
                0x000044e0                vListInitialiseItem
 .text.vListInsertEnd
                0x000044f8       0x50 C:\Temp\DFRobotRTOS_T2_S3_Demo\LibFreeRTOS\Debug\libLibFreeRTOS.a(FreeRTOS_List.o)
                0x000044f8                vListInsertEnd
 .text.vListInsert
                0x00004548       0x70 C:\Temp\DFRobotRTOS_T2_S3_Demo\LibFreeRTOS\Debug\libLibFreeRTOS.a(FreeRTOS_List.o)
                0x00004548                vListInsert
 .text.vListRemove
                0x000045b8       0x50 C:\Temp\DFRobotRTOS_T2_S3_Demo\LibFreeRTOS\Debug\libLibFreeRTOS.a(FreeRTOS_List.o)
                0x000045b8                vListRemove
 .text.pxPortInitialiseStack
                0x00004608       0x54 C:\Temp\DFRobotRTOS_T2_S3_Demo\LibFreeRTOS\Debug\libLibFreeRTOS.a(FreeRTOS_Port.o)
                0x00004608                pxPortInitialiseStack
 .text.SVCall_Handler
                0x0000465c       0x20 C:\Temp\DFRobotRTOS_T2_S3_Demo\LibFreeRTOS\Debug\libLibFreeRTOS.a(FreeRTOS_Port.o)
                0x0000465c                SVCall_Handler
 .text.vPortStartFirstTask
                0x0000467c       0x14 C:\Temp\DFRobotRTOS_T2_S3_Demo\LibFreeRTOS\Debug\libLibFreeRTOS.a(FreeRTOS_Port.o)
                0x0000467c                vPortStartFirstTask
 .text.xPortStartScheduler
                0x00004690       0x38 C:\Temp\DFRobotRTOS_T2_S3_Demo\LibFreeRTOS\Debug\libLibFreeRTOS.a(FreeRTOS_Port.o)
                0x00004690                xPortStartScheduler
 .text.vPortYieldFromISR
                0x000046c8       0x18 C:\Temp\DFRobotRTOS_T2_S3_Demo\LibFreeRTOS\Debug\libLibFreeRTOS.a(FreeRTOS_Port.o)
                0x000046c8                vPortYieldFromISR
 .text.vPortEnterCritical
                0x000046e0       0x24 C:\Temp\DFRobotRTOS_T2_S3_Demo\LibFreeRTOS\Debug\libLibFreeRTOS.a(FreeRTOS_Port.o)
                0x000046e0                vPortEnterCritical
 .text.vPortExitCritical
                0x00004704       0x2c C:\Temp\DFRobotRTOS_T2_S3_Demo\LibFreeRTOS\Debug\libLibFreeRTOS.a(FreeRTOS_Port.o)
                0x00004704                vPortExitCritical
 .text.PendSV_Handler
                0x00004730       0x3c C:\Temp\DFRobotRTOS_T2_S3_Demo\LibFreeRTOS\Debug\libLibFreeRTOS.a(FreeRTOS_Port.o)
                0x00004730                PendSV_Handler
 .text.SysTick_Handler
                0x0000476c       0x30 C:\Temp\DFRobotRTOS_T2_S3_Demo\LibFreeRTOS\Debug\libLibFreeRTOS.a(FreeRTOS_Port.o)
                0x0000476c                SysTick_Handler
 .text.prvSetupTimerInterrupt
                0x0000479c       0x34 C:\Temp\DFRobotRTOS_T2_S3_Demo\LibFreeRTOS\Debug\libLibFreeRTOS.a(FreeRTOS_Port.o)
 .text.NVIC_EnableIRQ
                0x000047d0       0x30 C:\Temp\DFRobotRTOS_T2_S3_Demo\LibFreeRTOS\Debug\libLibFreeRTOS.a(FreeRTOS_SSP.o)
 .text.NVIC_DisableIRQ
                0x00004800       0x34 C:\Temp\DFRobotRTOS_T2_S3_Demo\LibFreeRTOS\Debug\libLibFreeRTOS.a(FreeRTOS_SSP.o)
 .text.NVIC_SetPriority
                0x00004834       0x54 C:\Temp\DFRobotRTOS_T2_S3_Demo\LibFreeRTOS\Debug\libLibFreeRTOS.a(FreeRTOS_SSP.o)
 .text.FreeRTOS_SSP_open
                0x00004888      0x198 C:\Temp\DFRobotRTOS_T2_S3_Demo\LibFreeRTOS\Debug\libLibFreeRTOS.a(FreeRTOS_SSP.o)
                0x00004888                FreeRTOS_SSP_open
 .text.FreeRTOS_SSP_write
                0x00004a20       0xb8 C:\Temp\DFRobotRTOS_T2_S3_Demo\LibFreeRTOS\Debug\libLibFreeRTOS.a(FreeRTOS_SSP.o)
                0x00004a20                FreeRTOS_SSP_write
 .text.FreeRTOS_SSP_read
                0x00004ad8       0xa4 C:\Temp\DFRobotRTOS_T2_S3_Demo\LibFreeRTOS\Debug\libLibFreeRTOS.a(FreeRTOS_SSP.o)
                0x00004ad8                FreeRTOS_SSP_read
 .text.FreeRTOS_SSP_ioctl
                0x00004b7c      0x1d8 C:\Temp\DFRobotRTOS_T2_S3_Demo\LibFreeRTOS\Debug\libLibFreeRTOS.a(FreeRTOS_SSP.o)
                0x00004b7c                FreeRTOS_SSP_ioctl
 .text.SSP1_IRQHandler
                0x00004d54      0x12c C:\Temp\DFRobotRTOS_T2_S3_Demo\LibFreeRTOS\Debug\libLibFreeRTOS.a(FreeRTOS_SSP.o)
                0x00004d54                SSP1_IRQHandler
 .text.NVIC_EnableIRQ
                0x00004e80       0x30 C:\Temp\DFRobotRTOS_T2_S3_Demo\LibFreeRTOS\Debug\libLibFreeRTOS.a(FreeRTOS_UART.o)
 .text.NVIC_DisableIRQ
                0x00004eb0       0x34 C:\Temp\DFRobotRTOS_T2_S3_Demo\LibFreeRTOS\Debug\libLibFreeRTOS.a(FreeRTOS_UART.o)
 .text.NVIC_SetPriority
                0x00004ee4       0x54 C:\Temp\DFRobotRTOS_T2_S3_Demo\LibFreeRTOS\Debug\libLibFreeRTOS.a(FreeRTOS_UART.o)
 .text.FreeRTOS_UART_open
                0x00004f38       0xd0 C:\Temp\DFRobotRTOS_T2_S3_Demo\LibFreeRTOS\Debug\libLibFreeRTOS.a(FreeRTOS_UART.o)
                0x00004f38                FreeRTOS_UART_open
 .text.FreeRTOS_UART_write
                0x00005008      0x1cc C:\Temp\DFRobotRTOS_T2_S3_Demo\LibFreeRTOS\Debug\libLibFreeRTOS.a(FreeRTOS_UART.o)
                0x00005008                FreeRTOS_UART_write
 .text.FreeRTOS_UART_read
                0x000051d4      0x10c C:\Temp\DFRobotRTOS_T2_S3_Demo\LibFreeRTOS\Debug\libLibFreeRTOS.a(FreeRTOS_UART.o)
                0x000051d4                FreeRTOS_UART_read
 .text.prvFillFifoFromBuffer
                0x000052e0       0x58 C:\Temp\DFRobotRTOS_T2_S3_Demo\LibFreeRTOS\Debug\libLibFreeRTOS.a(FreeRTOS_UART.o)
 .text.FreeRTOS_UART_ioctl
                0x00005338      0x10c C:\Temp\DFRobotRTOS_T2_S3_Demo\LibFreeRTOS\Debug\libLibFreeRTOS.a(FreeRTOS_UART.o)
                0x00005338                FreeRTOS_UART_ioctl
 .text.UART3_IRQHandler
                0x00005444      0x238 C:\Temp\DFRobotRTOS_T2_S3_Demo\LibFreeRTOS\Debug\libLibFreeRTOS.a(FreeRTOS_UART.o)
                0x00005444                UART3_IRQHandler
 .text.CLKPWR_SetPCLKDiv
                0x0000567c       0x8c C:\Temp\DFRobotRTOS_T2_S3_Demo\LibLPC17xx\Debug\libLibLPC17xx.a(LPC17xx_ClockPower.o)
                0x0000567c                CLKPWR_SetPCLKDiv
 .text.CLKPWR_GetPCLKSEL
                0x00005708       0x4c C:\Temp\DFRobotRTOS_T2_S3_Demo\LibLPC17xx\Debug\libLibLPC17xx.a(LPC17xx_ClockPower.o)
                0x00005708                CLKPWR_GetPCLKSEL
 .text.CLKPWR_GetPCLK
                0x00005754       0x64 C:\Temp\DFRobotRTOS_T2_S3_Demo\LibLPC17xx\Debug\libLibLPC17xx.a(LPC17xx_ClockPower.o)
                0x00005754                CLKPWR_GetPCLK
 .text.CLKPWR_ConfigPPWR
                0x000057b8       0x58 C:\Temp\DFRobotRTOS_T2_S3_Demo\LibLPC17xx\Debug\libLibLPC17xx.a(LPC17xx_ClockPower.o)
                0x000057b8                CLKPWR_ConfigPPWR
 .text.check_failed
                0x00005810        0xc C:\Temp\DFRobotRTOS_T2_S3_Demo\LibLPC17xx\Debug\libLibLPC17xx.a(LPC17xx_Config.o)
                0x00005810                check_failed
 .text.DAC_Init
                0x0000581c       0x30 C:\Temp\DFRobotRTOS_T2_S3_Demo\LibLPC17xx\Debug\libLibLPC17xx.a(LPC17xx_DAC.o)
                0x0000581c                DAC_Init
 .text.DAC_UpdateValue
                0x0000584c       0x44 C:\Temp\DFRobotRTOS_T2_S3_Demo\LibLPC17xx\Debug\libLibLPC17xx.a(LPC17xx_DAC.o)
                0x0000584c                DAC_UpdateValue
 .text.DAC_SetBias
                0x00005890       0x48 C:\Temp\DFRobotRTOS_T2_S3_Demo\LibLPC17xx\Debug\libLibLPC17xx.a(LPC17xx_DAC.o)
                0x00005890                DAC_SetBias
 .text.GPIO_GetPointer
                0x000058d8       0x74 C:\Temp\DFRobotRTOS_T2_S3_Demo\LibLPC17xx\Debug\libLibLPC17xx.a(LPC17xx_GPIO.o)
 .text.GPIO_SetDir
                0x0000594c       0x48 C:\Temp\DFRobotRTOS_T2_S3_Demo\LibLPC17xx\Debug\libLibLPC17xx.a(LPC17xx_GPIO.o)
                0x0000594c                GPIO_SetDir
 .text.GPIO_SetValue
                0x00005994       0x28 C:\Temp\DFRobotRTOS_T2_S3_Demo\LibLPC17xx\Debug\libLibLPC17xx.a(LPC17xx_GPIO.o)
                0x00005994                GPIO_SetValue
 .text.GPIO_ClearValue
                0x000059bc       0x28 C:\Temp\DFRobotRTOS_T2_S3_Demo\LibLPC17xx\Debug\libLibLPC17xx.a(LPC17xx_GPIO.o)
                0x000059bc                GPIO_ClearValue
 .text.GPIO_ReadValue
                0x000059e4       0x2c C:\Temp\DFRobotRTOS_T2_S3_Demo\LibLPC17xx\Debug\libLibLPC17xx.a(LPC17xx_GPIO.o)
                0x000059e4                GPIO_ReadValue
 .text.NVIC_EnableIRQ
                0x00005a10       0x30 C:\Temp\DFRobotRTOS_T2_S3_Demo\LibLPC17xx\Debug\libLibLPC17xx.a(LPC17xx_I2C.o)
 .text.NVIC_DisableIRQ
                0x00005a40       0x34 C:\Temp\DFRobotRTOS_T2_S3_Demo\LibLPC17xx\Debug\libLibLPC17xx.a(LPC17xx_I2C.o)
 .text.I2C_getNum
                0x00005a74       0x48 C:\Temp\DFRobotRTOS_T2_S3_Demo\LibLPC17xx\Debug\libLibLPC17xx.a(LPC17xx_I2C.o)
 .text.I2C_Start
                0x00005abc       0x3c C:\Temp\DFRobotRTOS_T2_S3_Demo\LibLPC17xx\Debug\libLibLPC17xx.a(LPC17xx_I2C.o)
                0x00005abc                I2C_Start
 .text.I2C_Stop
                0x00005af8       0x30 C:\Temp\DFRobotRTOS_T2_S3_Demo\LibLPC17xx\Debug\libLibLPC17xx.a(LPC17xx_I2C.o)
                0x00005af8                I2C_Stop
 .text.I2C_SendByte
                0x00005b28       0x6c C:\Temp\DFRobotRTOS_T2_S3_Demo\LibLPC17xx\Debug\libLibLPC17xx.a(LPC17xx_I2C.o)
 .text.I2C_GetByte
                0x00005b94       0x48 C:\Temp\DFRobotRTOS_T2_S3_Demo\LibLPC17xx\Debug\libLibLPC17xx.a(LPC17xx_I2C.o)
 .text.I2C_SetClock
                0x00005bdc       0xa4 C:\Temp\DFRobotRTOS_T2_S3_Demo\LibLPC17xx\Debug\libLibLPC17xx.a(LPC17xx_I2C.o)
                0x00005bdc                I2C_SetClock
 .text.I2C_Init
                0x00005c80       0xa4 C:\Temp\DFRobotRTOS_T2_S3_Demo\LibLPC17xx\Debug\libLibLPC17xx.a(LPC17xx_I2C.o)
                0x00005c80                I2C_Init
 .text.I2C_Cmd  0x00005d24       0x80 C:\Temp\DFRobotRTOS_T2_S3_Demo\LibLPC17xx\Debug\libLibLPC17xx.a(LPC17xx_I2C.o)
                0x00005d24                I2C_Cmd
 .text.I2C_IntCmd
                0x00005da4       0x84 C:\Temp\DFRobotRTOS_T2_S3_Demo\LibLPC17xx\Debug\libLibLPC17xx.a(LPC17xx_I2C.o)
                0x00005da4                I2C_IntCmd
 .text.I2C_MasterHanleStates
                0x00005e28      0x2fc C:\Temp\DFRobotRTOS_T2_S3_Demo\LibLPC17xx\Debug\libLibLPC17xx.a(LPC17xx_I2C.o)
                0x00005e28                I2C_MasterHanleStates
 .text.I2C_MasterTransferData
                0x00006124      0x130 C:\Temp\DFRobotRTOS_T2_S3_Demo\LibLPC17xx\Debug\libLibLPC17xx.a(LPC17xx_I2C.o)
                0x00006124                I2C_MasterTransferData
 .text.set_PinFunc
                0x00006254       0x80 C:\Temp\DFRobotRTOS_T2_S3_Demo\LibLPC17xx\Debug\libLibLPC17xx.a(LPC17xx_PinSelect.o)
 .text.set_ResistorMode
                0x000062d4       0x80 C:\Temp\DFRobotRTOS_T2_S3_Demo\LibLPC17xx\Debug\libLibLPC17xx.a(LPC17xx_PinSelect.o)
 .text.set_OpenDrainMode
                0x00006354       0x6c C:\Temp\DFRobotRTOS_T2_S3_Demo\LibLPC17xx\Debug\libLibLPC17xx.a(LPC17xx_PinSelect.o)
 .text.PINSEL_ConfigPin
                0x000063c0       0x50 C:\Temp\DFRobotRTOS_T2_S3_Demo\LibLPC17xx\Debug\libLibLPC17xx.a(LPC17xx_PinSelect.o)
                0x000063c0                PINSEL_ConfigPin
 .text.setSSPclock
                0x00006410       0xc4 C:\Temp\DFRobotRTOS_T2_S3_Demo\LibLPC17xx\Debug\libLibLPC17xx.a(LPC17xx_SSP.o)
 .text.SSP_Init
                0x000064d4       0x9c C:\Temp\DFRobotRTOS_T2_S3_Demo\LibLPC17xx\Debug\libLibLPC17xx.a(LPC17xx_SSP.o)
                0x000064d4                SSP_Init
 .text.SSP_DeInit
                0x00006570       0x58 C:\Temp\DFRobotRTOS_T2_S3_Demo\LibLPC17xx\Debug\libLibLPC17xx.a(LPC17xx_SSP.o)
                0x00006570                SSP_DeInit
 .text.SSP_GetDataSize
                0x000065c8       0x40 C:\Temp\DFRobotRTOS_T2_S3_Demo\LibLPC17xx\Debug\libLibLPC17xx.a(LPC17xx_SSP.o)
                0x000065c8                SSP_GetDataSize
 .text.SSP_ConfigStructInit
                0x00006608       0x3c C:\Temp\DFRobotRTOS_T2_S3_Demo\LibLPC17xx\Debug\libLibLPC17xx.a(LPC17xx_SSP.o)
                0x00006608                SSP_ConfigStructInit
 .text.SSP_Cmd  0x00006644       0x6c C:\Temp\DFRobotRTOS_T2_S3_Demo\LibLPC17xx\Debug\libLibLPC17xx.a(LPC17xx_SSP.o)
                0x00006644                SSP_Cmd
 .text.SSP_SendData
                0x000066b0       0x40 C:\Temp\DFRobotRTOS_T2_S3_Demo\LibLPC17xx\Debug\libLibLPC17xx.a(LPC17xx_SSP.o)
                0x000066b0                SSP_SendData
 .text.SSP_ReceiveData
                0x000066f0       0x3c C:\Temp\DFRobotRTOS_T2_S3_Demo\LibLPC17xx\Debug\libLibLPC17xx.a(LPC17xx_SSP.o)
                0x000066f0                SSP_ReceiveData
 .text.SSP_ReadWrite
                0x0000672c      0x364 C:\Temp\DFRobotRTOS_T2_S3_Demo\LibLPC17xx\Debug\libLibLPC17xx.a(LPC17xx_SSP.o)
                0x0000672c                SSP_ReadWrite
 .text.SSP_IntConfig
                0x00006a90       0x60 C:\Temp\DFRobotRTOS_T2_S3_Demo\LibLPC17xx\Debug\libLibLPC17xx.a(LPC17xx_SSP.o)
                0x00006a90                SSP_IntConfig
 .text.getPClock
                0x00006af0       0x5c C:\Temp\DFRobotRTOS_T2_S3_Demo\LibLPC17xx\Debug\libLibLPC17xx.a(LPC17xx_Timer.o)
 .text.converUSecToVal
                0x00006b4c       0x60 C:\Temp\DFRobotRTOS_T2_S3_Demo\LibLPC17xx\Debug\libLibLPC17xx.a(LPC17xx_Timer.o)
 .text.converPtrToTimeNum
                0x00006bac       0x60 C:\Temp\DFRobotRTOS_T2_S3_Demo\LibLPC17xx\Debug\libLibLPC17xx.a(LPC17xx_Timer.o)
 .text.TIM_ClearIntPending
                0x00006c0c       0x84 C:\Temp\DFRobotRTOS_T2_S3_Demo\LibLPC17xx\Debug\libLibLPC17xx.a(LPC17xx_Timer.o)
                0x00006c0c                TIM_ClearIntPending
 .text.TIM_Init
                0x00006c90      0x180 C:\Temp\DFRobotRTOS_T2_S3_Demo\LibLPC17xx\Debug\libLibLPC17xx.a(LPC17xx_Timer.o)
                0x00006c90                TIM_Init
 .text.TIM_Cmd  0x00006e10       0x6c C:\Temp\DFRobotRTOS_T2_S3_Demo\LibLPC17xx\Debug\libLibLPC17xx.a(LPC17xx_Timer.o)
                0x00006e10                TIM_Cmd
 .text.TIM_ResetCounter
                0x00006e7c       0x60 C:\Temp\DFRobotRTOS_T2_S3_Demo\LibLPC17xx\Debug\libLibLPC17xx.a(LPC17xx_Timer.o)
                0x00006e7c                TIM_ResetCounter
 .text.TIM_ConfigMatch
                0x00006edc      0x184 C:\Temp\DFRobotRTOS_T2_S3_Demo\LibLPC17xx\Debug\libLibLPC17xx.a(LPC17xx_Timer.o)
                0x00006edc                TIM_ConfigMatch
 .text.uart_set_divisors
                0x00007060      0x2b0 C:\Temp\DFRobotRTOS_T2_S3_Demo\LibLPC17xx\Debug\libLibLPC17xx.a(LPC17xx_UART.o)
 .text.UART_Init
                0x00007310      0x2e4 C:\Temp\DFRobotRTOS_T2_S3_Demo\LibLPC17xx\Debug\libLibLPC17xx.a(LPC17xx_UART.o)
                0x00007310                UART_Init
 .text.UART_SendByte
                0x000075f4       0x68 C:\Temp\DFRobotRTOS_T2_S3_Demo\LibLPC17xx\Debug\libLibLPC17xx.a(LPC17xx_UART.o)
                0x000075f4                UART_SendByte
 .text.UART_ReceiveByte
                0x0000765c       0x64 C:\Temp\DFRobotRTOS_T2_S3_Demo\LibLPC17xx\Debug\libLibLPC17xx.a(LPC17xx_UART.o)
                0x0000765c                UART_ReceiveByte
 .text.UART_Send
                0x000076c0       0xe8 C:\Temp\DFRobotRTOS_T2_S3_Demo\LibLPC17xx\Debug\libLibLPC17xx.a(LPC17xx_UART.o)
                0x000076c0                UART_Send
 .text.UART_Receive
                0x000077a8       0xb8 C:\Temp\DFRobotRTOS_T2_S3_Demo\LibLPC17xx\Debug\libLibLPC17xx.a(LPC17xx_UART.o)
                0x000077a8                UART_Receive
 .text.UART_IntConfig
                0x00007860      0x188 C:\Temp\DFRobotRTOS_T2_S3_Demo\LibLPC17xx\Debug\libLibLPC17xx.a(LPC17xx_UART.o)
                0x00007860                UART_IntConfig
 .text.UART_GetIntId
                0x000079e8       0x58 C:\Temp\DFRobotRTOS_T2_S3_Demo\LibLPC17xx\Debug\libLibLPC17xx.a(LPC17xx_UART.o)
                0x000079e8                UART_GetIntId
 .text.UART_CheckBusy
                0x00007a40       0x28 C:\Temp\DFRobotRTOS_T2_S3_Demo\LibLPC17xx\Debug\libLibLPC17xx.a(LPC17xx_UART.o)
                0x00007a40                UART_CheckBusy
 .text.UART_FIFOConfig
                0x00007a68      0x158 C:\Temp\DFRobotRTOS_T2_S3_Demo\LibLPC17xx\Debug\libLibLPC17xx.a(LPC17xx_UART.o)
                0x00007a68                UART_FIFOConfig
 .text.UART_TxCmd
                0x00007bc0       0xc8 C:\Temp\DFRobotRTOS_T2_S3_Demo\LibLPC17xx\Debug\libLibLPC17xx.a(LPC17xx_UART.o)
                0x00007bc0                UART_TxCmd
 .text.SystemInit
                0x00007c88      0x164 C:\Temp\DFRobotRTOS_T2_S3_Demo\LibCMSIS\Debug\libLibCMSIS.a(System_LPC17xx.o)
                0x00007c88                SystemInit
 .text          0x00007dec       0x2c c:/nxp/lpcxpresso_7.6.2_326/lpcxpresso/tools/bin/../lib/gcc/arm-none-eabi/4.9.3/armv7-m\libgcc.a(_aeabi_uldivmod.o)
                0x00007dec                __aeabi_uldivmod
 .text          0x00007e18       0x60 c:/nxp/lpcxpresso_7.6.2_326/lpcxpresso/tools/bin/../lib/gcc/arm-none-eabi/4.9.3/armv7-m\libgcc.a(bpabi.o)
                0x00007e18                __gnu_ldivmod_helper
                0x00007e48                __gnu_uldivmod_helper
 .text          0x00007e78        0x4 c:/nxp/lpcxpresso_7.6.2_326/lpcxpresso/tools/bin/../lib/gcc/arm-none-eabi/4.9.3/armv7-m\libgcc.a(_dvmd_tls.o)
                0x00007e78                __aeabi_idiv0
                0x00007e78                __aeabi_ldiv0
 .text          0x00007e7c      0x2ac c:/nxp/lpcxpresso_7.6.2_326/lpcxpresso/tools/bin/../lib/gcc/arm-none-eabi/4.9.3/armv7-m\libgcc.a(_divdi3.o)
                0x00007e7c                __divdi3
 .text          0x00008128      0x270 c:/nxp/lpcxpresso_7.6.2_326/lpcxpresso/tools/bin/../lib/gcc/arm-none-eabi/4.9.3/armv7-m\libgcc.a(_udivdi3.o)
                0x00008128                __udivdi3
 .text.memcmp   0x00008398       0x64 c:/nxp/lpcxpresso_7.6.2_326/lpcxpresso/tools/bin/../lib/gcc/arm-none-eabi/4.9.3/../../../../arm-none-eabi/lib/armv7-m\libc.a(lib_a-memcmp.o)
                0x00008398                memcmp
 .text          0x000083fc       0xec c:/nxp/lpcxpresso_7.6.2_326/lpcxpresso/tools/bin/../lib/gcc/arm-none-eabi/4.9.3/../../../../arm-none-eabi/lib/armv7-m\libc.a(lib_a-memcpy.o)
                0x000083fc                memcpy
 .text.memset   0x000084e8       0x9c c:/nxp/lpcxpresso_7.6.2_326/lpcxpresso/tools/bin/../lib/gcc/arm-none-eabi/4.9.3/../../../../arm-none-eabi/lib/armv7-m\libc.a(lib_a-memset.o)
                0x000084e8                memset
 .text.sprintf  0x00008584       0x4c c:/nxp/lpcxpresso_7.6.2_326/lpcxpresso/tools/bin/../lib/gcc/arm-none-eabi/4.9.3/../../../../arm-none-eabi/lib/armv7-m\libc.a(lib_a-sprintf.o)
                0x00008584                sprintf
 .text          0x000085d0      0x1bc c:/nxp/lpcxpresso_7.6.2_326/lpcxpresso/tools/bin/../lib/gcc/arm-none-eabi/4.9.3/../../../../arm-none-eabi/lib/armv7-m\libc.a(lib_a-strcmp.o)
                0x000085d0                strcmp
 .text.strcpy   0x0000878c       0xbc c:/nxp/lpcxpresso_7.6.2_326/lpcxpresso/tools/bin/../lib/gcc/arm-none-eabi/4.9.3/../../../../arm-none-eabi/lib/armv7-m\libc.a(lib_a-strcpy.o)
                0x0000878c                strcpy
 .text.strncpy  0x00008848       0x68 c:/nxp/lpcxpresso_7.6.2_326/lpcxpresso/tools/bin/../lib/gcc/arm-none-eabi/4.9.3/../../../../arm-none-eabi/lib/armv7-m\libc.a(lib_a-strncpy.o)
                0x00008848                strncpy
 .text._svfprintf_r
                0x000088b0     0x14f4 c:/nxp/lpcxpresso_7.6.2_326/lpcxpresso/tools/bin/../lib/gcc/arm-none-eabi/4.9.3/../../../../arm-none-eabi/lib/armv7-m\libc.a(lib_a-svfprintf.o)
                0x000088b0                _svfprintf_r
 .text.quorem   0x00009da4      0x130 c:/nxp/lpcxpresso_7.6.2_326/lpcxpresso/tools/bin/../lib/gcc/arm-none-eabi/4.9.3/../../../../arm-none-eabi/lib/armv7-m\libc.a(lib_a-dtoa.o)
 *fill*         0x00009ed4        0x4 
 .text._dtoa_r  0x00009ed8      0xea8 c:/nxp/lpcxpresso_7.6.2_326/lpcxpresso/tools/bin/../lib/gcc/arm-none-eabi/4.9.3/../../../../arm-none-eabi/lib/armv7-m\libc.a(lib_a-dtoa.o)
                0x00009ed8                _dtoa_r
 .text._malloc_trim_r
                0x0000ad80       0x9c c:/nxp/lpcxpresso_7.6.2_326/lpcxpresso/tools/bin/../lib/gcc/arm-none-eabi/4.9.3/../../../../arm-none-eabi/lib/armv7-m\libc.a(lib_a-freer.o)
                0x0000ad80                _malloc_trim_r
 .text._free_r  0x0000ae1c      0x1b0 c:/nxp/lpcxpresso_7.6.2_326/lpcxpresso/tools/bin/../lib/gcc/arm-none-eabi/4.9.3/../../../../arm-none-eabi/lib/armv7-m\libc.a(lib_a-freer.o)
                0x0000ae1c                _free_r
 .text._localeconv_r
                0x0000afcc        0x8 c:/nxp/lpcxpresso_7.6.2_326/lpcxpresso/tools/bin/../lib/gcc/arm-none-eabi/4.9.3/../../../../arm-none-eabi/lib/armv7-m\libc.a(lib_a-locale.o)
                0x0000afcc                _localeconv_r
 .text._malloc_r
                0x0000afd4      0x504 c:/nxp/lpcxpresso_7.6.2_326/lpcxpresso/tools/bin/../lib/gcc/arm-none-eabi/4.9.3/../../../../arm-none-eabi/lib/armv7-m\libc.a(lib_a-mallocr.o)
                0x0000afd4                _malloc_r
 .text.memchr   0x0000b4d8       0x94 c:/nxp/lpcxpresso_7.6.2_326/lpcxpresso/tools/bin/../lib/gcc/arm-none-eabi/4.9.3/../../../../arm-none-eabi/lib/armv7-m\libc.a(lib_a-memchr.o)
                0x0000b4d8                memchr
 .text.__malloc_lock
                0x0000b56c        0x4 c:/nxp/lpcxpresso_7.6.2_326/lpcxpresso/tools/bin/../lib/gcc/arm-none-eabi/4.9.3/../../../../arm-none-eabi/lib/armv7-m\libc.a(lib_a-mlock.o)
                0x0000b56c                __malloc_lock
 .text.__malloc_unlock
                0x0000b570        0x4 c:/nxp/lpcxpresso_7.6.2_326/lpcxpresso/tools/bin/../lib/gcc/arm-none-eabi/4.9.3/../../../../arm-none-eabi/lib/armv7-m\libc.a(lib_a-mlock.o)
                0x0000b570                __malloc_unlock
 .text._Balloc  0x0000b574       0x50 c:/nxp/lpcxpresso_7.6.2_326/lpcxpresso/tools/bin/../lib/gcc/arm-none-eabi/4.9.3/../../../../arm-none-eabi/lib/armv7-m\libc.a(lib_a-mprec.o)
                0x0000b574                _Balloc
 .text._Bfree   0x0000b5c4       0x14 c:/nxp/lpcxpresso_7.6.2_326/lpcxpresso/tools/bin/../lib/gcc/arm-none-eabi/4.9.3/../../../../arm-none-eabi/lib/armv7-m\libc.a(lib_a-mprec.o)
                0x0000b5c4                _Bfree
 .text.__multadd
                0x0000b5d8       0x84 c:/nxp/lpcxpresso_7.6.2_326/lpcxpresso/tools/bin/../lib/gcc/arm-none-eabi/4.9.3/../../../../arm-none-eabi/lib/armv7-m\libc.a(lib_a-mprec.o)
                0x0000b5d8                __multadd
 .text.__hi0bits
                0x0000b65c       0x40 c:/nxp/lpcxpresso_7.6.2_326/lpcxpresso/tools/bin/../lib/gcc/arm-none-eabi/4.9.3/../../../../arm-none-eabi/lib/armv7-m\libc.a(lib_a-mprec.o)
                0x0000b65c                __hi0bits
 .text.__lo0bits
                0x0000b69c       0x5c c:/nxp/lpcxpresso_7.6.2_326/lpcxpresso/tools/bin/../lib/gcc/arm-none-eabi/4.9.3/../../../../arm-none-eabi/lib/armv7-m\libc.a(lib_a-mprec.o)
                0x0000b69c                __lo0bits
 .text.__i2b    0x0000b6f8       0x14 c:/nxp/lpcxpresso_7.6.2_326/lpcxpresso/tools/bin/../lib/gcc/arm-none-eabi/4.9.3/../../../../arm-none-eabi/lib/armv7-m\libc.a(lib_a-mprec.o)
                0x0000b6f8                __i2b
 .text.__multiply
                0x0000b70c      0x140 c:/nxp/lpcxpresso_7.6.2_326/lpcxpresso/tools/bin/../lib/gcc/arm-none-eabi/4.9.3/../../../../arm-none-eabi/lib/armv7-m\libc.a(lib_a-mprec.o)
                0x0000b70c                __multiply
 .text.__pow5mult
                0x0000b84c       0xa0 c:/nxp/lpcxpresso_7.6.2_326/lpcxpresso/tools/bin/../lib/gcc/arm-none-eabi/4.9.3/../../../../arm-none-eabi/lib/armv7-m\libc.a(lib_a-mprec.o)
                0x0000b84c                __pow5mult
 .text.__lshift
                0x0000b8ec       0xb0 c:/nxp/lpcxpresso_7.6.2_326/lpcxpresso/tools/bin/../lib/gcc/arm-none-eabi/4.9.3/../../../../arm-none-eabi/lib/armv7-m\libc.a(lib_a-mprec.o)
                0x0000b8ec                __lshift
 .text.__mcmp   0x0000b99c       0x48 c:/nxp/lpcxpresso_7.6.2_326/lpcxpresso/tools/bin/../lib/gcc/arm-none-eabi/4.9.3/../../../../arm-none-eabi/lib/armv7-m\libc.a(lib_a-mprec.o)
                0x0000b99c                __mcmp
 .text.__mdiff  0x0000b9e4       0xe4 c:/nxp/lpcxpresso_7.6.2_326/lpcxpresso/tools/bin/../lib/gcc/arm-none-eabi/4.9.3/../../../../arm-none-eabi/lib/armv7-m\libc.a(lib_a-mprec.o)
                0x0000b9e4                __mdiff
 .text.__d2b    0x0000bac8       0xa8 c:/nxp/lpcxpresso_7.6.2_326/lpcxpresso/tools/bin/../lib/gcc/arm-none-eabi/4.9.3/../../../../arm-none-eabi/lib/armv7-m\libc.a(lib_a-mprec.o)
                0x0000bac8                __d2b
 .text.__fpclassifyd
                0x0000bb70       0x58 c:/nxp/lpcxpresso_7.6.2_326/lpcxpresso/tools/bin/../lib/gcc/arm-none-eabi/4.9.3/../../../../arm-none-eabi/lib/armv7-m\libc.a(lib_a-s_fpclassify.o)
                0x0000bb70                __fpclassifyd
 .text._sbrk_r  0x0000bbc8       0x24 c:/nxp/lpcxpresso_7.6.2_326/lpcxpresso/tools/bin/../lib/gcc/arm-none-eabi/4.9.3/../../../../arm-none-eabi/lib/armv7-m\libc.a(lib_a-sbrkr.o)
                0x0000bbc8                _sbrk_r
 .text.strlen   0x0000bbec       0x5c c:/nxp/lpcxpresso_7.6.2_326/lpcxpresso/tools/bin/../lib/gcc/arm-none-eabi/4.9.3/../../../../arm-none-eabi/lib/armv7-m\libc.a(lib_a-strlen.o)
                0x0000bbec                strlen
 .text.__ssprint_r
                0x0000bc48      0x104 c:/nxp/lpcxpresso_7.6.2_326/lpcxpresso/tools/bin/../lib/gcc/arm-none-eabi/4.9.3/../../../../arm-none-eabi/lib/armv7-m\libc.a(lib_a-svfiprintf.o)
                0x0000bc48                __ssprint_r
 .text._calloc_r
                0x0000bd4c       0x60 c:/nxp/lpcxpresso_7.6.2_326/lpcxpresso/tools/bin/../lib/gcc/arm-none-eabi/4.9.3/../../../../arm-none-eabi/lib/armv7-m\libc.a(lib_a-callocr.o)
                0x0000bd4c                _calloc_r
 .text.memmove  0x0000bdac       0xc8 c:/nxp/lpcxpresso_7.6.2_326/lpcxpresso/tools/bin/../lib/gcc/arm-none-eabi/4.9.3/../../../../arm-none-eabi/lib/armv7-m\libc.a(lib_a-memmove.o)
                0x0000bdac                memmove
 .text._realloc_r
                0x0000be74      0x3e0 c:/nxp/lpcxpresso_7.6.2_326/lpcxpresso/tools/bin/../lib/gcc/arm-none-eabi/4.9.3/../../../../arm-none-eabi/lib/armv7-m\libc.a(lib_a-reallocr.o)
                0x0000be74                _realloc_r
 .text          0x0000c254      0x370 c:/nxp/lpcxpresso_7.6.2_326/lpcxpresso/tools/bin/../lib/gcc/arm-none-eabi/4.9.3/armv7-m\libgcc.a(_arm_addsubdf3.o)
                0x0000c254                __aeabi_drsub
                0x0000c25c                __aeabi_dsub
                0x0000c25c                __subdf3
                0x0000c260                __aeabi_dadd
                0x0000c260                __adddf3
                0x0000c4d8                __floatunsidf
                0x0000c4d8                __aeabi_ui2d
                0x0000c4f8                __floatsidf
                0x0000c4f8                __aeabi_i2d
                0x0000c51c                __aeabi_f2d
                0x0000c51c                __extendsfdf2
                0x0000c558                __floatundidf
                0x0000c558                __aeabi_ul2d
                0x0000c568                __floatdidf
                0x0000c568                __aeabi_l2d
 .text          0x0000c5c4      0x424 c:/nxp/lpcxpresso_7.6.2_326/lpcxpresso/tools/bin/../lib/gcc/arm-none-eabi/4.9.3/armv7-m\libgcc.a(_arm_muldivdf3.o)
                0x0000c5c4                __aeabi_dmul
                0x0000c5c4                __muldf3
                0x0000c818                __divdf3
                0x0000c818                __aeabi_ddiv
 .text          0x0000c9e8      0x110 c:/nxp/lpcxpresso_7.6.2_326/lpcxpresso/tools/bin/../lib/gcc/arm-none-eabi/4.9.3/armv7-m\libgcc.a(_arm_cmpdf2.o)
                0x0000c9e8                __gtdf2
                0x0000c9e8                __gedf2
                0x0000c9f0                __ltdf2
                0x0000c9f0                __ledf2
                0x0000c9f8                __nedf2
                0x0000c9f8                __eqdf2
                0x0000c9f8                __cmpdf2
                0x0000ca74                __aeabi_cdrcmple
                0x0000ca84                __aeabi_cdcmpeq
                0x0000ca84                __aeabi_cdcmple
                0x0000ca94                __aeabi_dcmpeq
                0x0000caa8                __aeabi_dcmplt
                0x0000cabc                __aeabi_dcmple
                0x0000cad0                __aeabi_dcmpge
                0x0000cae4                __aeabi_dcmpgt
 .text          0x0000caf8       0x50 c:/nxp/lpcxpresso_7.6.2_326/lpcxpresso/tools/bin/../lib/gcc/arm-none-eabi/4.9.3/armv7-m\libgcc.a(_arm_fixdfsi.o)
                0x0000caf8                __aeabi_d2iz
                0x0000caf8                __fixdfsi
 *(.rodata .rodata.* .constdata .constdata.*)
 .rodata.Font5x7
                0x0000cb48      0x300 ./Source/Font5x7.o
                0x0000cb48                Font5x7
 .rodata.WavPlayer_Sample
                0x0000ce48     0xb770 ./Source/Main.o
                0x0000ce48                WavPlayer_Sample
 .rodata.SevenSegmentDecoder
                0x000185b8        0xc ./Source/Main.o
 .rodata        0x000185c4      0x278 ./Source/Main.o
 .rodata.Font_Mask
                0x0001883c        0x8 ./Source/OLED.o
 .rodata        0x00018844       0x18 C:\Temp\DFRobotRTOS_T2_S3_Demo\LibFreeRTOS\Debug\libLibFreeRTOS.a(FreeRTOS_DriverInterface.o)
 .rodata.xAvailablePeripherals
                0x0001885c       0x24 C:\Temp\DFRobotRTOS_T2_S3_Demo\LibFreeRTOS\Debug\libLibFreeRTOS.a(FreeRTOS_DriverInterface.o)
 .rodata        0x00018880       0x20 C:\Temp\DFRobotRTOS_T2_S3_Demo\LibFreeRTOS\Debug\libLibFreeRTOS.a(FreeRTOS_Tasks.o)
 .rodata.ucExpectedStackBytes.5502
                0x000188a0       0x14 C:\Temp\DFRobotRTOS_T2_S3_Demo\LibFreeRTOS\Debug\libLibFreeRTOS.a(FreeRTOS_Tasks.o)
 .rodata        0x000188b4        0x8 C:\Temp\DFRobotRTOS_T2_S3_Demo\LibFreeRTOS\Debug\libLibFreeRTOS.a(FreeRTOS_Timers.o)
 .rodata.xIRQ   0x000188bc        0x4 C:\Temp\DFRobotRTOS_T2_S3_Demo\LibFreeRTOS\Debug\libLibFreeRTOS.a(FreeRTOS_I2C.o)
 .rodata.xIRQ   0x000188c0        0x4 C:\Temp\DFRobotRTOS_T2_S3_Demo\LibFreeRTOS\Debug\libLibFreeRTOS.a(FreeRTOS_SSP.o)
 .rodata.xIRQ   0x000188c4        0x4 C:\Temp\DFRobotRTOS_T2_S3_Demo\LibFreeRTOS\Debug\libLibFreeRTOS.a(FreeRTOS_UART.o)
 .rodata        0x000188c8       0x18 C:\Temp\DFRobotRTOS_T2_S3_Demo\LibLPC17xx\Debug\libLibLPC17xx.a(LPC17xx_DAC.o)
 .rodata        0x000188e0       0x18 C:\Temp\DFRobotRTOS_T2_S3_Demo\LibLPC17xx\Debug\libLibLPC17xx.a(LPC17xx_I2C.o)
 .rodata        0x000188f8       0x18 C:\Temp\DFRobotRTOS_T2_S3_Demo\LibLPC17xx\Debug\libLibLPC17xx.a(LPC17xx_SSP.o)
 .rodata        0x00018910       0x1c C:\Temp\DFRobotRTOS_T2_S3_Demo\LibLPC17xx\Debug\libLibLPC17xx.a(LPC17xx_Timer.o)
 .rodata        0x0001892c       0x1c C:\Temp\DFRobotRTOS_T2_S3_Demo\LibLPC17xx\Debug\libLibLPC17xx.a(LPC17xx_UART.o)
 .rodata.blanks.6794
                0x00018948       0x10 c:/nxp/lpcxpresso_7.6.2_326/lpcxpresso/tools/bin/../lib/gcc/arm-none-eabi/4.9.3/../../../../arm-none-eabi/lib/armv7-m\libc.a(lib_a-svfprintf.o)
 .rodata.str1.4
                0x00018958       0x42 c:/nxp/lpcxpresso_7.6.2_326/lpcxpresso/tools/bin/../lib/gcc/arm-none-eabi/4.9.3/../../../../arm-none-eabi/lib/armv7-m\libc.a(lib_a-svfprintf.o)
                                 0x44 (size before relaxing)
 *fill*         0x0001899a        0x2 
 .rodata.zeroes.6795
                0x0001899c       0x10 c:/nxp/lpcxpresso_7.6.2_326/lpcxpresso/tools/bin/../lib/gcc/arm-none-eabi/4.9.3/../../../../arm-none-eabi/lib/armv7-m\libc.a(lib_a-svfprintf.o)
 .rodata.str1.4
                0x000189ac       0x10 c:/nxp/lpcxpresso_7.6.2_326/lpcxpresso/tools/bin/../lib/gcc/arm-none-eabi/4.9.3/../../../../arm-none-eabi/lib/armv7-m\libc.a(lib_a-dtoa.o)
                                 0x14 (size before relaxing)
 .rodata.str1.4
                0x000189bc        0x2 c:/nxp/lpcxpresso_7.6.2_326/lpcxpresso/tools/bin/../lib/gcc/arm-none-eabi/4.9.3/../../../../arm-none-eabi/lib/armv7-m\libc.a(lib_a-impure.o)
                                  0x4 (size before relaxing)
 *fill*         0x000189be        0x2 
 .rodata.str1.4
                0x000189c0        0xc c:/nxp/lpcxpresso_7.6.2_326/lpcxpresso/tools/bin/../lib/gcc/arm-none-eabi/4.9.3/../../../../arm-none-eabi/lib/armv7-m\libc.a(lib_a-locale.o)
                                 0x14 (size before relaxing)
 *fill*         0x000189cc        0x4 
 .rodata.__mprec_tens
                0x000189d0       0xc8 c:/nxp/lpcxpresso_7.6.2_326/lpcxpresso/tools/bin/../lib/gcc/arm-none-eabi/4.9.3/../../../../arm-none-eabi/lib/armv7-m\libc.a(lib_a-mprec.o)
                0x000189d0                __mprec_tens
 .rodata.__mprec_bigtens
                0x00018a98       0x28 c:/nxp/lpcxpresso_7.6.2_326/lpcxpresso/tools/bin/../lib/gcc/arm-none-eabi/4.9.3/../../../../arm-none-eabi/lib/armv7-m\libc.a(lib_a-mprec.o)
                0x00018a98                __mprec_bigtens
 .rodata.p05.5265
                0x00018ac0        0xc c:/nxp/lpcxpresso_7.6.2_326/lpcxpresso/tools/bin/../lib/gcc/arm-none-eabi/4.9.3/../../../../arm-none-eabi/lib/armv7-m\libc.a(lib_a-mprec.o)
                0x00018acc                . = ALIGN (0x4)

.glue_7         0x00018acc        0x0
 .glue_7        0x00000000        0x0 linker stubs

.glue_7t        0x00018acc        0x0
 .glue_7t       0x00000000        0x0 linker stubs

.vfp11_veneer   0x00018acc        0x0
 .vfp11_veneer  0x00000000        0x0 linker stubs

.v4_bx          0x00018acc        0x0
 .v4_bx         0x00000000        0x0 linker stubs

.iplt           0x00018acc        0x0
 .iplt          0x00000000        0x0 ./Source/Font5x7.o

.ARM.extab
 *(.ARM.extab* .gnu.linkonce.armextab.*)
                0x00018acc                __exidx_start = .

.ARM.exidx      0x00018acc        0x8
 *(.ARM.exidx* .gnu.linkonce.armexidx.*)
 .ARM.exidx     0x00018acc        0x8 c:/nxp/lpcxpresso_7.6.2_326/lpcxpresso/tools/bin/../lib/gcc/arm-none-eabi/4.9.3/armv7-m\libgcc.a(_divdi3.o)
 .ARM.exidx     0x00018ad4        0x0 c:/nxp/lpcxpresso_7.6.2_326/lpcxpresso/tools/bin/../lib/gcc/arm-none-eabi/4.9.3/armv7-m\libgcc.a(_udivdi3.o)
                                  0x8 (size before relaxing)
                0x00018ad4                __exidx_end = .
                0x00018ad4                _etext = .

.rel.dyn        0x00018ad4        0x0
 .rel.iplt      0x00000000        0x0 ./Source/Font5x7.o

.data_RAM2      0x2007c000        0x0 load address 0x00018ad4
 FILL mask 0xff
                0x2007c000                PROVIDE (__start_data_RAM2, .)
 *(.ramfunc.$RAM2)
 *(.ramfunc.$RamAHB32)
 *(.data.$RAM2*)
 *(.data.$RamAHB32*)
                0x2007c000                . = ALIGN (0x4)
                0x2007c000                PROVIDE (__end_data_RAM2, .)

.uninit_RESERVED
                0x10000000        0x0
 *(.bss.$RESERVED*)
                0x10000000                . = ALIGN (0x4)
                0x10000000                _end_uninit_RESERVED = .

.data           0x10000000      0x88c load address 0x00018ad4
 FILL mask 0xff
                0x10000000                _data = .
 *(vtable)
 *(.ramfunc*)
 *(.data*)
 .data.DFR_PWMRate
                0x10000000        0x1 ./Source/dfrobot.o
                0x10000000                DFR_PWMRate
 .data.DFR_Gear
                0x10000001        0x1 ./Source/dfrobot.o
                0x10000001                DFR_Gear
 *fill*         0x10000002        0x2 
 .data.xFreeBytesRemaining
                0x10000004        0x4 C:\Temp\DFRobotRTOS_T2_S3_Demo\LibFreeRTOS\Debug\libLibFreeRTOS.a(FreeRTOS_Heap.o)
 .data.xNextTaskUnblockTime
                0x10000008        0x4 C:\Temp\DFRobotRTOS_T2_S3_Demo\LibFreeRTOS\Debug\libLibFreeRTOS.a(FreeRTOS_Tasks.o)
 .data.uxCriticalNesting
                0x1000000c        0x4 C:\Temp\DFRobotRTOS_T2_S3_Demo\LibFreeRTOS\Debug\libLibFreeRTOS.a(FreeRTOS_Port.o)
 .data.SystemCoreClock
                0x10000010        0x4 C:\Temp\DFRobotRTOS_T2_S3_Demo\LibCMSIS\Debug\libLibCMSIS.a(System_LPC17xx.o)
                0x10000010                SystemCoreClock
 *fill*         0x10000014        0x4 
 .data.impure_data
                0x10000018      0x428 c:/nxp/lpcxpresso_7.6.2_326/lpcxpresso/tools/bin/../lib/gcc/arm-none-eabi/4.9.3/../../../../arm-none-eabi/lib/armv7-m\libc.a(lib_a-impure.o)
 .data._impure_ptr
                0x10000440        0x4 c:/nxp/lpcxpresso_7.6.2_326/lpcxpresso/tools/bin/../lib/gcc/arm-none-eabi/4.9.3/../../../../arm-none-eabi/lib/armv7-m\libc.a(lib_a-impure.o)
                0x10000440                _impure_ptr
 .data.lconv    0x10000444       0x38 c:/nxp/lpcxpresso_7.6.2_326/lpcxpresso/tools/bin/../lib/gcc/arm-none-eabi/4.9.3/../../../../arm-none-eabi/lib/armv7-m\libc.a(lib_a-locale.o)
 .data.__malloc_av_
                0x1000047c      0x408 c:/nxp/lpcxpresso_7.6.2_326/lpcxpresso/tools/bin/../lib/gcc/arm-none-eabi/4.9.3/../../../../arm-none-eabi/lib/armv7-m\libc.a(lib_a-mallocr.o)
                0x1000047c                __malloc_av_
 .data.__malloc_trim_threshold
                0x10000884        0x4 c:/nxp/lpcxpresso_7.6.2_326/lpcxpresso/tools/bin/../lib/gcc/arm-none-eabi/4.9.3/../../../../arm-none-eabi/lib/armv7-m\libc.a(lib_a-mallocr.o)
                0x10000884                __malloc_trim_threshold
 .data.__malloc_sbrk_base
                0x10000888        0x4 c:/nxp/lpcxpresso_7.6.2_326/lpcxpresso/tools/bin/../lib/gcc/arm-none-eabi/4.9.3/../../../../arm-none-eabi/lib/armv7-m\libc.a(lib_a-mallocr.o)
                0x10000888                __malloc_sbrk_base
                0x1000088c                . = ALIGN (0x4)
                0x1000088c                _edata = .

.igot.plt       0x1000088c        0x0 load address 0x00019360
 .igot.plt      0x00000000        0x0 ./Source/Font5x7.o

.bss_RAM2       0x2007c000        0x0
                0x2007c000                PROVIDE (__start_bss_RAM2, .)
 *(.bss.$RAM2*)
 *(.bss.$RamAHB32*)
                0x2007c000                . = ALIGN (0x4)
                0x2007c000                PROVIDE (__end_bss_RAM2, .)

.bss            0x10000890     0x4228
                0x10000890                _bss = .
 *(.bss*)
 .bss.screen    0x10000890       0x40 ./Source/Main.o
 .bss.PERVx     0x100008d0        0x4 ./Source/Main.o
                0x100008d0                PERVx
 .bss.PERVy     0x100008d4        0x4 ./Source/Main.o
                0x100008d4                PERVy
 .bss.PERVrun   0x100008d8        0x4 ./Source/Main.o
                0x100008d8                PERVrun
 .bss.SoftwareTimer
                0x100008dc        0x4 ./Source/Main.o
 .bss.heap_end.4110
                0x100008e0        0x4 ./Source/NoSystem.o
 .bss.ShadowFB  0x100008e4      0x300 ./Source/OLED.o
 .bss.SPIPort   0x10000be4        0x4 ./Source/OLED.o
 .bss.SongPosition
                0x10000be8        0x4 ./Source/WavPlayer.o
                0x10000be8                SongPosition
 .bss.SongLength
                0x10000bec        0x4 ./Source/WavPlayer.o
                0x10000bec                SongLength
 .bss.xHeap     0x10000bf0     0x3c00 C:\Temp\DFRobotRTOS_T2_S3_Demo\LibFreeRTOS\Debug\libLibFreeRTOS.a(FreeRTOS_Heap.o)
 .bss.xStart    0x100047f0        0x8 C:\Temp\DFRobotRTOS_T2_S3_Demo\LibFreeRTOS\Debug\libLibFreeRTOS.a(FreeRTOS_Heap.o)
 .bss.xEnd      0x100047f8        0x8 C:\Temp\DFRobotRTOS_T2_S3_Demo\LibFreeRTOS\Debug\libLibFreeRTOS.a(FreeRTOS_Heap.o)
 .bss.xHeapHasBeenInitialised.4424
                0x10004800        0x4 C:\Temp\DFRobotRTOS_T2_S3_Demo\LibFreeRTOS\Debug\libLibFreeRTOS.a(FreeRTOS_Heap.o)
 .bss.pxCurrentTCB
                0x10004804        0x4 C:\Temp\DFRobotRTOS_T2_S3_Demo\LibFreeRTOS\Debug\libLibFreeRTOS.a(FreeRTOS_Tasks.o)
                0x10004804                pxCurrentTCB
 .bss.pxReadyTasksLists
                0x10004808       0x8c C:\Temp\DFRobotRTOS_T2_S3_Demo\LibFreeRTOS\Debug\libLibFreeRTOS.a(FreeRTOS_Tasks.o)
 .bss.xDelayedTaskList1
                0x10004894       0x14 C:\Temp\DFRobotRTOS_T2_S3_Demo\LibFreeRTOS\Debug\libLibFreeRTOS.a(FreeRTOS_Tasks.o)
 .bss.xDelayedTaskList2
                0x100048a8       0x14 C:\Temp\DFRobotRTOS_T2_S3_Demo\LibFreeRTOS\Debug\libLibFreeRTOS.a(FreeRTOS_Tasks.o)
 .bss.pxDelayedTaskList
                0x100048bc        0x4 C:\Temp\DFRobotRTOS_T2_S3_Demo\LibFreeRTOS\Debug\libLibFreeRTOS.a(FreeRTOS_Tasks.o)
 .bss.pxOverflowDelayedTaskList
                0x100048c0        0x4 C:\Temp\DFRobotRTOS_T2_S3_Demo\LibFreeRTOS\Debug\libLibFreeRTOS.a(FreeRTOS_Tasks.o)
 .bss.xPendingReadyList
                0x100048c4       0x14 C:\Temp\DFRobotRTOS_T2_S3_Demo\LibFreeRTOS\Debug\libLibFreeRTOS.a(FreeRTOS_Tasks.o)
 .bss.xTasksWaitingTermination
                0x100048d8       0x14 C:\Temp\DFRobotRTOS_T2_S3_Demo\LibFreeRTOS\Debug\libLibFreeRTOS.a(FreeRTOS_Tasks.o)
 .bss.uxTasksDeleted
                0x100048ec        0x4 C:\Temp\DFRobotRTOS_T2_S3_Demo\LibFreeRTOS\Debug\libLibFreeRTOS.a(FreeRTOS_Tasks.o)
 .bss.xSuspendedTaskList
                0x100048f0       0x14 C:\Temp\DFRobotRTOS_T2_S3_Demo\LibFreeRTOS\Debug\libLibFreeRTOS.a(FreeRTOS_Tasks.o)
 .bss.uxCurrentNumberOfTasks
                0x10004904        0x4 C:\Temp\DFRobotRTOS_T2_S3_Demo\LibFreeRTOS\Debug\libLibFreeRTOS.a(FreeRTOS_Tasks.o)
 .bss.xTickCount
                0x10004908        0x4 C:\Temp\DFRobotRTOS_T2_S3_Demo\LibFreeRTOS\Debug\libLibFreeRTOS.a(FreeRTOS_Tasks.o)
 .bss.uxTopUsedPriority
                0x1000490c        0x4 C:\Temp\DFRobotRTOS_T2_S3_Demo\LibFreeRTOS\Debug\libLibFreeRTOS.a(FreeRTOS_Tasks.o)
 .bss.uxTopReadyPriority
                0x10004910        0x4 C:\Temp\DFRobotRTOS_T2_S3_Demo\LibFreeRTOS\Debug\libLibFreeRTOS.a(FreeRTOS_Tasks.o)
 .bss.xSchedulerRunning
                0x10004914        0x4 C:\Temp\DFRobotRTOS_T2_S3_Demo\LibFreeRTOS\Debug\libLibFreeRTOS.a(FreeRTOS_Tasks.o)
 .bss.uxSchedulerSuspended
                0x10004918        0x4 C:\Temp\DFRobotRTOS_T2_S3_Demo\LibFreeRTOS\Debug\libLibFreeRTOS.a(FreeRTOS_Tasks.o)
 .bss.uxMissedTicks
                0x1000491c        0x4 C:\Temp\DFRobotRTOS_T2_S3_Demo\LibFreeRTOS\Debug\libLibFreeRTOS.a(FreeRTOS_Tasks.o)
 .bss.xMissedYield
                0x10004920        0x4 C:\Temp\DFRobotRTOS_T2_S3_Demo\LibFreeRTOS\Debug\libLibFreeRTOS.a(FreeRTOS_Tasks.o)
 .bss.xNumOfOverflows
                0x10004924        0x4 C:\Temp\DFRobotRTOS_T2_S3_Demo\LibFreeRTOS\Debug\libLibFreeRTOS.a(FreeRTOS_Tasks.o)
 .bss.uxTCBNumber
                0x10004928        0x4 C:\Temp\DFRobotRTOS_T2_S3_Demo\LibFreeRTOS\Debug\libLibFreeRTOS.a(FreeRTOS_Tasks.o)
 .bss.xActiveTimerList1
                0x1000492c       0x14 C:\Temp\DFRobotRTOS_T2_S3_Demo\LibFreeRTOS\Debug\libLibFreeRTOS.a(FreeRTOS_Timers.o)
 .bss.xActiveTimerList2
                0x10004940       0x14 C:\Temp\DFRobotRTOS_T2_S3_Demo\LibFreeRTOS\Debug\libLibFreeRTOS.a(FreeRTOS_Timers.o)
 .bss.pxCurrentTimerList
                0x10004954        0x4 C:\Temp\DFRobotRTOS_T2_S3_Demo\LibFreeRTOS\Debug\libLibFreeRTOS.a(FreeRTOS_Timers.o)
 .bss.pxOverflowTimerList
                0x10004958        0x4 C:\Temp\DFRobotRTOS_T2_S3_Demo\LibFreeRTOS\Debug\libLibFreeRTOS.a(FreeRTOS_Timers.o)
 .bss.xTimerQueue
                0x1000495c        0x4 C:\Temp\DFRobotRTOS_T2_S3_Demo\LibFreeRTOS\Debug\libLibFreeRTOS.a(FreeRTOS_Timers.o)
 .bss.xLastTime.4043
                0x10004960        0x4 C:\Temp\DFRobotRTOS_T2_S3_Demo\LibFreeRTOS\Debug\libLibFreeRTOS.a(FreeRTOS_Timers.o)
 .bss.pxTxTransferControlStructs
                0x10004964        0xc C:\Temp\DFRobotRTOS_T2_S3_Demo\LibFreeRTOS\Debug\libLibFreeRTOS.a(FreeRTOS_I2C.o)
 .bss.pxRxTransferControlStructs
                0x10004970        0xc C:\Temp\DFRobotRTOS_T2_S3_Demo\LibFreeRTOS\Debug\libLibFreeRTOS.a(FreeRTOS_I2C.o)
 .bss.ucSlaveAddresses
                0x1000497c        0x4 C:\Temp\DFRobotRTOS_T2_S3_Demo\LibFreeRTOS\Debug\libLibFreeRTOS.a(FreeRTOS_I2C.o)
 .bss.xDataDirection
                0x10004980        0x4 C:\Temp\DFRobotRTOS_T2_S3_Demo\LibFreeRTOS\Debug\libLibFreeRTOS.a(FreeRTOS_I2C.o)
 .bss.xBytesOutstanding
                0x10004984        0xc C:\Temp\DFRobotRTOS_T2_S3_Demo\LibFreeRTOS\Debug\libLibFreeRTOS.a(FreeRTOS_I2C.o)
 .bss.pxTxTransferControlStructs
                0x10004990        0x8 C:\Temp\DFRobotRTOS_T2_S3_Demo\LibFreeRTOS\Debug\libLibFreeRTOS.a(FreeRTOS_SSP.o)
 .bss.pxRxTransferControlStructs
                0x10004998        0x8 C:\Temp\DFRobotRTOS_T2_S3_Demo\LibFreeRTOS\Debug\libLibFreeRTOS.a(FreeRTOS_SSP.o)
 .bss.ulReceiveActive
                0x100049a0        0x8 C:\Temp\DFRobotRTOS_T2_S3_Demo\LibFreeRTOS\Debug\libLibFreeRTOS.a(FreeRTOS_SSP.o)
 .bss.xSSPConfigurations
                0x100049a8       0x30 C:\Temp\DFRobotRTOS_T2_S3_Demo\LibFreeRTOS\Debug\libLibFreeRTOS.a(FreeRTOS_SSP.o)
 .bss.pxTxTransferControlStructs
                0x100049d8       0x10 C:\Temp\DFRobotRTOS_T2_S3_Demo\LibFreeRTOS\Debug\libLibFreeRTOS.a(FreeRTOS_UART.o)
 .bss.pxRxTransferControlStructs
                0x100049e8       0x10 C:\Temp\DFRobotRTOS_T2_S3_Demo\LibFreeRTOS\Debug\libLibFreeRTOS.a(FreeRTOS_UART.o)
 .bss.i2cdat    0x100049f8       0x18 C:\Temp\DFRobotRTOS_T2_S3_Demo\LibLPC17xx\Debug\libLibLPC17xx.a(LPC17xx_I2C.o)
 .bss.__malloc_max_total_mem
                0x10004a10        0x4 c:/nxp/lpcxpresso_7.6.2_326/lpcxpresso/tools/bin/../lib/gcc/arm-none-eabi/4.9.3/../../../../arm-none-eabi/lib/armv7-m\libc.a(lib_a-mallocr.o)
                0x10004a10                __malloc_max_total_mem
 .bss.__malloc_max_sbrked_mem
                0x10004a14        0x4 c:/nxp/lpcxpresso_7.6.2_326/lpcxpresso/tools/bin/../lib/gcc/arm-none-eabi/4.9.3/../../../../arm-none-eabi/lib/armv7-m\libc.a(lib_a-mallocr.o)
                0x10004a14                __malloc_max_sbrked_mem
 .bss.__malloc_top_pad
                0x10004a18        0x4 c:/nxp/lpcxpresso_7.6.2_326/lpcxpresso/tools/bin/../lib/gcc/arm-none-eabi/4.9.3/../../../../arm-none-eabi/lib/armv7-m\libc.a(lib_a-mallocr.o)
                0x10004a18                __malloc_top_pad
 .bss.__malloc_current_mallinfo
                0x10004a1c       0x28 c:/nxp/lpcxpresso_7.6.2_326/lpcxpresso/tools/bin/../lib/gcc/arm-none-eabi/4.9.3/../../../../arm-none-eabi/lib/armv7-m\libc.a(lib_a-mallocr.o)
                0x10004a1c                __malloc_current_mallinfo
 *(COMMON)
 COMMON         0x10004a44       0x1c ./Source/Main.o
                0x10004a44                Hours
                0x10004a48                spiFlag
                0x10004a4c                screentop
                0x10004a50                ledFlag
                0x10004a54                SPIPort
                0x10004a58                Minutes
                0x10004a59                Seconds
                0x10004a5c                PERVdata
 COMMON         0x10004a60        0x4 ./Source/WavPlayer.o
                0x10004a60                SongPointer
 COMMON         0x10004a64       0x50 C:\Temp\DFRobotRTOS_T2_S3_Demo\LibFreeRTOS\Debug\libLibFreeRTOS.a(FreeRTOS_Queue.o)
                0x10004a64                xQueueRegistry
 COMMON         0x10004ab4        0x4 c:/nxp/lpcxpresso_7.6.2_326/lpcxpresso/tools/bin/../lib/gcc/arm-none-eabi/4.9.3/../../../../arm-none-eabi/lib/armv7-m\libc.a(lib_a-reent.o)
                0x10004ab4                errno
                0x10004ab8                . = ALIGN (0x4)
                0x10004ab8                _ebss = .
                0x10004ab8                PROVIDE (end, .)

.noinit_RAM2    0x2007c000        0x0
 *(.noinit.$RAM2*)
 *(.noinit.$RamAHB32*)
                0x2007c000                . = ALIGN (0x4)

.noinit         0x10004ab8        0x0
                0x10004ab8                _noinit = .
 *(.noinit*)
                0x10004ab8                . = ALIGN (0x4)
                0x10004ab8                _end_noinit = .
                0x10004ab8                PROVIDE (_pvHeapStart, DEFINED (__user_heap_base)?__user_heap_base:.)
                0x10008000                PROVIDE (_vStackTop, DEFINED (__user_stack_top)?__user_stack_top:(__top_RamLoc32 - 0x0))
OUTPUT(FreeRTOSProject.axf elf32-littlearm)

.debug_info     0x00000000     0xf5ae
 .debug_info    0x00000000       0x5d ./Source/Font5x7.o
 .debug_info    0x0000005d      0xa7d ./Source/Main.o
 .debug_info    0x00000ada      0x65a ./Source/NoSystem.o
 .debug_info    0x00001134      0x611 ./Source/OLED.o
 .debug_info    0x00001745      0x32d ./Source/Startup.o
 .debug_info    0x00001a72      0x987 ./Source/WavPlayer.o
 .debug_info    0x000023f9      0xc16 ./Source/dfrobot.o
 .debug_info    0x0000300f      0x126 ./Source/joystick.o
 .debug_info    0x00003135      0x610 ./Source/pca9532.o
 .debug_info    0x00003745      0x6fe C:\Temp\DFRobotRTOS_T2_S3_Demo\LibFreeRTOS\Debug\libLibFreeRTOS.a(FreeRTOS_DriverInterface.o)
 .debug_info    0x00003e43      0x2bb C:\Temp\DFRobotRTOS_T2_S3_Demo\LibFreeRTOS\Debug\libLibFreeRTOS.a(FreeRTOS_Heap.o)
 .debug_info    0x000040fe      0x5fc C:\Temp\DFRobotRTOS_T2_S3_Demo\LibFreeRTOS\Debug\libLibFreeRTOS.a(FreeRTOS_IOUtilsCharQueueTxAndRx.o)
 .debug_info    0x000046fa      0x4af C:\Temp\DFRobotRTOS_T2_S3_Demo\LibFreeRTOS\Debug\libLibFreeRTOS.a(FreeRTOS_IOUtilsCircularBufferRx.o)
 .debug_info    0x00004ba9      0x41f C:\Temp\DFRobotRTOS_T2_S3_Demo\LibFreeRTOS\Debug\libLibFreeRTOS.a(FreeRTOS_IOUtilsZeroCopyTx.o)
 .debug_info    0x00004fc8      0x9bf C:\Temp\DFRobotRTOS_T2_S3_Demo\LibFreeRTOS\Debug\libLibFreeRTOS.a(FreeRTOS_Queue.o)
 .debug_info    0x00005987      0xfb6 C:\Temp\DFRobotRTOS_T2_S3_Demo\LibFreeRTOS\Debug\libLibFreeRTOS.a(FreeRTOS_Tasks.o)
 .debug_info    0x0000693d      0x6f9 C:\Temp\DFRobotRTOS_T2_S3_Demo\LibFreeRTOS\Debug\libLibFreeRTOS.a(FreeRTOS_Timers.o)
 .debug_info    0x00007036      0x2d8 C:\Temp\DFRobotRTOS_T2_S3_Demo\LibFreeRTOS\Debug\libLibFreeRTOS.a(LPC17xx_DriverInterface.o)
 .debug_info    0x0000730e      0xf11 C:\Temp\DFRobotRTOS_T2_S3_Demo\LibFreeRTOS\Debug\libLibFreeRTOS.a(FreeRTOS_I2C.o)
 .debug_info    0x0000821f      0x293 C:\Temp\DFRobotRTOS_T2_S3_Demo\LibFreeRTOS\Debug\libLibFreeRTOS.a(FreeRTOS_IOUtils.o)
 .debug_info    0x000084b2      0x287 C:\Temp\DFRobotRTOS_T2_S3_Demo\LibFreeRTOS\Debug\libLibFreeRTOS.a(FreeRTOS_List.o)
 .debug_info    0x00008739      0x1f3 C:\Temp\DFRobotRTOS_T2_S3_Demo\LibFreeRTOS\Debug\libLibFreeRTOS.a(FreeRTOS_Port.o)
 .debug_info    0x0000892c      0xcd5 C:\Temp\DFRobotRTOS_T2_S3_Demo\LibFreeRTOS\Debug\libLibFreeRTOS.a(FreeRTOS_SSP.o)
 .debug_info    0x00009601     0x10ee C:\Temp\DFRobotRTOS_T2_S3_Demo\LibFreeRTOS\Debug\libLibFreeRTOS.a(FreeRTOS_UART.o)
 .debug_info    0x0000a6ef      0x65c C:\Temp\DFRobotRTOS_T2_S3_Demo\LibLPC17xx\Debug\libLibLPC17xx.a(LPC17xx_ClockPower.o)
 .debug_info    0x0000ad4b       0xdb C:\Temp\DFRobotRTOS_T2_S3_Demo\LibLPC17xx\Debug\libLibLPC17xx.a(LPC17xx_Config.o)
 .debug_info    0x0000ae26      0x28d C:\Temp\DFRobotRTOS_T2_S3_Demo\LibLPC17xx\Debug\libLibLPC17xx.a(LPC17xx_DAC.o)
 .debug_info    0x0000b0b3      0xd5d C:\Temp\DFRobotRTOS_T2_S3_Demo\LibLPC17xx\Debug\libLibLPC17xx.a(LPC17xx_GPIO.o)
 .debug_info    0x0000be10      0xe46 C:\Temp\DFRobotRTOS_T2_S3_Demo\LibLPC17xx\Debug\libLibLPC17xx.a(LPC17xx_I2C.o)
 .debug_info    0x0000cc56      0x478 C:\Temp\DFRobotRTOS_T2_S3_Demo\LibLPC17xx\Debug\libLibLPC17xx.a(LPC17xx_PinSelect.o)
 .debug_info    0x0000d0ce      0x731 C:\Temp\DFRobotRTOS_T2_S3_Demo\LibLPC17xx\Debug\libLibLPC17xx.a(LPC17xx_SSP.o)
 .debug_info    0x0000d7ff      0x838 C:\Temp\DFRobotRTOS_T2_S3_Demo\LibLPC17xx\Debug\libLibLPC17xx.a(LPC17xx_Timer.o)
 .debug_info    0x0000e037     0x1091 C:\Temp\DFRobotRTOS_T2_S3_Demo\LibLPC17xx\Debug\libLibLPC17xx.a(LPC17xx_UART.o)
 .debug_info    0x0000f0c8      0x4e6 C:\Temp\DFRobotRTOS_T2_S3_Demo\LibCMSIS\Debug\libLibCMSIS.a(System_LPC17xx.o)

.debug_abbrev   0x00000000     0x325a
 .debug_abbrev  0x00000000       0x48 ./Source/Font5x7.o
 .debug_abbrev  0x00000048      0x249 ./Source/Main.o
 .debug_abbrev  0x00000291      0x11d ./Source/NoSystem.o
 .debug_abbrev  0x000003ae      0x1db ./Source/OLED.o
 .debug_abbrev  0x00000589      0x130 ./Source/Startup.o
 .debug_abbrev  0x000006b9      0x1db ./Source/WavPlayer.o
 .debug_abbrev  0x00000894      0x265 ./Source/dfrobot.o
 .debug_abbrev  0x00000af9       0x95 ./Source/joystick.o
 .debug_abbrev  0x00000b8e      0x1d3 ./Source/pca9532.o
 .debug_abbrev  0x00000d61      0x168 C:\Temp\DFRobotRTOS_T2_S3_Demo\LibFreeRTOS\Debug\libLibFreeRTOS.a(FreeRTOS_DriverInterface.o)
 .debug_abbrev  0x00000ec9      0x16d C:\Temp\DFRobotRTOS_T2_S3_Demo\LibFreeRTOS\Debug\libLibFreeRTOS.a(FreeRTOS_Heap.o)
 .debug_abbrev  0x00001036      0x108 C:\Temp\DFRobotRTOS_T2_S3_Demo\LibFreeRTOS\Debug\libLibFreeRTOS.a(FreeRTOS_IOUtilsCharQueueTxAndRx.o)
 .debug_abbrev  0x0000113e      0x108 C:\Temp\DFRobotRTOS_T2_S3_Demo\LibFreeRTOS\Debug\libLibFreeRTOS.a(FreeRTOS_IOUtilsCircularBufferRx.o)
 .debug_abbrev  0x00001246       0xf0 C:\Temp\DFRobotRTOS_T2_S3_Demo\LibFreeRTOS\Debug\libLibFreeRTOS.a(FreeRTOS_IOUtilsZeroCopyTx.o)
 .debug_abbrev  0x00001336      0x1bb C:\Temp\DFRobotRTOS_T2_S3_Demo\LibFreeRTOS\Debug\libLibFreeRTOS.a(FreeRTOS_Queue.o)
 .debug_abbrev  0x000014f1      0x1ec C:\Temp\DFRobotRTOS_T2_S3_Demo\LibFreeRTOS\Debug\libLibFreeRTOS.a(FreeRTOS_Tasks.o)
 .debug_abbrev  0x000016dd      0x190 C:\Temp\DFRobotRTOS_T2_S3_Demo\LibFreeRTOS\Debug\libLibFreeRTOS.a(FreeRTOS_Timers.o)
 .debug_abbrev  0x0000186d       0xd6 C:\Temp\DFRobotRTOS_T2_S3_Demo\LibFreeRTOS\Debug\libLibFreeRTOS.a(LPC17xx_DriverInterface.o)
 .debug_abbrev  0x00001943      0x21c C:\Temp\DFRobotRTOS_T2_S3_Demo\LibFreeRTOS\Debug\libLibFreeRTOS.a(FreeRTOS_I2C.o)
 .debug_abbrev  0x00001b5f       0xb4 C:\Temp\DFRobotRTOS_T2_S3_Demo\LibFreeRTOS\Debug\libLibFreeRTOS.a(FreeRTOS_IOUtils.o)
 .debug_abbrev  0x00001c13       0xbf C:\Temp\DFRobotRTOS_T2_S3_Demo\LibFreeRTOS\Debug\libLibFreeRTOS.a(FreeRTOS_List.o)
 .debug_abbrev  0x00001cd2      0x11f C:\Temp\DFRobotRTOS_T2_S3_Demo\LibFreeRTOS\Debug\libLibFreeRTOS.a(FreeRTOS_Port.o)
 .debug_abbrev  0x00001df1      0x21b C:\Temp\DFRobotRTOS_T2_S3_Demo\LibFreeRTOS\Debug\libLibFreeRTOS.a(FreeRTOS_SSP.o)
 .debug_abbrev  0x0000200c      0x278 C:\Temp\DFRobotRTOS_T2_S3_Demo\LibFreeRTOS\Debug\libLibFreeRTOS.a(FreeRTOS_UART.o)
 .debug_abbrev  0x00002284      0x1ca C:\Temp\DFRobotRTOS_T2_S3_Demo\LibLPC17xx\Debug\libLibLPC17xx.a(LPC17xx_ClockPower.o)
 .debug_abbrev  0x0000244e       0x6c C:\Temp\DFRobotRTOS_T2_S3_Demo\LibLPC17xx\Debug\libLibLPC17xx.a(LPC17xx_Config.o)
 .debug_abbrev  0x000024ba       0xee C:\Temp\DFRobotRTOS_T2_S3_Demo\LibLPC17xx\Debug\libLibLPC17xx.a(LPC17xx_DAC.o)
 .debug_abbrev  0x000025a8      0x20f C:\Temp\DFRobotRTOS_T2_S3_Demo\LibLPC17xx\Debug\libLibLPC17xx.a(LPC17xx_GPIO.o)
 .debug_abbrev  0x000027b7      0x27f C:\Temp\DFRobotRTOS_T2_S3_Demo\LibLPC17xx\Debug\libLibLPC17xx.a(LPC17xx_I2C.o)
 .debug_abbrev  0x00002a36      0x127 C:\Temp\DFRobotRTOS_T2_S3_Demo\LibLPC17xx\Debug\libLibLPC17xx.a(LPC17xx_PinSelect.o)
 .debug_abbrev  0x00002b5d      0x1c5 C:\Temp\DFRobotRTOS_T2_S3_Demo\LibLPC17xx\Debug\libLibLPC17xx.a(LPC17xx_SSP.o)
 .debug_abbrev  0x00002d22      0x1f8 C:\Temp\DFRobotRTOS_T2_S3_Demo\LibLPC17xx\Debug\libLibLPC17xx.a(LPC17xx_Timer.o)
 .debug_abbrev  0x00002f1a      0x211 C:\Temp\DFRobotRTOS_T2_S3_Demo\LibLPC17xx\Debug\libLibLPC17xx.a(LPC17xx_UART.o)
 .debug_abbrev  0x0000312b      0x12f C:\Temp\DFRobotRTOS_T2_S3_Demo\LibCMSIS\Debug\libLibCMSIS.a(System_LPC17xx.o)

.debug_aranges  0x00000000      0xfa0
 .debug_aranges
                0x00000000       0x18 ./Source/Font5x7.o
 .debug_aranges
                0x00000018       0xa0 ./Source/Main.o
 .debug_aranges
                0x000000b8       0xb0 ./Source/NoSystem.o
 .debug_aranges
                0x00000168       0x60 ./Source/OLED.o
 .debug_aranges
                0x000001c8       0x88 ./Source/Startup.o
 .debug_aranges
                0x00000250       0x58 ./Source/WavPlayer.o
 .debug_aranges
                0x000002a8      0x118 ./Source/dfrobot.o
 .debug_aranges
                0x000003c0       0x28 ./Source/joystick.o
 .debug_aranges
                0x000003e8       0x80 ./Source/pca9532.o
 .debug_aranges
                0x00000468       0x28 C:\Temp\DFRobotRTOS_T2_S3_Demo\LibFreeRTOS\Debug\libLibFreeRTOS.a(FreeRTOS_DriverInterface.o)
 .debug_aranges
                0x00000490       0x38 C:\Temp\DFRobotRTOS_T2_S3_Demo\LibFreeRTOS\Debug\libLibFreeRTOS.a(FreeRTOS_Heap.o)
 .debug_aranges
                0x000004c8       0x50 C:\Temp\DFRobotRTOS_T2_S3_Demo\LibFreeRTOS\Debug\libLibFreeRTOS.a(FreeRTOS_IOUtilsCharQueueTxAndRx.o)
 .debug_aranges
                0x00000518       0x38 C:\Temp\DFRobotRTOS_T2_S3_Demo\LibFreeRTOS\Debug\libLibFreeRTOS.a(FreeRTOS_IOUtilsCircularBufferRx.o)
 .debug_aranges
                0x00000550       0x30 C:\Temp\DFRobotRTOS_T2_S3_Demo\LibFreeRTOS\Debug\libLibFreeRTOS.a(FreeRTOS_IOUtilsZeroCopyTx.o)
 .debug_aranges
                0x00000580       0xe8 C:\Temp\DFRobotRTOS_T2_S3_Demo\LibFreeRTOS\Debug\libLibFreeRTOS.a(FreeRTOS_Queue.o)
 .debug_aranges
                0x00000668      0x168 C:\Temp\DFRobotRTOS_T2_S3_Demo\LibFreeRTOS\Debug\libLibFreeRTOS.a(FreeRTOS_Tasks.o)
 .debug_aranges
                0x000007d0       0x88 C:\Temp\DFRobotRTOS_T2_S3_Demo\LibFreeRTOS\Debug\libLibFreeRTOS.a(FreeRTOS_Timers.o)
 .debug_aranges
                0x00000858       0x20 C:\Temp\DFRobotRTOS_T2_S3_Demo\LibFreeRTOS\Debug\libLibFreeRTOS.a(LPC17xx_DriverInterface.o)
 .debug_aranges
                0x00000878       0x58 C:\Temp\DFRobotRTOS_T2_S3_Demo\LibFreeRTOS\Debug\libLibFreeRTOS.a(FreeRTOS_I2C.o)
 .debug_aranges
                0x000008d0       0x20 C:\Temp\DFRobotRTOS_T2_S3_Demo\LibFreeRTOS\Debug\libLibFreeRTOS.a(FreeRTOS_IOUtils.o)
 .debug_aranges
                0x000008f0       0x40 C:\Temp\DFRobotRTOS_T2_S3_Demo\LibFreeRTOS\Debug\libLibFreeRTOS.a(FreeRTOS_List.o)
 .debug_aranges
                0x00000930       0x70 C:\Temp\DFRobotRTOS_T2_S3_Demo\LibFreeRTOS\Debug\libLibFreeRTOS.a(FreeRTOS_Port.o)
 .debug_aranges
                0x000009a0       0x60 C:\Temp\DFRobotRTOS_T2_S3_Demo\LibFreeRTOS\Debug\libLibFreeRTOS.a(FreeRTOS_SSP.o)
 .debug_aranges
                0x00000a00       0x60 C:\Temp\DFRobotRTOS_T2_S3_Demo\LibFreeRTOS\Debug\libLibFreeRTOS.a(FreeRTOS_UART.o)
 .debug_aranges
                0x00000a60       0x58 C:\Temp\DFRobotRTOS_T2_S3_Demo\LibLPC17xx\Debug\libLibLPC17xx.a(LPC17xx_ClockPower.o)
 .debug_aranges
                0x00000ab8       0x20 C:\Temp\DFRobotRTOS_T2_S3_Demo\LibLPC17xx\Debug\libLibLPC17xx.a(LPC17xx_Config.o)
 .debug_aranges
                0x00000ad8       0x40 C:\Temp\DFRobotRTOS_T2_S3_Demo\LibLPC17xx\Debug\libLibLPC17xx.a(LPC17xx_DAC.o)
 .debug_aranges
                0x00000b18       0xf8 C:\Temp\DFRobotRTOS_T2_S3_Demo\LibLPC17xx\Debug\libLibLPC17xx.a(LPC17xx_GPIO.o)
 .debug_aranges
                0x00000c10       0xe0 C:\Temp\DFRobotRTOS_T2_S3_Demo\LibLPC17xx\Debug\libLibLPC17xx.a(LPC17xx_I2C.o)
 .debug_aranges
                0x00000cf0       0x48 C:\Temp\DFRobotRTOS_T2_S3_Demo\LibLPC17xx\Debug\libLibLPC17xx.a(LPC17xx_PinSelect.o)
 .debug_aranges
                0x00000d38       0xa8 C:\Temp\DFRobotRTOS_T2_S3_Demo\LibLPC17xx\Debug\libLibLPC17xx.a(LPC17xx_SSP.o)
 .debug_aranges
                0x00000de0       0x98 C:\Temp\DFRobotRTOS_T2_S3_Demo\LibLPC17xx\Debug\libLibLPC17xx.a(LPC17xx_Timer.o)
 .debug_aranges
                0x00000e78      0x100 C:\Temp\DFRobotRTOS_T2_S3_Demo\LibLPC17xx\Debug\libLibLPC17xx.a(LPC17xx_UART.o)
 .debug_aranges
                0x00000f78       0x28 C:\Temp\DFRobotRTOS_T2_S3_Demo\LibCMSIS\Debug\libLibCMSIS.a(System_LPC17xx.o)

.debug_macro    0x00000000     0x896a
 .debug_macro   0x00000000      0x6b0 ./Source/Font5x7.o
 .debug_macro   0x000006b0      0x86e ./Source/Font5x7.o
 .debug_macro   0x00000f1e      0x2ad ./Source/Main.o
 .debug_macro   0x000011cb      0x166 ./Source/Main.o
 .debug_macro   0x00001331       0x46 ./Source/Main.o
 .debug_macro   0x00001377       0x22 ./Source/Main.o
 .debug_macro   0x00001399       0x44 ./Source/Main.o
 .debug_macro   0x000013dd       0x1c ./Source/Main.o
 .debug_macro   0x000013f9      0x1f7 ./Source/Main.o
 .debug_macro   0x000015f0      0x136 ./Source/Main.o
 .debug_macro   0x00001726       0x9a ./Source/Main.o
 .debug_macro   0x000017c0       0x12 ./Source/Main.o
 .debug_macro   0x000017d2       0x1c ./Source/Main.o
 .debug_macro   0x000017ee      0x19e ./Source/Main.o
 .debug_macro   0x0000198c       0x9a ./Source/Main.o
 .debug_macro   0x00001a26       0xc6 ./Source/Main.o
 .debug_macro   0x00001aec       0x1c ./Source/Main.o
 .debug_macro   0x00001b08       0x34 ./Source/Main.o
 .debug_macro   0x00001b3c       0x18 ./Source/Main.o
 .debug_macro   0x00001b54      0x734 ./Source/Main.o
 .debug_macro   0x00002288      0x2d5 ./Source/Main.o
 .debug_macro   0x0000255d       0x5f ./Source/Main.o
 .debug_macro   0x000025bc      0x33e ./Source/Main.o
 .debug_macro   0x000028fa      0x2a7 ./Source/Main.o
 .debug_macro   0x00002ba1      0x1eb ./Source/Main.o
 .debug_macro   0x00002d8c      0x15a ./Source/Main.o
 .debug_macro   0x00002ee6       0x44 ./Source/Main.o
 .debug_macro   0x00002f2a       0x53 ./Source/Main.o
 .debug_macro   0x00002f7d       0x95 ./Source/Main.o
 .debug_macro   0x00003012       0x5b ./Source/Main.o
 .debug_macro   0x0000306d       0x70 ./Source/Main.o
 .debug_macro   0x000030dd       0x58 ./Source/Main.o
 .debug_macro   0x00003135       0x35 ./Source/Main.o
 .debug_macro   0x0000316a       0x9c ./Source/Main.o
 .debug_macro   0x00003206       0x16 ./Source/Main.o
 .debug_macro   0x0000321c       0x35 ./Source/Main.o
 .debug_macro   0x00003251      0x29d ./Source/Main.o
 .debug_macro   0x000034ee       0x10 ./Source/Main.o
 .debug_macro   0x000034fe       0x52 ./Source/Main.o
 .debug_macro   0x00003550       0x16 ./Source/Main.o
 .debug_macro   0x00003566       0x43 ./Source/Main.o
 .debug_macro   0x000035a9      0x180 ./Source/Main.o
 .debug_macro   0x00003729       0x10 ./Source/Main.o
 .debug_macro   0x00003739       0x22 ./Source/Main.o
 .debug_macro   0x0000375b       0xbd ./Source/Main.o
 .debug_macro   0x00003818       0x16 ./Source/Main.o
 .debug_macro   0x0000382e      0x16d ./Source/Main.o
 .debug_macro   0x0000399b       0x16 ./Source/Main.o
 .debug_macro   0x000039b1       0x46 ./Source/Main.o
 .debug_macro   0x000039f7       0x34 ./Source/Main.o
 .debug_macro   0x00003a2b       0xb2 ./Source/Main.o
 .debug_macro   0x00003add       0x28 ./Source/Main.o
 .debug_macro   0x00003b05       0x16 ./Source/Main.o
 .debug_macro   0x00003b1b      0x168 ./Source/NoSystem.o
 .debug_macro   0x00003c83       0x60 ./Source/NoSystem.o
 .debug_macro   0x00003ce3       0x10 ./Source/NoSystem.o
 .debug_macro   0x00003cf3      0x23b ./Source/NoSystem.o
 .debug_macro   0x00003f2e       0x10 ./Source/NoSystem.o
 .debug_macro   0x00003f3e       0x10 ./Source/NoSystem.o
 .debug_macro   0x00003f4e       0x10 ./Source/NoSystem.o
 .debug_macro   0x00003f5e       0xb7 ./Source/NoSystem.o
 .debug_macro   0x00004015       0x35 ./Source/NoSystem.o
 .debug_macro   0x0000404a      0x121 ./Source/NoSystem.o
 .debug_macro   0x0000416b      0x249 ./Source/OLED.o
 .debug_macro   0x000043b4       0x4a ./Source/OLED.o
 .debug_macro   0x000043fe       0x10 ./Source/OLED.o
 .debug_macro   0x0000440e       0x61 ./Source/Startup.o
 .debug_macro   0x0000446f      0x18e ./Source/WavPlayer.o
 .debug_macro   0x000045fd       0x66 ./Source/WavPlayer.o
 .debug_macro   0x00004663       0x40 ./Source/WavPlayer.o
 .debug_macro   0x000046a3      0x146 ./Source/WavPlayer.o
 .debug_macro   0x000047e9       0x40 ./Source/WavPlayer.o
 .debug_macro   0x00004829       0xef ./Source/WavPlayer.o
 .debug_macro   0x00004918      0x13c ./Source/WavPlayer.o
 .debug_macro   0x00004a54      0x344 ./Source/WavPlayer.o
 .debug_macro   0x00004d98       0xea ./Source/dfrobot.o
 .debug_macro   0x00004e82       0x40 ./Source/dfrobot.o
 .debug_macro   0x00004ec2       0xe9 ./Source/dfrobot.o
 .debug_macro   0x00004fab       0xee ./Source/dfrobot.o
 .debug_macro   0x00005099       0xa5 ./Source/joystick.o
 .debug_macro   0x0000513e       0xc3 ./Source/pca9532.o
 .debug_macro   0x00005201      0x1e5 ./Source/pca9532.o
 .debug_macro   0x000053e6      0x224 C:\Temp\DFRobotRTOS_T2_S3_Demo\LibFreeRTOS\Debug\libLibFreeRTOS.a(FreeRTOS_DriverInterface.o)
 .debug_macro   0x0000560a       0x2e C:\Temp\DFRobotRTOS_T2_S3_Demo\LibFreeRTOS\Debug\libLibFreeRTOS.a(FreeRTOS_DriverInterface.o)
 .debug_macro   0x00005638       0x1c C:\Temp\DFRobotRTOS_T2_S3_Demo\LibFreeRTOS\Debug\libLibFreeRTOS.a(FreeRTOS_DriverInterface.o)
 .debug_macro   0x00005654       0x28 C:\Temp\DFRobotRTOS_T2_S3_Demo\LibFreeRTOS\Debug\libLibFreeRTOS.a(FreeRTOS_DriverInterface.o)
 .debug_macro   0x0000567c      0x175 C:\Temp\DFRobotRTOS_T2_S3_Demo\LibFreeRTOS\Debug\libLibFreeRTOS.a(FreeRTOS_Heap.o)
 .debug_macro   0x000057f1       0x16 C:\Temp\DFRobotRTOS_T2_S3_Demo\LibFreeRTOS\Debug\libLibFreeRTOS.a(FreeRTOS_Heap.o)
 .debug_macro   0x00005807      0x10e C:\Temp\DFRobotRTOS_T2_S3_Demo\LibFreeRTOS\Debug\libLibFreeRTOS.a(FreeRTOS_Heap.o)
 .debug_macro   0x00005915       0x7f C:\Temp\DFRobotRTOS_T2_S3_Demo\LibFreeRTOS\Debug\libLibFreeRTOS.a(FreeRTOS_Heap.o)
 .debug_macro   0x00005994       0x16 C:\Temp\DFRobotRTOS_T2_S3_Demo\LibFreeRTOS\Debug\libLibFreeRTOS.a(FreeRTOS_Heap.o)
 .debug_macro   0x000059aa       0x29 C:\Temp\DFRobotRTOS_T2_S3_Demo\LibFreeRTOS\Debug\libLibFreeRTOS.a(FreeRTOS_Heap.o)
 .debug_macro   0x000059d3      0x1a8 C:\Temp\DFRobotRTOS_T2_S3_Demo\LibFreeRTOS\Debug\libLibFreeRTOS.a(FreeRTOS_IOUtilsCharQueueTxAndRx.o)
 .debug_macro   0x00005b7b      0x1a8 C:\Temp\DFRobotRTOS_T2_S3_Demo\LibFreeRTOS\Debug\libLibFreeRTOS.a(FreeRTOS_IOUtilsCircularBufferRx.o)
 .debug_macro   0x00005d23      0x1ac C:\Temp\DFRobotRTOS_T2_S3_Demo\LibFreeRTOS\Debug\libLibFreeRTOS.a(FreeRTOS_IOUtilsZeroCopyTx.o)
 .debug_macro   0x00005ecf      0x200 C:\Temp\DFRobotRTOS_T2_S3_Demo\LibFreeRTOS\Debug\libLibFreeRTOS.a(FreeRTOS_Queue.o)
 .debug_macro   0x000060cf      0x237 C:\Temp\DFRobotRTOS_T2_S3_Demo\LibFreeRTOS\Debug\libLibFreeRTOS.a(FreeRTOS_Tasks.o)
 .debug_macro   0x00006306       0x97 C:\Temp\DFRobotRTOS_T2_S3_Demo\LibFreeRTOS\Debug\libLibFreeRTOS.a(FreeRTOS_Tasks.o)
 .debug_macro   0x0000639d       0xef C:\Temp\DFRobotRTOS_T2_S3_Demo\LibFreeRTOS\Debug\libLibFreeRTOS.a(FreeRTOS_Tasks.o)
 .debug_macro   0x0000648c       0x16 C:\Temp\DFRobotRTOS_T2_S3_Demo\LibFreeRTOS\Debug\libLibFreeRTOS.a(FreeRTOS_Tasks.o)
 .debug_macro   0x000064a2       0xe4 C:\Temp\DFRobotRTOS_T2_S3_Demo\LibFreeRTOS\Debug\libLibFreeRTOS.a(FreeRTOS_Timers.o)
 .debug_macro   0x00006586       0xec C:\Temp\DFRobotRTOS_T2_S3_Demo\LibFreeRTOS\Debug\libLibFreeRTOS.a(LPC17xx_DriverInterface.o)
 .debug_macro   0x00006672      0x19a C:\Temp\DFRobotRTOS_T2_S3_Demo\LibFreeRTOS\Debug\libLibFreeRTOS.a(FreeRTOS_I2C.o)
 .debug_macro   0x0000680c      0x1ac C:\Temp\DFRobotRTOS_T2_S3_Demo\LibFreeRTOS\Debug\libLibFreeRTOS.a(FreeRTOS_IOUtils.o)
 .debug_macro   0x000069b8      0x148 C:\Temp\DFRobotRTOS_T2_S3_Demo\LibFreeRTOS\Debug\libLibFreeRTOS.a(FreeRTOS_List.o)
 .debug_macro   0x00006b00       0xf8 C:\Temp\DFRobotRTOS_T2_S3_Demo\LibFreeRTOS\Debug\libLibFreeRTOS.a(FreeRTOS_Port.o)
 .debug_macro   0x00006bf8      0x1b2 C:\Temp\DFRobotRTOS_T2_S3_Demo\LibFreeRTOS\Debug\libLibFreeRTOS.a(FreeRTOS_SSP.o)
 .debug_macro   0x00006daa      0x1a6 C:\Temp\DFRobotRTOS_T2_S3_Demo\LibFreeRTOS\Debug\libLibFreeRTOS.a(FreeRTOS_UART.o)
 .debug_macro   0x00006f50       0x9c C:\Temp\DFRobotRTOS_T2_S3_Demo\LibLPC17xx\Debug\libLibLPC17xx.a(LPC17xx_ClockPower.o)
 .debug_macro   0x00006fec      0x2f6 C:\Temp\DFRobotRTOS_T2_S3_Demo\LibLPC17xx\Debug\libLibLPC17xx.a(LPC17xx_ClockPower.o)
 .debug_macro   0x000072e2       0x69 C:\Temp\DFRobotRTOS_T2_S3_Demo\LibLPC17xx\Debug\libLibLPC17xx.a(LPC17xx_Config.o)
 .debug_macro   0x0000734b       0xd5 C:\Temp\DFRobotRTOS_T2_S3_Demo\LibLPC17xx\Debug\libLibLPC17xx.a(LPC17xx_Config.o)
 .debug_macro   0x00007420       0xae C:\Temp\DFRobotRTOS_T2_S3_Demo\LibLPC17xx\Debug\libLibLPC17xx.a(LPC17xx_DAC.o)
 .debug_macro   0x000074ce       0x3a C:\Temp\DFRobotRTOS_T2_S3_Demo\LibLPC17xx\Debug\libLibLPC17xx.a(LPC17xx_DAC.o)
 .debug_macro   0x00007508       0xa5 C:\Temp\DFRobotRTOS_T2_S3_Demo\LibLPC17xx\Debug\libLibLPC17xx.a(LPC17xx_GPIO.o)
 .debug_macro   0x000075ad       0xb7 C:\Temp\DFRobotRTOS_T2_S3_Demo\LibLPC17xx\Debug\libLibLPC17xx.a(LPC17xx_I2C.o)
 .debug_macro   0x00007664      0x1e5 C:\Temp\DFRobotRTOS_T2_S3_Demo\LibLPC17xx\Debug\libLibLPC17xx.a(LPC17xx_I2C.o)
 .debug_macro   0x00007849       0x9c C:\Temp\DFRobotRTOS_T2_S3_Demo\LibLPC17xx\Debug\libLibLPC17xx.a(LPC17xx_PinSelect.o)
 .debug_macro   0x000078e5      0x140 C:\Temp\DFRobotRTOS_T2_S3_Demo\LibLPC17xx\Debug\libLibLPC17xx.a(LPC17xx_PinSelect.o)
 .debug_macro   0x00007a25       0xae C:\Temp\DFRobotRTOS_T2_S3_Demo\LibLPC17xx\Debug\libLibLPC17xx.a(LPC17xx_SSP.o)
 .debug_macro   0x00007ad3      0x2a1 C:\Temp\DFRobotRTOS_T2_S3_Demo\LibLPC17xx\Debug\libLibLPC17xx.a(LPC17xx_SSP.o)
 .debug_macro   0x00007d74       0xb7 C:\Temp\DFRobotRTOS_T2_S3_Demo\LibLPC17xx\Debug\libLibLPC17xx.a(LPC17xx_Timer.o)
 .debug_macro   0x00007e2b       0xe9 C:\Temp\DFRobotRTOS_T2_S3_Demo\LibLPC17xx\Debug\libLibLPC17xx.a(LPC17xx_Timer.o)
 .debug_macro   0x00007f14       0xae C:\Temp\DFRobotRTOS_T2_S3_Demo\LibLPC17xx\Debug\libLibLPC17xx.a(LPC17xx_UART.o)
 .debug_macro   0x00007fc2      0x13a C:\Temp\DFRobotRTOS_T2_S3_Demo\LibCMSIS\Debug\libLibCMSIS.a(System_LPC17xx.o)
 .debug_macro   0x000080fc      0x86e C:\Temp\DFRobotRTOS_T2_S3_Demo\LibCMSIS\Debug\libLibCMSIS.a(System_LPC17xx.o)

.debug_line     0x00000000     0xad0e
 .debug_line    0x00000000       0x78 ./Source/Font5x7.o
 .debug_line    0x00000078      0x87f ./Source/Main.o
 .debug_line    0x000008f7      0x40c ./Source/NoSystem.o
 .debug_line    0x00000d03      0x6a5 ./Source/OLED.o
 .debug_line    0x000013a8      0x299 ./Source/Startup.o
 .debug_line    0x00001641      0x646 ./Source/WavPlayer.o
 .debug_line    0x00001c87      0x5b1 ./Source/dfrobot.o
 .debug_line    0x00002238      0x2ff ./Source/joystick.o
 .debug_line    0x00002537      0x42f ./Source/pca9532.o
 .debug_line    0x00002966      0x5cb C:\Temp\DFRobotRTOS_T2_S3_Demo\LibFreeRTOS\Debug\libLibFreeRTOS.a(FreeRTOS_DriverInterface.o)
 .debug_line    0x00002f31      0x3b5 C:\Temp\DFRobotRTOS_T2_S3_Demo\LibFreeRTOS\Debug\libLibFreeRTOS.a(FreeRTOS_Heap.o)
 .debug_line    0x000032e6      0x4ee C:\Temp\DFRobotRTOS_T2_S3_Demo\LibFreeRTOS\Debug\libLibFreeRTOS.a(FreeRTOS_IOUtilsCharQueueTxAndRx.o)
 .debug_line    0x000037d4      0x4bd C:\Temp\DFRobotRTOS_T2_S3_Demo\LibFreeRTOS\Debug\libLibFreeRTOS.a(FreeRTOS_IOUtilsCircularBufferRx.o)
 .debug_line    0x00003c91      0x474 C:\Temp\DFRobotRTOS_T2_S3_Demo\LibFreeRTOS\Debug\libLibFreeRTOS.a(FreeRTOS_IOUtilsZeroCopyTx.o)
 .debug_line    0x00004105      0x778 C:\Temp\DFRobotRTOS_T2_S3_Demo\LibFreeRTOS\Debug\libLibFreeRTOS.a(FreeRTOS_Queue.o)
 .debug_line    0x0000487d      0xa71 C:\Temp\DFRobotRTOS_T2_S3_Demo\LibFreeRTOS\Debug\libLibFreeRTOS.a(FreeRTOS_Tasks.o)
 .debug_line    0x000052ee      0x48a C:\Temp\DFRobotRTOS_T2_S3_Demo\LibFreeRTOS\Debug\libLibFreeRTOS.a(FreeRTOS_Timers.o)
 .debug_line    0x00005778      0x32a C:\Temp\DFRobotRTOS_T2_S3_Demo\LibFreeRTOS\Debug\libLibFreeRTOS.a(LPC17xx_DriverInterface.o)
 .debug_line    0x00005aa2      0x76e C:\Temp\DFRobotRTOS_T2_S3_Demo\LibFreeRTOS\Debug\libLibFreeRTOS.a(FreeRTOS_I2C.o)
 .debug_line    0x00006210      0x42b C:\Temp\DFRobotRTOS_T2_S3_Demo\LibFreeRTOS\Debug\libLibFreeRTOS.a(FreeRTOS_IOUtils.o)
 .debug_line    0x0000663b      0x380 C:\Temp\DFRobotRTOS_T2_S3_Demo\LibFreeRTOS\Debug\libLibFreeRTOS.a(FreeRTOS_List.o)
 .debug_line    0x000069bb      0x36c C:\Temp\DFRobotRTOS_T2_S3_Demo\LibFreeRTOS\Debug\libLibFreeRTOS.a(FreeRTOS_Port.o)