Archive member included because of file (symbol)

O:\Documents\.3rd Year\EMbedded\BUGGY\Problem 2\Problem 2\LibFreeRTOS\Debug\libLibFreeRTOS.a(FreeRTOS_DriverInterface.o)
                              ./Source/Main.o (FreeRTOS_open)
O:\Documents\.3rd Year\EMbedded\BUGGY\Problem 2\Problem 2\LibFreeRTOS\Debug\libLibFreeRTOS.a(FreeRTOS_Heap.o)
                              O:\Documents\.3rd Year\EMbedded\BUGGY\Problem 2\Problem 2\LibFreeRTOS\Debug\libLibFreeRTOS.a(FreeRTOS_DriverInterface.o) (pvPortMalloc)
O:\Documents\.3rd Year\EMbedded\BUGGY\Problem 2\Problem 2\LibFreeRTOS\Debug\libLibFreeRTOS.a(FreeRTOS_IOUtilsCharQueueTxAndRx.o)
                              O:\Documents\.3rd Year\EMbedded\BUGGY\Problem 2\Problem 2\LibFreeRTOS\Debug\libLibFreeRTOS.a(FreeRTOS_DriverInterface.o) (xIOUtilsSetTxQueueTimeout)
O:\Documents\.3rd Year\EMbedded\BUGGY\Problem 2\Problem 2\LibFreeRTOS\Debug\libLibFreeRTOS.a(FreeRTOS_IOUtilsCircularBufferRx.o)
                              O:\Documents\.3rd Year\EMbedded\BUGGY\Problem 2\Problem 2\LibFreeRTOS\Debug\libLibFreeRTOS.a(FreeRTOS_DriverInterface.o) (xIOUtilsConfigureCircularBufferRx)
O:\Documents\.3rd Year\EMbedded\BUGGY\Problem 2\Problem 2\LibFreeRTOS\Debug\libLibFreeRTOS.a(FreeRTOS_IOUtilsZeroCopyTx.o)
                              O:\Documents\.3rd Year\EMbedded\BUGGY\Problem 2\Problem 2\LibFreeRTOS\Debug\libLibFreeRTOS.a(FreeRTOS_DriverInterface.o) (xIOUtilsConfigureZeroCopyTx)
O:\Documents\.3rd Year\EMbedded\BUGGY\Problem 2\Problem 2\LibFreeRTOS\Debug\libLibFreeRTOS.a(FreeRTOS_Port.o)
                              ./Source/Main.o (vPortEnterCritical)
O:\Documents\.3rd Year\EMbedded\BUGGY\Problem 2\Problem 2\LibFreeRTOS\Debug\libLibFreeRTOS.a(FreeRTOS_Queue.o)
                              O:\Documents\.3rd Year\EMbedded\BUGGY\Problem 2\Problem 2\LibFreeRTOS\Debug\libLibFreeRTOS.a(FreeRTOS_IOUtilsCharQueueTxAndRx.o) (xQueueGenericReset)
O:\Documents\.3rd Year\EMbedded\BUGGY\Problem 2\Problem 2\LibFreeRTOS\Debug\libLibFreeRTOS.a(FreeRTOS_Tasks.o)
                              O:\Documents\.3rd Year\EMbedded\BUGGY\Problem 2\Problem 2\LibFreeRTOS\Debug\libLibFreeRTOS.a(FreeRTOS_Port.o) (pxCurrentTCB)
O:\Documents\.3rd Year\EMbedded\BUGGY\Problem 2\Problem 2\LibFreeRTOS\Debug\libLibFreeRTOS.a(FreeRTOS_Timers.o)
                              O:\Documents\.3rd Year\EMbedded\BUGGY\Problem 2\Problem 2\LibFreeRTOS\Debug\libLibFreeRTOS.a(FreeRTOS_Tasks.o) (xTimerCreateTimerTask)
O:\Documents\.3rd Year\EMbedded\BUGGY\Problem 2\Problem 2\LibFreeRTOS\Debug\libLibFreeRTOS.a(LPC17xx_DriverInterface.o)
                              O:\Documents\.3rd Year\EMbedded\BUGGY\Problem 2\Problem 2\LibFreeRTOS\Debug\libLibFreeRTOS.a(FreeRTOS_DriverInterface.o) (vFreeRTOS_lpc17xx_PopulateFunctionPointers)
O:\Documents\.3rd Year\EMbedded\BUGGY\Problem 2\Problem 2\LibFreeRTOS\Debug\libLibFreeRTOS.a(FreeRTOS_I2C.o)
                              O:\Documents\.3rd Year\EMbedded\BUGGY\Problem 2\Problem 2\LibFreeRTOS\Debug\libLibFreeRTOS.a(LPC17xx_DriverInterface.o) (FreeRTOS_I2C_open)
O:\Documents\.3rd Year\EMbedded\BUGGY\Problem 2\Problem 2\LibFreeRTOS\Debug\libLibFreeRTOS.a(FreeRTOS_IOUtils.o)
                              O:\Documents\.3rd Year\EMbedded\BUGGY\Problem 2\Problem 2\LibFreeRTOS\Debug\libLibFreeRTOS.a(FreeRTOS_IOUtilsCharQueueTxAndRx.o) (vIOUtilsCreateTransferControlStructure)
O:\Documents\.3rd Year\EMbedded\BUGGY\Problem 2\Problem 2\LibFreeRTOS\Debug\libLibFreeRTOS.a(FreeRTOS_List.o)
                              O:\Documents\.3rd Year\EMbedded\BUGGY\Problem 2\Problem 2\LibFreeRTOS\Debug\libLibFreeRTOS.a(FreeRTOS_Queue.o) (vListInitialise)
O:\Documents\.3rd Year\EMbedded\BUGGY\Problem 2\Problem 2\LibFreeRTOS\Debug\libLibFreeRTOS.a(FreeRTOS_SSP.o)
                              O:\Documents\.3rd Year\EMbedded\BUGGY\Problem 2\Problem 2\LibFreeRTOS\Debug\libLibFreeRTOS.a(LPC17xx_DriverInterface.o) (FreeRTOS_SSP_open)
O:\Documents\.3rd Year\EMbedded\BUGGY\Problem 2\Problem 2\LibFreeRTOS\Debug\libLibFreeRTOS.a(FreeRTOS_UART.o)
                              O:\Documents\.3rd Year\EMbedded\BUGGY\Problem 2\Problem 2\LibFreeRTOS\Debug\libLibFreeRTOS.a(LPC17xx_DriverInterface.o) (FreeRTOS_UART_open)
O:\Documents\.3rd Year\EMbedded\BUGGY\Problem 2\Problem 2\LibLPC17xx\Debug\libLibLPC17xx.a(LPC17xx_ADC.o)
                              ./Source/dfrobot.o (ADC_Init)
O:\Documents\.3rd Year\EMbedded\BUGGY\Problem 2\Problem 2\LibLPC17xx\Debug\libLibLPC17xx.a(LPC17xx_ClockPower.o)
                              O:\Documents\.3rd Year\EMbedded\BUGGY\Problem 2\Problem 2\LibLPC17xx\Debug\libLibLPC17xx.a(LPC17xx_ADC.o) (CLKPWR_GetPCLK)
O:\Documents\.3rd Year\EMbedded\BUGGY\Problem 2\Problem 2\LibLPC17xx\Debug\libLibLPC17xx.a(LPC17xx_Config.o)
                              O:\Documents\.3rd Year\EMbedded\BUGGY\Problem 2\Problem 2\LibLPC17xx\Debug\libLibLPC17xx.a(LPC17xx_ADC.o) (check_failed)
O:\Documents\.3rd Year\EMbedded\BUGGY\Problem 2\Problem 2\LibLPC17xx\Debug\libLibLPC17xx.a(LPC17xx_DAC.o)
[...]
Memory Configuration

Name             Origin             Length             Attributes
MFlash512        0x00000000         0x00080000         xr
RamLoc32         0x10000000         0x00008000         xrw
RamAHB32         0x2007c000         0x00008000         xrw
*default*        0x00000000         0xffffffff

Linker script and memory map

LOAD ./Source/Font5x7.o
LOAD ./Source/Main.o
LOAD ./Source/NoSystem.o
LOAD ./Source/OLED.o
LOAD ./Source/Startup.o
LOAD ./Source/WavPlayer.o
LOAD ./Source/dfrobot.o
LOAD ./Source/joystick.o
LOAD ./Source/pca9532.o
LOAD O:\Documents\.3rd Year\EMbedded\BUGGY\Problem 2\Problem 2\LibFreeRTOS\Debug\libLibFreeRTOS.a
LOAD O:\Documents\.3rd Year\EMbedded\BUGGY\Problem 2\Problem 2\LibLPC17xx\Debug\libLibLPC17xx.a
LOAD O:\Documents\.3rd Year\EMbedded\BUGGY\Problem 2\Problem 2\LibCMSIS\Debug\libLibCMSIS.a
START GROUP
LOAD c:/nxp/lpcxpresso_7.8.0_426/lpcxpresso/tools/bin/../lib/gcc/arm-none-eabi/4.9.3/armv7-m\libgcc.a
LOAD c:/nxp/lpcxpresso_7.8.0_426/lpcxpresso/tools/bin/../lib/gcc/arm-none-eabi/4.9.3/../../../../arm-none-eabi/lib/armv7-m\libc.a
LOAD c:/nxp/lpcxpresso_7.8.0_426/lpcxpresso/tools/bin/../lib/gcc/arm-none-eabi/4.9.3/../../../../arm-none-eabi/lib/armv7-m\libm.a
END GROUP
                0x00080000                __top_MFlash512 = 0x80000
                0x10008000                __top_RamLoc32 = 0x10008000
                0x20084000                __top_RamAHB32 = 0x20084000

.text           0x00000000    0x18978
 FILL mask 0xff
                0x00000000                __vectors_start__ = ABSOLUTE (.)
 *(.isr_vector)
 .isr_vector    0x00000000       0xcc ./Source/Startup.o
                0x00000000                g_pfnVectors
                0x000000cc                . = ALIGN (0x4)
                0x000000cc                __section_table_start = .
                0x000000cc                __data_section_table = .
                0x000000cc        0x4 LONG 0x18980 LOADADDR (.data)
                0x000000d0        0x4 LONG 0x10000000 ADDR (.data)
                0x000000d4        0x4 LONG 0x88c SIZEOF (.data)
                0x000000d8        0x4 LONG 0x18980 LOADADDR (.data_RAM2)
                0x000000dc        0x4 LONG 0x2007c000 ADDR (.data_RAM2)
                0x000000e0        0x4 LONG 0x0 SIZEOF (.data_RAM2)
                0x000000e4                __data_section_table_end = .
                0x000000e4                __bss_section_table = .
                0x000000e4        0x4 LONG 0x10000890 ADDR (.bss)
                0x000000e8        0x4 LONG 0x421c SIZEOF (.bss)
                0x000000ec        0x4 LONG 0x2007c000 ADDR (.bss_RAM2)
                0x000000f0        0x4 LONG 0x0 SIZEOF (.bss_RAM2)
                0x000000f4                __bss_section_table_end = .
                0x000000f4                __section_table_end = .
 *(.after_vectors*)
 .after_vectors
                0x000000f4      0x160 ./Source/Startup.o
                0x000000f4                data_init
                0x00000138                bss_init
                0x00000170                ResetISR
                0x000001e8                NMI_Handler
                0x000001f0                HardFault_Handler
                0x00000214                MemManage_Handler
                0x0000021c                BusFault_Handler
                0x00000224                UsageFault_Handler
                0x00000234                DebugMon_Handler
                0x0000024c                UART1_IRQHandler
                0x0000024c                I2C1_IRQHandler
                0x0000024c                TIMER3_IRQHandler
                0x0000024c                UART0_IRQHandler
                0x0000024c                USBActivity_IRQHandler
                0x0000024c                CANActivity_IRQHandler
                0x0000024c                EINT2_IRQHandler
                0x0000024c                IntDefaultHandler
                0x0000024c                PLL0_IRQHandler
                0x0000024c                I2C0_IRQHandler
                0x0000024c                PLL1_IRQHandler
                0x0000024c                SSP0_IRQHandler
                0x0000024c                I2S_IRQHandler
                0x0000024c                RTC_IRQHandler
                0x0000024c                SPI_IRQHandler
                0x0000024c                RIT_IRQHandler
                0x0000024c                EINT1_IRQHandler
                0x0000024c                TIMER1_IRQHandler
                0x0000024c                UART2_IRQHandler
                0x0000024c                ADC_IRQHandler
                0x0000024c                USB_IRQHandler
                0x0000024c                BOD_IRQHandler
                0x0000024c                PWM1_IRQHandler
                0x0000024c                WDT_IRQHandler
                0x0000024c                QEI_IRQHandler
                0x0000024c                EINT0_IRQHandler
                0x0000024c                CAN_IRQHandler
                0x0000024c                DMA_IRQHandler
                0x0000024c                TIMER2_IRQHandler
                0x0000024c                MCPWM_IRQHandler
                0x0000024c                ENET_IRQHandler
 *(.text*)
 .text.NVIC_SetPriorityGrouping
                0x00000254       0x48 ./Source/Main.o
 .text.NVIC_EnableIRQ
                0x0000029c       0x30 ./Source/Main.o
 .text.SoftwareTimerCallback
                0x000002cc       0x64 ./Source/Main.o
 .text.PutStringOLED2
                0x00000330       0x78 ./Source/Main.o
                0x00000330                PutStringOLED2
 .text.SevenSegmentTask
                0x000003a8       0x94 ./Source/Main.o
 .text.OLEDTask1
                0x0000043c       0x40 ./Source/Main.o
 .text.OLEDTask2
                0x0000047c       0x4c ./Source/Main.o
 .text.OLEDTask3
                0x000004c8       0x4c ./Source/Main.o
 .text.OLEDTask4
                0x00000514       0x98 ./Source/Main.o
 .text.OLEDTask5
                0x000005ac      0x1f4 ./Source/Main.o
 .text.TuneTask
                0x000007a0       0x84 ./Source/Main.o
 .text.WEEEDisplayTask
                0x00000824       0x54 ./Source/Main.o
 .text.WEEEOutputTask
                0x00000878      0x224 ./Source/Main.o
 .text.main     0x00000a9c      0x270 ./Source/Main.o
                0x00000a9c                main
 .text.EINT3_IRQHandler
                0x00000d0c       0xd4 ./Source/Main.o
                0x00000d0c                EINT3_IRQHandler
 .text.vApplicationStackOverflowHook
                0x00000de0       0x14 ./Source/Main.o
                0x00000de0                vApplicationStackOverflowHook
 .text.vApplicationMallocFailedHook
                0x00000df4       0x10 ./Source/Main.o
                0x00000df4                vApplicationMallocFailedHook
 .text._sbrk    0x00000e04       0x4c ./Source/NoSystem.o
                0x00000e04                _sbrk
 .text.WriteCommand
                0x00000e50       0x40 ./Source/OLED.o
 .text.WriteData
                0x00000e90       0x40 ./Source/OLED.o
 .text.WriteDataLength
                0x00000ed0       0x70 ./Source/OLED.o
 .text.RunInitSequence
                0x00000f40       0xd4 ./Source/OLED.o
 .text.OLED_Init
                0x00001014       0x7c ./Source/OLED.o
                0x00001014                OLED_Init
 .text.OLED_ClearScreen
                0x00001090       0x60 ./Source/OLED.o
                0x00001090                OLED_ClearScreen
 .text.OLED_Pixel
                0x000010f0      0x148 ./Source/OLED.o
                0x000010f0                OLED_Pixel
 .text.OLED_Char
                0x00001238       0xe0 ./Source/OLED.o
                0x00001238                OLED_Char
 .text.OLED_String
                0x00001318       0x50 ./Source/OLED.o
                0x00001318                OLED_String
 .text.pop_registers_from_fault_stack
                0x00001368       0x48 ./Source/Startup.o
                0x00001368                pop_registers_from_fault_stack
 .text.NVIC_EnableIRQ
                0x000013b0       0x30 ./Source/WavPlayer.o
 .text.NVIC_DisableIRQ
                0x000013e0       0x34 ./Source/WavPlayer.o
 .text.NVIC_SetPriority
                0x00001414       0x54 ./Source/WavPlayer.o
 .text.WavPlayer_Init
                0x00001468       0x94 ./Source/WavPlayer.o
                0x00001468                WavPlayer_Init
 .text.Init_Timer0
                0x000014fc       0x70 ./Source/WavPlayer.o
 .text.WavPlayer_Play
                0x0000156c      0x27c ./Source/WavPlayer.o
                0x0000156c                WavPlayer_Play
 .text.TIMER0_IRQHandler
                0x000017e8       0x6c ./Source/WavPlayer.o
                0x000017e8                TIMER0_IRQHandler
 .text.WavPlayer_IsPlaying
                0x00001854       0x20 ./Source/WavPlayer.o
                0x00001854                WavPlayer_IsPlaying
 .text.DFR_PWMInit
                0x00001874       0x8c ./Source/dfrobot.o
                0x00001874                DFR_PWMInit
 .text.DFR_SetPWM
                0x00001900       0x54 ./Source/dfrobot.o
                0x00001900                DFR_SetPWM
 .text.DFR_ScalePWM
                0x00001954       0x98 ./Source/dfrobot.o
                0x00001954                DFR_ScalePWM
 .text.DFR_RobotInit
                0x000019ec       0x8c ./Source/dfrobot.o
                0x000019ec                DFR_RobotInit
 .text.DFR_DriveForward
                0x00001a78       0x20 ./Source/dfrobot.o
                0x00001a78                DFR_DriveForward
 .text.DFR_DriveBackward
                0x00001a98       0x20 ./Source/dfrobot.o
                0x00001a98                DFR_DriveBackward
 .text.DFR_DriveRight
                0x00001ab8       0x28 ./Source/dfrobot.o
                0x00001ab8                DFR_DriveRight
 .text.DFR_DriveLeft
                0x00001ae0       0x28 ./Source/dfrobot.o
                0x00001ae0                DFR_DriveLeft
 .text.DFR_DriveStop
                0x00001b08       0x18 ./Source/dfrobot.o
                0x00001b08                DFR_DriveStop
 .text.DFR_GetRightWheelCount
                0x00001b20       0x18 ./Source/dfrobot.o
                0x00001b20                DFR_GetRightWheelCount
 .text.DFR_SetRightWheelCount
                0x00001b38       0x20 ./Source/dfrobot.o
                0x00001b38                DFR_SetRightWheelCount
 .text.DFR_IncRightWheelCount
                0x00001b58       0x24 ./Source/dfrobot.o
                0x00001b58                DFR_IncRightWheelCount
 .text.DFR_GetLeftWheelCount
                0x00001b7c       0x18 ./Source/dfrobot.o
                0x00001b7c                DFR_GetLeftWheelCount
 .text.DFR_SetLeftWheelCount
                0x00001b94       0x20 ./Source/dfrobot.o
                0x00001b94                DFR_SetLeftWheelCount
 .text.DFR_IncLeftWheelCount
                0x00001bb4       0x24 ./Source/dfrobot.o
                0x00001bb4                DFR_IncLeftWheelCount
 .text.DFR_ClearWheelCounts
                0x00001bd8       0x14 ./Source/dfrobot.o
                0x00001bd8                DFR_ClearWheelCounts
 .text.DFR_IncGear
                0x00001bec       0x2c ./Source/dfrobot.o
                0x00001bec                DFR_IncGear
 .text.joystick_init
                0x00001c18       0x1c ./Source/joystick.o
                0x00001c18                joystick_init
 .text.pca9532_init
                0x00001c34        0xc ./Source/pca9532.o
                0x00001c34                pca9532_init
 .text.FreeRTOS_open
                0x00001c40       0xe0 O:\Documents\.3rd Year\EMbedded\BUGGY\Problem 2\Problem 2\LibFreeRTOS\Debug\libLibFreeRTOS.a(FreeRTOS_DriverInterface.o)
                0x00001c40                FreeRTOS_open
 .text.pvPortMalloc
                0x00001d20      0x150 O:\Documents\.3rd Year\EMbedded\BUGGY\Problem 2\Problem 2\LibFreeRTOS\Debug\libLibFreeRTOS.a(FreeRTOS_Heap.o)
                0x00001d20                pvPortMalloc
 .text.vPortFree
                0x00001e70       0x70 O:\Documents\.3rd Year\EMbedded\BUGGY\Problem 2\Problem 2\LibFreeRTOS\Debug\libLibFreeRTOS.a(FreeRTOS_Heap.o)
                0x00001e70                vPortFree
 .text.xIOUtilsReceiveCharsFromRxQueue
                0x00001ee0       0x78 O:\Documents\.3rd Year\EMbedded\BUGGY\Problem 2\Problem 2\LibFreeRTOS\Debug\libLibFreeRTOS.a(FreeRTOS_IOUtilsCharQueueTxAndRx.o)
                0x00001ee0                xIOUtilsReceiveCharsFromRxQueue
 .text.xIOUtilsReadCharsFromCircularBuffer
                0x00001f58      0x100 O:\Documents\.3rd Year\EMbedded\BUGGY\Problem 2\Problem 2\LibFreeRTOS\Debug\libLibFreeRTOS.a(FreeRTOS_IOUtilsCircularBufferRx.o)
                0x00001f58                xIOUtilsReadCharsFromCircularBuffer
 .text.xIOUtilsGetZeroCopyWriteMutex
                0x00002058       0x60 O:\Documents\.3rd Year\EMbedded\BUGGY\Problem 2\Problem 2\LibFreeRTOS\Debug\libLibFreeRTOS.a(FreeRTOS_IOUtilsZeroCopyTx.o)
                0x00002058                xIOUtilsGetZeroCopyWriteMutex
 .text.pxPortInitialiseStack
                0x000020b8       0x54 O:\Documents\.3rd Year\EMbedded\BUGGY\Problem 2\Problem 2\LibFreeRTOS\Debug\libLibFreeRTOS.a(FreeRTOS_Port.o)
                0x000020b8                pxPortInitialiseStack
 .text.SVCall_Handler
                0x0000210c       0x20 O:\Documents\.3rd Year\EMbedded\BUGGY\Problem 2\Problem 2\LibFreeRTOS\Debug\libLibFreeRTOS.a(FreeRTOS_Port.o)
                0x0000210c                SVCall_Handler
 .text.vPortStartFirstTask
                0x0000212c       0x14 O:\Documents\.3rd Year\EMbedded\BUGGY\Problem 2\Problem 2\LibFreeRTOS\Debug\libLibFreeRTOS.a(FreeRTOS_Port.o)
                0x0000212c                vPortStartFirstTask
 .text.xPortStartScheduler
                0x00002140       0x38 O:\Documents\.3rd Year\EMbedded\BUGGY\Problem 2\Problem 2\LibFreeRTOS\Debug\libLibFreeRTOS.a(FreeRTOS_Port.o)
                0x00002140                xPortStartScheduler
 .text.vPortYieldFromISR
                0x00002178       0x18 O:\Documents\.3rd Year\EMbedded\BUGGY\Problem 2\Problem 2\LibFreeRTOS\Debug\libLibFreeRTOS.a(FreeRTOS_Port.o)
                0x00002178                vPortYieldFromISR
 .text.vPortEnterCritical
                0x00002190       0x24 O:\Documents\.3rd Year\EMbedded\BUGGY\Problem 2\Problem 2\LibFreeRTOS\Debug\libLibFreeRTOS.a(FreeRTOS_Port.o)
                0x00002190                vPortEnterCritical
 .text.vPortExitCritical
                0x000021b4       0x2c O:\Documents\.3rd Year\EMbedded\BUGGY\Problem 2\Problem 2\LibFreeRTOS\Debug\libLibFreeRTOS.a(FreeRTOS_Port.o)
                0x000021b4                vPortExitCritical
 .text.PendSV_Handler
                0x000021e0       0x3c O:\Documents\.3rd Year\EMbedded\BUGGY\Problem 2\Problem 2\LibFreeRTOS\Debug\libLibFreeRTOS.a(FreeRTOS_Port.o)
                0x000021e0                PendSV_Handler
 .text.SysTick_Handler
                0x0000221c       0x30 O:\Documents\.3rd Year\EMbedded\BUGGY\Problem 2\Problem 2\LibFreeRTOS\Debug\libLibFreeRTOS.a(FreeRTOS_Port.o)
                0x0000221c                SysTick_Handler
 .text.prvSetupTimerInterrupt
                0x0000224c       0x34 O:\Documents\.3rd Year\EMbedded\BUGGY\Problem 2\Problem 2\LibFreeRTOS\Debug\libLibFreeRTOS.a(FreeRTOS_Port.o)
 .text.xQueueGenericReset
                0x00002280       0xac O:\Documents\.3rd Year\EMbedded\BUGGY\Problem 2\Problem 2\LibFreeRTOS\Debug\libLibFreeRTOS.a(FreeRTOS_Queue.o)
                0x00002280                xQueueGenericReset
 .text.xQueueGenericCreate
                0x0000232c       0x88 O:\Documents\.3rd Year\EMbedded\BUGGY\Problem 2\Problem 2\LibFreeRTOS\Debug\libLibFreeRTOS.a(FreeRTOS_Queue.o)
                0x0000232c                xQueueGenericCreate
 .text.xQueueGetMutexHolder
                0x000023b4       0x2c O:\Documents\.3rd Year\EMbedded\BUGGY\Problem 2\Problem 2\LibFreeRTOS\Debug\libLibFreeRTOS.a(FreeRTOS_Queue.o)
                0x000023b4                xQueueGetMutexHolder
 .text.xQueueGenericSend
                0x000023e0      0x140 O:\Documents\.3rd Year\EMbedded\BUGGY\Problem 2\Problem 2\LibFreeRTOS\Debug\libLibFreeRTOS.a(FreeRTOS_Queue.o)
                0x000023e0                xQueueGenericSend
 .text.xQueueGenericSendFromISR
                0x00002520       0xc4 O:\Documents\.3rd Year\EMbedded\BUGGY\Problem 2\Problem 2\LibFreeRTOS\Debug\libLibFreeRTOS.a(FreeRTOS_Queue.o)
                0x00002520                xQueueGenericSendFromISR
 .text.xQueueGenericReceive
                0x000025e4      0x1a0 O:\Documents\.3rd Year\EMbedded\BUGGY\Problem 2\Problem 2\LibFreeRTOS\Debug\libLibFreeRTOS.a(FreeRTOS_Queue.o)
                0x000025e4                xQueueGenericReceive
 .text.xQueueReceiveFromISR
                0x00002784       0xc4 O:\Documents\.3rd Year\EMbedded\BUGGY\Problem 2\Problem 2\LibFreeRTOS\Debug\libLibFreeRTOS.a(FreeRTOS_Queue.o)
                0x00002784                xQueueReceiveFromISR
 .text.vQueueDelete
                0x00002848       0x34 O:\Documents\.3rd Year\EMbedded\BUGGY\Problem 2\Problem 2\LibFreeRTOS\Debug\libLibFreeRTOS.a(FreeRTOS_Queue.o)
                0x00002848                vQueueDelete
 .text.prvCopyDataToQueue
                0x0000287c       0xb8 O:\Documents\.3rd Year\EMbedded\BUGGY\Problem 2\Problem 2\LibFreeRTOS\Debug\libLibFreeRTOS.a(FreeRTOS_Queue.o)
 .text.prvCopyDataFromQueue
                0x00002934       0x4c O:\Documents\.3rd Year\EMbedded\BUGGY\Problem 2\Problem 2\LibFreeRTOS\Debug\libLibFreeRTOS.a(FreeRTOS_Queue.o)
 .text.prvUnlockQueue
                0x00002980       0x98 O:\Documents\.3rd Year\EMbedded\BUGGY\Problem 2\Problem 2\LibFreeRTOS\Debug\libLibFreeRTOS.a(FreeRTOS_Queue.o)
 .text.prvIsQueueEmpty
                0x00002a18       0x2c O:\Documents\.3rd Year\EMbedded\BUGGY\Problem 2\Problem 2\LibFreeRTOS\Debug\libLibFreeRTOS.a(FreeRTOS_Queue.o)
 .text.prvIsQueueFull
                0x00002a44       0x30 O:\Documents\.3rd Year\EMbedded\BUGGY\Problem 2\Problem 2\LibFreeRTOS\Debug\libLibFreeRTOS.a(FreeRTOS_Queue.o)
 .text.vQueueUnregisterQueue
                0x00002a74       0x44 O:\Documents\.3rd Year\EMbedded\BUGGY\Problem 2\Problem 2\LibFreeRTOS\Debug\libLibFreeRTOS.a(FreeRTOS_Queue.o)
 .text.vQueueWaitForMessageRestricted
                0x00002ab8       0x54 O:\Documents\.3rd Year\EMbedded\BUGGY\Problem 2\Problem 2\LibFreeRTOS\Debug\libLibFreeRTOS.a(FreeRTOS_Queue.o)
                0x00002ab8                vQueueWaitForMessageRestricted
 .text.xTaskGenericCreate
                0x00002b0c      0x1a4 O:\Documents\.3rd Year\EMbedded\BUGGY\Problem 2\Problem 2\LibFreeRTOS\Debug\libLibFreeRTOS.a(FreeRTOS_Tasks.o)
                0x00002b0c                xTaskGenericCreate
 .text.vTaskDelayUntil
                0x00002cb0       0xb8 O:\Documents\.3rd Year\EMbedded\BUGGY\Problem 2\Problem 2\LibFreeRTOS\Debug\libLibFreeRTOS.a(FreeRTOS_Tasks.o)
                0x00002cb0                vTaskDelayUntil
 .text.vTaskDelay
                0x00002d68       0x50 O:\Documents\.3rd Year\EMbedded\BUGGY\Problem 2\Problem 2\LibFreeRTOS\Debug\libLibFreeRTOS.a(FreeRTOS_Tasks.o)
                0x00002d68                vTaskDelay
 .text.vTaskStartScheduler
                0x00002db8       0x74 O:\Documents\.3rd Year\EMbedded\BUGGY\Problem 2\Problem 2\LibFreeRTOS\Debug\libLibFreeRTOS.a(FreeRTOS_Tasks.o)
                0x00002db8                vTaskStartScheduler
 .text.vTaskSuspendAll
                0x00002e2c       0x1c O:\Documents\.3rd Year\EMbedded\BUGGY\Problem 2\Problem 2\LibFreeRTOS\Debug\libLibFreeRTOS.a(FreeRTOS_Tasks.o)
                0x00002e2c                vTaskSuspendAll
 .text.xTaskResumeAll
                0x00002e48      0x108 O:\Documents\.3rd Year\EMbedded\BUGGY\Problem 2\Problem 2\LibFreeRTOS\Debug\libLibFreeRTOS.a(FreeRTOS_Tasks.o)
                0x00002e48                xTaskResumeAll
 .text.xTaskGetTickCount
                0x00002f50       0x24 O:\Documents\.3rd Year\EMbedded\BUGGY\Problem 2\Problem 2\LibFreeRTOS\Debug\libLibFreeRTOS.a(FreeRTOS_Tasks.o)
                0x00002f50                xTaskGetTickCount
 .text.vTaskIncrementTick
                0x00002f74      0x140 O:\Documents\.3rd Year\EMbedded\BUGGY\Problem 2\Problem 2\LibFreeRTOS\Debug\libLibFreeRTOS.a(FreeRTOS_Tasks.o)
                0x00002f74                vTaskIncrementTick
 .text.vTaskSwitchContext
                0x000030b4       0xf0 O:\Documents\.3rd Year\EMbedded\BUGGY\Problem 2\Problem 2\LibFreeRTOS\Debug\libLibFreeRTOS.a(FreeRTOS_Tasks.o)
                0x000030b4                vTaskSwitchContext
 .text.vTaskPlaceOnEventList
                0x000031a4       0x70 O:\Documents\.3rd Year\EMbedded\BUGGY\Problem 2\Problem 2\LibFreeRTOS\Debug\libLibFreeRTOS.a(FreeRTOS_Tasks.o)
                0x000031a4                vTaskPlaceOnEventList
 .text.vTaskPlaceOnEventListRestricted
                0x00003214       0x54 O:\Documents\.3rd Year\EMbedded\BUGGY\Problem 2\Problem 2\LibFreeRTOS\Debug\libLibFreeRTOS.a(FreeRTOS_Tasks.o)
                0x00003214                vTaskPlaceOnEventListRestricted
 .text.xTaskRemoveFromEventList
                0x00003268       0xb0 O:\Documents\.3rd Year\EMbedded\BUGGY\Problem 2\Problem 2\LibFreeRTOS\Debug\libLibFreeRTOS.a(FreeRTOS_Tasks.o)
                0x00003268                xTaskRemoveFromEventList
 .text.vTaskSetTimeOutState
                0x00003318       0x3c O:\Documents\.3rd Year\EMbedded\BUGGY\Problem 2\Problem 2\LibFreeRTOS\Debug\libLibFreeRTOS.a(FreeRTOS_Tasks.o)
                0x00003318                vTaskSetTimeOutState
 .text.xTaskCheckForTimeOut
                0x00003354       0xa8 O:\Documents\.3rd Year\EMbedded\BUGGY\Problem 2\Problem 2\LibFreeRTOS\Debug\libLibFreeRTOS.a(FreeRTOS_Tasks.o)
                0x00003354                xTaskCheckForTimeOut
 .text.vTaskMissedYield
                0x000033fc       0x18 O:\Documents\.3rd Year\EMbedded\BUGGY\Problem 2\Problem 2\LibFreeRTOS\Debug\libLibFreeRTOS.a(FreeRTOS_Tasks.o)
                0x000033fc                vTaskMissedYield
 .text.prvIdleTask
                0x00003414       0x10 O:\Documents\.3rd Year\EMbedded\BUGGY\Problem 2\Problem 2\LibFreeRTOS\Debug\libLibFreeRTOS.a(FreeRTOS_Tasks.o)
 .text.prvInitialiseTCBVariables
                0x00003424       0x6c O:\Documents\.3rd Year\EMbedded\BUGGY\Problem 2\Problem 2\LibFreeRTOS\Debug\libLibFreeRTOS.a(FreeRTOS_Tasks.o)
 .text.prvInitialiseTaskLists
                0x00003490       0x7c O:\Documents\.3rd Year\EMbedded\BUGGY\Problem 2\Problem 2\LibFreeRTOS\Debug\libLibFreeRTOS.a(FreeRTOS_Tasks.o)
 .text.prvCheckTasksWaitingTermination
                0x0000350c       0x74 O:\Documents\.3rd Year\EMbedded\BUGGY\Problem 2\Problem 2\LibFreeRTOS\Debug\libLibFreeRTOS.a(FreeRTOS_Tasks.o)
 .text.prvAddCurrentTaskToDelayedList
                0x00003580       0x6c O:\Documents\.3rd Year\EMbedded\BUGGY\Problem 2\Problem 2\LibFreeRTOS\Debug\libLibFreeRTOS.a(FreeRTOS_Tasks.o)
 .text.prvAllocateTCBAndStack
                0x000035ec       0x64 O:\Documents\.3rd Year\EMbedded\BUGGY\Problem 2\Problem 2\LibFreeRTOS\Debug\libLibFreeRTOS.a(FreeRTOS_Tasks.o)
 .text.prvDeleteTCB
                0x00003650       0x20 O:\Documents\.3rd Year\EMbedded\BUGGY\Problem 2\Problem 2\LibFreeRTOS\Debug\libLibFreeRTOS.a(FreeRTOS_Tasks.o)
 .text.xTaskGetCurrentTaskHandle
                0x00003670       0x20 O:\Documents\.3rd Year\EMbedded\BUGGY\Problem 2\Problem 2\LibFreeRTOS\Debug\libLibFreeRTOS.a(FreeRTOS_Tasks.o)
                0x00003670                xTaskGetCurrentTaskHandle
 .text.xTaskGetSchedulerState
                0x00003690       0x3c O:\Documents\.3rd Year\EMbedded\BUGGY\Problem 2\Problem 2\LibFreeRTOS\Debug\libLibFreeRTOS.a(FreeRTOS_Tasks.o)
                0x00003690                xTaskGetSchedulerState
 .text.vTaskPriorityInherit
                0x000036cc       0xb4 O:\Documents\.3rd Year\EMbedded\BUGGY\Problem 2\Problem 2\LibFreeRTOS\Debug\libLibFreeRTOS.a(FreeRTOS_Tasks.o)
                0x000036cc                vTaskPriorityInherit
 .text.vTaskPriorityDisinherit
                0x00003780       0x7c O:\Documents\.3rd Year\EMbedded\BUGGY\Problem 2\Problem 2\LibFreeRTOS\Debug\libLibFreeRTOS.a(FreeRTOS_Tasks.o)
                0x00003780                vTaskPriorityDisinherit
 .text.xTimerCreateTimerTask
                0x000037fc       0x5c O:\Documents\.3rd Year\EMbedded\BUGGY\Problem 2\Problem 2\LibFreeRTOS\Debug\libLibFreeRTOS.a(FreeRTOS_Timers.o)
                0x000037fc                xTimerCreateTimerTask
 .text.xTimerCreate
                0x00003858       0x6c O:\Documents\.3rd Year\EMbedded\BUGGY\Problem 2\Problem 2\LibFreeRTOS\Debug\libLibFreeRTOS.a(FreeRTOS_Timers.o)
                0x00003858                xTimerCreate
 .text.xTimerGenericCommand
                0x000038c4       0x8c O:\Documents\.3rd Year\EMbedded\BUGGY\Problem 2\Problem 2\LibFreeRTOS\Debug\libLibFreeRTOS.a(FreeRTOS_Timers.o)
                0x000038c4                xTimerGenericCommand
 .text.prvProcessExpiredTimer
                0x00003950       0x74 O:\Documents\.3rd Year\EMbedded\BUGGY\Problem 2\Problem 2\LibFreeRTOS\Debug\libLibFreeRTOS.a(FreeRTOS_Timers.o)
 .text.prvTimerTask
                0x000039c4       0x24 O:\Documents\.3rd Year\EMbedded\BUGGY\Problem 2\Problem 2\LibFreeRTOS\Debug\libLibFreeRTOS.a(FreeRTOS_Timers.o)
 .text.prvProcessTimerOrBlockTask
                0x000039e8       0x6c O:\Documents\.3rd Year\EMbedded\BUGGY\Problem 2\Problem 2\LibFreeRTOS\Debug\libLibFreeRTOS.a(FreeRTOS_Timers.o)
 .text.prvGetNextExpireTime
                0x00003a54       0x48 O:\Documents\.3rd Year\EMbedded\BUGGY\Problem 2\Problem 2\LibFreeRTOS\Debug\libLibFreeRTOS.a(FreeRTOS_Timers.o)
 .text.prvSampleTimeNow
                0x00003a9c       0x44 O:\Documents\.3rd Year\EMbedded\BUGGY\Problem 2\Problem 2\LibFreeRTOS\Debug\libLibFreeRTOS.a(FreeRTOS_Timers.o)
 .text.prvInsertTimerInActiveList
                0x00003ae0       0x84 O:\Documents\.3rd Year\EMbedded\BUGGY\Problem 2\Problem 2\LibFreeRTOS\Debug\libLibFreeRTOS.a(FreeRTOS_Timers.o)
 .text.prvProcessReceivedCommands
                0x00003b64       0xfc O:\Documents\.3rd Year\EMbedded\BUGGY\Problem 2\Problem 2\LibFreeRTOS\Debug\libLibFreeRTOS.a(FreeRTOS_Timers.o)
 .text.prvSwitchTimerLists
                0x00003c60       0xb8 O:\Documents\.3rd Year\EMbedded\BUGGY\Problem 2\Problem 2\LibFreeRTOS\Debug\libLibFreeRTOS.a(FreeRTOS_Timers.o)
 .text.prvCheckForValidListAndQueue
                0x00003d18       0x54 O:\Documents\.3rd Year\EMbedded\BUGGY\Problem 2\Problem 2\LibFreeRTOS\Debug\libLibFreeRTOS.a(FreeRTOS_Timers.o)
 .text.vFreeRTOS_lpc17xx_PopulateFunctionPointers
                0x00003d6c       0x58 O:\Documents\.3rd Year\EMbedded\BUGGY\Problem 2\Problem 2\LibFreeRTOS\Debug\libLibFreeRTOS.a(LPC17xx_DriverInterface.o)
                0x00003d6c                vFreeRTOS_lpc17xx_PopulateFunctionPointers
 .text.NVIC_DisableIRQ
                0x00003dc4       0x34 O:\Documents\.3rd Year\EMbedded\BUGGY\Problem 2\Problem 2\LibFreeRTOS\Debug\libLibFreeRTOS.a(FreeRTOS_I2C.o)
 .text.NVIC_ClearPendingIRQ
                0x00003df8       0x34 O:\Documents\.3rd Year\EMbedded\BUGGY\Problem 2\Problem 2\LibFreeRTOS\Debug\libLibFreeRTOS.a(FreeRTOS_I2C.o)
 .text.NVIC_SetPriority
                0x00003e2c       0x54 O:\Documents\.3rd Year\EMbedded\BUGGY\Problem 2\Problem 2\LibFreeRTOS\Debug\libLibFreeRTOS.a(FreeRTOS_I2C.o)
 .text.FreeRTOS_I2C_open
                0x00003e80      0x15c O:\Documents\.3rd Year\EMbedded\BUGGY\Problem 2\Problem 2\LibFreeRTOS\Debug\libLibFreeRTOS.a(FreeRTOS_I2C.o)
                0x00003e80                FreeRTOS_I2C_open
 .text.FreeRTOS_I2C_write
                0x00003fdc      0x198 O:\Documents\.3rd Year\EMbedded\BUGGY\Problem 2\Problem 2\LibFreeRTOS\Debug\libLibFreeRTOS.a(FreeRTOS_I2C.o)
                0x00003fdc                FreeRTOS_I2C_write
 .text.FreeRTOS_I2C_read
                0x00004174      0x1a8 O:\Documents\.3rd Year\EMbedded\BUGGY\Problem 2\Problem 2\LibFreeRTOS\Debug\libLibFreeRTOS.a(FreeRTOS_I2C.o)
                0x00004174                FreeRTOS_I2C_read
 .text.FreeRTOS_I2C_ioctl
                0x0000431c      0x10c O:\Documents\.3rd Year\EMbedded\BUGGY\Problem 2\Problem 2\LibFreeRTOS\Debug\libLibFreeRTOS.a(FreeRTOS_I2C.o)
                0x0000431c                FreeRTOS_I2C_ioctl
 .text.I2C2_IRQHandler
                0x00004428      0x29c O:\Documents\.3rd Year\EMbedded\BUGGY\Problem 2\Problem 2\LibFreeRTOS\Debug\libLibFreeRTOS.a(FreeRTOS_I2C.o)
                0x00004428                I2C2_IRQHandler
 .text.vIOUtilsCreateTransferControlStructure
                0x000046c4       0xb4 O:\Documents\.3rd Year\EMbedded\BUGGY\Problem 2\Problem 2\LibFreeRTOS\Debug\libLibFreeRTOS.a(FreeRTOS_IOUtils.o)
                0x000046c4                vIOUtilsCreateTransferControlStructure
 .text.vListInitialise
                0x00004778       0x40 O:\Documents\.3rd Year\EMbedded\BUGGY\Problem 2\Problem 2\LibFreeRTOS\Debug\libLibFreeRTOS.a(FreeRTOS_List.o)
                0x00004778                vListInitialise
 .text.vListInitialiseItem
                0x000047b8       0x18 O:\Documents\.3rd Year\EMbedded\BUGGY\Problem 2\Problem 2\LibFreeRTOS\Debug\libLibFreeRTOS.a(FreeRTOS_List.o)
                0x000047b8                vListInitialiseItem
 .text.vListInsertEnd
                0x000047d0       0x50 O:\Documents\.3rd Year\EMbedded\BUGGY\Problem 2\Problem 2\LibFreeRTOS\Debug\libLibFreeRTOS.a(FreeRTOS_List.o)
                0x000047d0                vListInsertEnd
 .text.vListInsert
                0x00004820       0x70 O:\Documents\.3rd Year\EMbedded\BUGGY\Problem 2\Problem 2\LibFreeRTOS\Debug\libLibFreeRTOS.a(FreeRTOS_List.o)
                0x00004820                vListInsert
 .text.vListRemove
                0x00004890       0x50 O:\Documents\.3rd Year\EMbedded\BUGGY\Problem 2\Problem 2\LibFreeRTOS\Debug\libLibFreeRTOS.a(FreeRTOS_List.o)
                0x00004890                vListRemove
 .text.NVIC_EnableIRQ
                0x000048e0       0x30 O:\Documents\.3rd Year\EMbedded\BUGGY\Problem 2\Problem 2\LibFreeRTOS\Debug\libLibFreeRTOS.a(FreeRTOS_SSP.o)
 .text.NVIC_DisableIRQ
                0x00004910       0x34 O:\Documents\.3rd Year\EMbedded\BUGGY\Problem 2\Problem 2\LibFreeRTOS\Debug\libLibFreeRTOS.a(FreeRTOS_SSP.o)
 .text.NVIC_SetPriority
                0x00004944       0x54 O:\Documents\.3rd Year\EMbedded\BUGGY\Problem 2\Problem 2\LibFreeRTOS\Debug\libLibFreeRTOS.a(FreeRTOS_SSP.o)
 .text.FreeRTOS_SSP_open
                0x00004998      0x198 O:\Documents\.3rd Year\EMbedded\BUGGY\Problem 2\Problem 2\LibFreeRTOS\Debug\libLibFreeRTOS.a(FreeRTOS_SSP.o)
                0x00004998                FreeRTOS_SSP_open
 .text.FreeRTOS_SSP_write
                0x00004b30       0xb8 O:\Documents\.3rd Year\EMbedded\BUGGY\Problem 2\Problem 2\LibFreeRTOS\Debug\libLibFreeRTOS.a(FreeRTOS_SSP.o)
                0x00004b30                FreeRTOS_SSP_write
 .text.FreeRTOS_SSP_read
                0x00004be8       0xa4 O:\Documents\.3rd Year\EMbedded\BUGGY\Problem 2\Problem 2\LibFreeRTOS\Debug\libLibFreeRTOS.a(FreeRTOS_SSP.o)
                0x00004be8                FreeRTOS_SSP_read
 .text.FreeRTOS_SSP_ioctl
                0x00004c8c      0x1d8 O:\Documents\.3rd Year\EMbedded\BUGGY\Problem 2\Problem 2\LibFreeRTOS\Debug\libLibFreeRTOS.a(FreeRTOS_SSP.o)
                0x00004c8c                FreeRTOS_SSP_ioctl
 .text.SSP1_IRQHandler
                0x00004e64      0x12c O:\Documents\.3rd Year\EMbedded\BUGGY\Problem 2\Problem 2\LibFreeRTOS\Debug\libLibFreeRTOS.a(FreeRTOS_SSP.o)
                0x00004e64                SSP1_IRQHandler
 .text.NVIC_EnableIRQ
                0x00004f90       0x30 O:\Documents\.3rd Year\EMbedded\BUGGY\Problem 2\Problem 2\LibFreeRTOS\Debug\libLibFreeRTOS.a(FreeRTOS_UART.o)
 .text.NVIC_DisableIRQ
                0x00004fc0       0x34 O:\Documents\.3rd Year\EMbedded\BUGGY\Problem 2\Problem 2\LibFreeRTOS\Debug\libLibFreeRTOS.a(FreeRTOS_UART.o)
 .text.NVIC_SetPriority
                0x00004ff4       0x54 O:\Documents\.3rd Year\EMbedded\BUGGY\Problem 2\Problem 2\LibFreeRTOS\Debug\libLibFreeRTOS.a(FreeRTOS_UART.o)
 .text.FreeRTOS_UART_open
                0x00005048       0xd0 O:\Documents\.3rd Year\EMbedded\BUGGY\Problem 2\Problem 2\LibFreeRTOS\Debug\libLibFreeRTOS.a(FreeRTOS_UART.o)
                0x00005048                FreeRTOS_UART_open
 .text.FreeRTOS_UART_write
                0x00005118      0x1cc O:\Documents\.3rd Year\EMbedded\BUGGY\Problem 2\Problem 2\LibFreeRTOS\Debug\libLibFreeRTOS.a(FreeRTOS_UART.o)
                0x00005118                FreeRTOS_UART_write
 .text.FreeRTOS_UART_read
                0x000052e4      0x10c O:\Documents\.3rd Year\EMbedded\BUGGY\Problem 2\Problem 2\LibFreeRTOS\Debug\libLibFreeRTOS.a(FreeRTOS_UART.o)
                0x000052e4                FreeRTOS_UART_read
 .text.prvFillFifoFromBuffer
                0x000053f0       0x58 O:\Documents\.3rd Year\EMbedded\BUGGY\Problem 2\Problem 2\LibFreeRTOS\Debug\libLibFreeRTOS.a(FreeRTOS_UART.o)
 .text.FreeRTOS_UART_ioctl
                0x00005448      0x10c O:\Documents\.3rd Year\EMbedded\BUGGY\Problem 2\Problem 2\LibFreeRTOS\Debug\libLibFreeRTOS.a(FreeRTOS_UART.o)
                0x00005448                FreeRTOS_UART_ioctl
 .text.UART3_IRQHandler
                0x00005554      0x238 O:\Documents\.3rd Year\EMbedded\BUGGY\Problem 2\Problem 2\LibFreeRTOS\Debug\libLibFreeRTOS.a(FreeRTOS_UART.o)
                0x00005554                UART3_IRQHandler
 .text.CLKPWR_SetPCLKDiv
                0x0000578c       0x8c O:\Documents\.3rd Year\EMbedded\BUGGY\Problem 2\Problem 2\LibLPC17xx\Debug\libLibLPC17xx.a(LPC17xx_ClockPower.o)
                0x0000578c                CLKPWR_SetPCLKDiv
 .text.CLKPWR_GetPCLKSEL
                0x00005818       0x4c O:\Documents\.3rd Year\EMbedded\BUGGY\Problem 2\Problem 2\LibLPC17xx\Debug\libLibLPC17xx.a(LPC17xx_ClockPower.o)
                0x00005818                CLKPWR_GetPCLKSEL
 .text.CLKPWR_GetPCLK
                0x00005864       0x64 O:\Documents\.3rd Year\EMbedded\BUGGY\Problem 2\Problem 2\LibLPC17xx\Debug\libLibLPC17xx.a(LPC17xx_ClockPower.o)
                0x00005864                CLKPWR_GetPCLK
 .text.CLKPWR_ConfigPPWR
                0x000058c8       0x58 O:\Documents\.3rd Year\EMbedded\BUGGY\Problem 2\Problem 2\LibLPC17xx\Debug\libLibLPC17xx.a(LPC17xx_ClockPower.o)
                0x000058c8                CLKPWR_ConfigPPWR
 .text.check_failed
                0x00005920        0xc O:\Documents\.3rd Year\EMbedded\BUGGY\Problem 2\Problem 2\LibLPC17xx\Debug\libLibLPC17xx.a(LPC17xx_Config.o)
                0x00005920                check_failed
 .text.DAC_Init
                0x0000592c       0x30 O:\Documents\.3rd Year\EMbedded\BUGGY\Problem 2\Problem 2\LibLPC17xx\Debug\libLibLPC17xx.a(LPC17xx_DAC.o)
                0x0000592c                DAC_Init
 .text.DAC_UpdateValue
                0x0000595c       0x44 O:\Documents\.3rd Year\EMbedded\BUGGY\Problem 2\Problem 2\LibLPC17xx\Debug\libLibLPC17xx.a(LPC17xx_DAC.o)
                0x0000595c                DAC_UpdateValue
 .text.DAC_SetBias
                0x000059a0       0x48 O:\Documents\.3rd Year\EMbedded\BUGGY\Problem 2\Problem 2\LibLPC17xx\Debug\libLibLPC17xx.a(LPC17xx_DAC.o)
                0x000059a0                DAC_SetBias
 .text.GPIO_GetPointer
                0x000059e8       0x74 O:\Documents\.3rd Year\EMbedded\BUGGY\Problem 2\Problem 2\LibLPC17xx\Debug\libLibLPC17xx.a(LPC17xx_GPIO.o)
 .text.GPIO_SetDir
                0x00005a5c       0x48 O:\Documents\.3rd Year\EMbedded\BUGGY\Problem 2\Problem 2\LibLPC17xx\Debug\libLibLPC17xx.a(LPC17xx_GPIO.o)
                0x00005a5c                GPIO_SetDir
 .text.GPIO_SetValue
                0x00005aa4       0x28 O:\Documents\.3rd Year\EMbedded\BUGGY\Problem 2\Problem 2\LibLPC17xx\Debug\libLibLPC17xx.a(LPC17xx_GPIO.o)
                0x00005aa4                GPIO_SetValue
 .text.GPIO_ClearValue
                0x00005acc       0x28 O:\Documents\.3rd Year\EMbedded\BUGGY\Problem 2\Problem 2\LibLPC17xx\Debug\libLibLPC17xx.a(LPC17xx_GPIO.o)
                0x00005acc                GPIO_ClearValue
 .text.GPIO_ReadValue
                0x00005af4       0x2c O:\Documents\.3rd Year\EMbedded\BUGGY\Problem 2\Problem 2\LibLPC17xx\Debug\libLibLPC17xx.a(LPC17xx_GPIO.o)
                0x00005af4                GPIO_ReadValue
 .text.GPIO_IntCmd
                0x00005b20       0x70 O:\Documents\.3rd Year\EMbedded\BUGGY\Problem 2\Problem 2\LibLPC17xx\Debug\libLibLPC17xx.a(LPC17xx_GPIO.o)
                0x00005b20                GPIO_IntCmd
 .text.GPIO_ClearInt
                0x00005b90       0x38 O:\Documents\.3rd Year\EMbedded\BUGGY\Problem 2\Problem 2\LibLPC17xx\Debug\libLibLPC17xx.a(LPC17xx_GPIO.o)
                0x00005b90                GPIO_ClearInt
 .text.NVIC_EnableIRQ
                0x00005bc8       0x30 O:\Documents\.3rd Year\EMbedded\BUGGY\Problem 2\Problem 2\LibLPC17xx\Debug\libLibLPC17xx.a(LPC17xx_I2C.o)
 .text.NVIC_DisableIRQ
                0x00005bf8       0x34 O:\Documents\.3rd Year\EMbedded\BUGGY\Problem 2\Problem 2\LibLPC17xx\Debug\libLibLPC17xx.a(LPC17xx_I2C.o)
 .text.I2C_getNum
                0x00005c2c       0x48 O:\Documents\.3rd Year\EMbedded\BUGGY\Problem 2\Problem 2\LibLPC17xx\Debug\libLibLPC17xx.a(LPC17xx_I2C.o)
 .text.I2C_Start
                0x00005c74       0x3c O:\Documents\.3rd Year\EMbedded\BUGGY\Problem 2\Problem 2\LibLPC17xx\Debug\libLibLPC17xx.a(LPC17xx_I2C.o)
                0x00005c74                I2C_Start
 .text.I2C_Stop
                0x00005cb0       0x30 O:\Documents\.3rd Year\EMbedded\BUGGY\Problem 2\Problem 2\LibLPC17xx\Debug\libLibLPC17xx.a(LPC17xx_I2C.o)
                0x00005cb0                I2C_Stop
 .text.I2C_SendByte
                0x00005ce0       0x6c O:\Documents\.3rd Year\EMbedded\BUGGY\Problem 2\Problem 2\LibLPC17xx\Debug\libLibLPC17xx.a(LPC17xx_I2C.o)
 .text.I2C_GetByte
                0x00005d4c       0x48 O:\Documents\.3rd Year\EMbedded\BUGGY\Problem 2\Problem 2\LibLPC17xx\Debug\libLibLPC17xx.a(LPC17xx_I2C.o)
 .text.I2C_SetClock
                0x00005d94       0xa4 O:\Documents\.3rd Year\EMbedded\BUGGY\Problem 2\Problem 2\LibLPC17xx\Debug\libLibLPC17xx.a(LPC17xx_I2C.o)
                0x00005d94                I2C_SetClock
 .text.I2C_Init
                0x00005e38       0xa4 O:\Documents\.3rd Year\EMbedded\BUGGY\Problem 2\Problem 2\LibLPC17xx\Debug\libLibLPC17xx.a(LPC17xx_I2C.o)
                0x00005e38                I2C_Init
 .text.I2C_Cmd  0x00005edc       0x80 O:\Documents\.3rd Year\EMbedded\BUGGY\Problem 2\Problem 2\LibLPC17xx\Debug\libLibLPC17xx.a(LPC17xx_I2C.o)
                0x00005edc                I2C_Cmd
 .text.I2C_IntCmd
                0x00005f5c       0x84 O:\Documents\.3rd Year\EMbedded\BUGGY\Problem 2\Problem 2\LibLPC17xx\Debug\libLibLPC17xx.a(LPC17xx_I2C.o)
                0x00005f5c                I2C_IntCmd
 .text.I2C_MasterHanleStates
                0x00005fe0      0x2fc O:\Documents\.3rd Year\EMbedded\BUGGY\Problem 2\Problem 2\LibLPC17xx\Debug\libLibLPC17xx.a(LPC17xx_I2C.o)
                0x00005fe0                I2C_MasterHanleStates
 .text.I2C_MasterTransferData
                0x000062dc      0x130 O:\Documents\.3rd Year\EMbedded\BUGGY\Problem 2\Problem 2\LibLPC17xx\Debug\libLibLPC17xx.a(LPC17xx_I2C.o)
                0x000062dc                I2C_MasterTransferData
 .text.set_PinFunc
                0x0000640c       0x80 O:\Documents\.3rd Year\EMbedded\BUGGY\Problem 2\Problem 2\LibLPC17xx\Debug\libLibLPC17xx.a(LPC17xx_PinSelect.o)
 .text.set_ResistorMode
                0x0000648c       0x80 O:\Documents\.3rd Year\EMbedded\BUGGY\Problem 2\Problem 2\LibLPC17xx\Debug\libLibLPC17xx.a(LPC17xx_PinSelect.o)
 .text.set_OpenDrainMode
                0x0000650c       0x6c O:\Documents\.3rd Year\EMbedded\BUGGY\Problem 2\Problem 2\LibLPC17xx\Debug\libLibLPC17xx.a(LPC17xx_PinSelect.o)
 .text.PINSEL_ConfigPin
                0x00006578       0x50 O:\Documents\.3rd Year\EMbedded\BUGGY\Problem 2\Problem 2\LibLPC17xx\Debug\libLibLPC17xx.a(LPC17xx_PinSelect.o)
                0x00006578                PINSEL_ConfigPin
 .text.setSSPclock
                0x000065c8       0xc4 O:\Documents\.3rd Year\EMbedded\BUGGY\Problem 2\Problem 2\LibLPC17xx\Debug\libLibLPC17xx.a(LPC17xx_SSP.o)
 .text.SSP_Init
                0x0000668c       0x9c O:\Documents\.3rd Year\EMbedded\BUGGY\Problem 2\Problem 2\LibLPC17xx\Debug\libLibLPC17xx.a(LPC17xx_SSP.o)
                0x0000668c                SSP_Init
 .text.SSP_DeInit
                0x00006728       0x58 O:\Documents\.3rd Year\EMbedded\BUGGY\Problem 2\Problem 2\LibLPC17xx\Debug\libLibLPC17xx.a(LPC17xx_SSP.o)
                0x00006728                SSP_DeInit
 .text.SSP_GetDataSize
                0x00006780       0x40 O:\Documents\.3rd Year\EMbedded\BUGGY\Problem 2\Problem 2\LibLPC17xx\Debug\libLibLPC17xx.a(LPC17xx_SSP.o)
                0x00006780                SSP_GetDataSize
 .text.SSP_ConfigStructInit
                0x000067c0       0x3c O:\Documents\.3rd Year\EMbedded\BUGGY\Problem 2\Problem 2\LibLPC17xx\Debug\libLibLPC17xx.a(LPC17xx_SSP.o)
                0x000067c0                SSP_ConfigStructInit
 .text.SSP_Cmd  0x000067fc       0x6c O:\Documents\.3rd Year\EMbedded\BUGGY\Problem 2\Problem 2\LibLPC17xx\Debug\libLibLPC17xx.a(LPC17xx_SSP.o)
                0x000067fc                SSP_Cmd
 .text.SSP_SendData
                0x00006868       0x40 O:\Documents\.3rd Year\EMbedded\BUGGY\Problem 2\Problem 2\LibLPC17xx\Debug\libLibLPC17xx.a(LPC17xx_SSP.o)
                0x00006868                SSP_SendData
 .text.SSP_ReceiveData
                0x000068a8       0x3c O:\Documents\.3rd Year\EMbedded\BUGGY\Problem 2\Problem 2\LibLPC17xx\Debug\libLibLPC17xx.a(LPC17xx_SSP.o)
                0x000068a8                SSP_ReceiveData
 .text.SSP_ReadWrite
                0x000068e4      0x364 O:\Documents\.3rd Year\EMbedded\BUGGY\Problem 2\Problem 2\LibLPC17xx\Debug\libLibLPC17xx.a(LPC17xx_SSP.o)
                0x000068e4                SSP_ReadWrite
 .text.SSP_IntConfig
                0x00006c48       0x60 O:\Documents\.3rd Year\EMbedded\BUGGY\Problem 2\Problem 2\LibLPC17xx\Debug\libLibLPC17xx.a(LPC17xx_SSP.o)
                0x00006c48                SSP_IntConfig
 .text.getPClock
                0x00006ca8       0x5c O:\Documents\.3rd Year\EMbedded\BUGGY\Problem 2\Problem 2\LibLPC17xx\Debug\libLibLPC17xx.a(LPC17xx_Timer.o)
 .text.converUSecToVal
                0x00006d04       0x60 O:\Documents\.3rd Year\EMbedded\BUGGY\Problem 2\Problem 2\LibLPC17xx\Debug\libLibLPC17xx.a(LPC17xx_Timer.o)
 .text.converPtrToTimeNum
                0x00006d64       0x60 O:\Documents\.3rd Year\EMbedded\BUGGY\Problem 2\Problem 2\LibLPC17xx\Debug\libLibLPC17xx.a(LPC17xx_Timer.o)
 .text.TIM_ClearIntPending
                0x00006dc4       0x84 O:\Documents\.3rd Year\EMbedded\BUGGY\Problem 2\Problem 2\LibLPC17xx\Debug\libLibLPC17xx.a(LPC17xx_Timer.o)
                0x00006dc4                TIM_ClearIntPending
 .text.TIM_Init
                0x00006e48      0x180 O:\Documents\.3rd Year\EMbedded\BUGGY\Problem 2\Problem 2\LibLPC17xx\Debug\libLibLPC17xx.a(LPC17xx_Timer.o)
                0x00006e48                TIM_Init
 .text.TIM_Cmd  0x00006fc8       0x6c O:\Documents\.3rd Year\EMbedded\BUGGY\Problem 2\Problem 2\LibLPC17xx\Debug\libLibLPC17xx.a(LPC17xx_Timer.o)
                0x00006fc8                TIM_Cmd
 .text.TIM_ResetCounter
                0x00007034       0x60 O:\Documents\.3rd Year\EMbedded\BUGGY\Problem 2\Problem 2\LibLPC17xx\Debug\libLibLPC17xx.a(LPC17xx_Timer.o)
                0x00007034                TIM_ResetCounter
 .text.TIM_ConfigMatch
                0x00007094      0x184 O:\Documents\.3rd Year\EMbedded\BUGGY\Problem 2\Problem 2\LibLPC17xx\Debug\libLibLPC17xx.a(LPC17xx_Timer.o)
                0x00007094                TIM_ConfigMatch
 .text.uart_set_divisors
                0x00007218      0x2b0 O:\Documents\.3rd Year\EMbedded\BUGGY\Problem 2\Problem 2\LibLPC17xx\Debug\libLibLPC17xx.a(LPC17xx_UART.o)
 .text.UART_Init
                0x000074c8      0x2e4 O:\Documents\.3rd Year\EMbedded\BUGGY\Problem 2\Problem 2\LibLPC17xx\Debug\libLibLPC17xx.a(LPC17xx_UART.o)
                0x000074c8                UART_Init
 .text.UART_SendByte
                0x000077ac       0x68 O:\Documents\.3rd Year\EMbedded\BUGGY\Problem 2\Problem 2\LibLPC17xx\Debug\libLibLPC17xx.a(LPC17xx_UART.o)
                0x000077ac                UART_SendByte
 .text.UART_ReceiveByte
                0x00007814       0x64 O:\Documents\.3rd Year\EMbedded\BUGGY\Problem 2\Problem 2\LibLPC17xx\Debug\libLibLPC17xx.a(LPC17xx_UART.o)
                0x00007814                UART_ReceiveByte
 .text.UART_Send
                0x00007878       0xe8 O:\Documents\.3rd Year\EMbedded\BUGGY\Problem 2\Problem 2\LibLPC17xx\Debug\libLibLPC17xx.a(LPC17xx_UART.o)
                0x00007878                UART_Send
 .text.UART_Receive
                0x00007960       0xb8 O:\Documents\.3rd Year\EMbedded\BUGGY\Problem 2\Problem 2\LibLPC17xx\Debug\libLibLPC17xx.a(LPC17xx_UART.o)
                0x00007960                UART_Receive
 .text.UART_IntConfig
                0x00007a18      0x188 O:\Documents\.3rd Year\EMbedded\BUGGY\Problem 2\Problem 2\LibLPC17xx\Debug\libLibLPC17xx.a(LPC17xx_UART.o)
                0x00007a18                UART_IntConfig
 .text.UART_GetIntId
                0x00007ba0       0x58 O:\Documents\.3rd Year\EMbedded\BUGGY\Problem 2\Problem 2\LibLPC17xx\Debug\libLibLPC17xx.a(LPC17xx_UART.o)
                0x00007ba0                UART_GetIntId
 .text.UART_CheckBusy
                0x00007bf8       0x28 O:\Documents\.3rd Year\EMbedded\BUGGY\Problem 2\Problem 2\LibLPC17xx\Debug\libLibLPC17xx.a(LPC17xx_UART.o)
                0x00007bf8                UART_CheckBusy
 .text.UART_FIFOConfig
                0x00007c20      0x158 O:\Documents\.3rd Year\EMbedded\BUGGY\Problem 2\Problem 2\LibLPC17xx\Debug\libLibLPC17xx.a(LPC17xx_UART.o)
                0x00007c20                UART_FIFOConfig
 .text.UART_TxCmd
                0x00007d78       0xc8 O:\Documents\.3rd Year\EMbedded\BUGGY\Problem 2\Problem 2\LibLPC17xx\Debug\libLibLPC17xx.a(LPC17xx_UART.o)
                0x00007d78                UART_TxCmd
 .text.SystemInit
                0x00007e40      0x164 O:\Documents\.3rd Year\EMbedded\BUGGY\Problem 2\Problem 2\LibCMSIS\Debug\libLibCMSIS.a(System_LPC17xx.o)
                0x00007e40                SystemInit
 .text          0x00007fa4       0x30 c:/nxp/lpcxpresso_7.8.0_426/lpcxpresso/tools/bin/../lib/gcc/arm-none-eabi/4.9.3/armv7-m\libgcc.a(_aeabi_uldivmod.o)
                0x00007fa4                __aeabi_uldivmod
 .text          0x00007fd4       0x60 c:/nxp/lpcxpresso_7.8.0_426/lpcxpresso/tools/bin/../lib/gcc/arm-none-eabi/4.9.3/armv7-m\libgcc.a(bpabi.o)
                0x00007fd4                __gnu_ldivmod_helper
                0x00008004                __gnu_uldivmod_helper
 .text          0x00008034        0x4 c:/nxp/lpcxpresso_7.8.0_426/lpcxpresso/tools/bin/../lib/gcc/arm-none-eabi/4.9.3/armv7-m\libgcc.a(_dvmd_tls.o)
                0x00008034                __aeabi_idiv0
                0x00008034                __aeabi_ldiv0
 .text          0x00008038      0x2ac c:/nxp/lpcxpresso_7.8.0_426/lpcxpresso/tools/bin/../lib/gcc/arm-none-eabi/4.9.3/armv7-m\libgcc.a(_divdi3.o)
                0x00008038                __divdi3
 .text          0x000082e4      0x270 c:/nxp/lpcxpresso_7.8.0_426/lpcxpresso/tools/bin/../lib/gcc/arm-none-eabi/4.9.3/armv7-m\libgcc.a(_udivdi3.o)
                0x000082e4                __udivdi3
 .text.abs      0x00008554        0x8 c:/nxp/lpcxpresso_7.8.0_426/lpcxpresso/tools/bin/../lib/gcc/arm-none-eabi/4.9.3/../../../../arm-none-eabi/lib/armv7-m\libc.a(lib_a-abs.o)
                0x00008554                abs
 .text.memcmp   0x0000855c       0x64 c:/nxp/lpcxpresso_7.8.0_426/lpcxpresso/tools/bin/../lib/gcc/arm-none-eabi/4.9.3/../../../../arm-none-eabi/lib/armv7-m\libc.a(lib_a-memcmp.o)
                0x0000855c                memcmp
 .text          0x000085c0       0xec c:/nxp/lpcxpresso_7.8.0_426/lpcxpresso/tools/bin/../lib/gcc/arm-none-eabi/4.9.3/../../../../arm-none-eabi/lib/armv7-m\libc.a(lib_a-memcpy.o)
                0x000085c0                memcpy
 .text.memset   0x000086ac       0x9c c:/nxp/lpcxpresso_7.8.0_426/lpcxpresso/tools/bin/../lib/gcc/arm-none-eabi/4.9.3/../../../../arm-none-eabi/lib/armv7-m\libc.a(lib_a-memset.o)
                0x000086ac                memset
 .text.sprintf  0x00008748       0x4c c:/nxp/lpcxpresso_7.8.0_426/lpcxpresso/tools/bin/../lib/gcc/arm-none-eabi/4.9.3/../../../../arm-none-eabi/lib/armv7-m\libc.a(lib_a-sprintf.o)
                0x00008748                sprintf
 .text          0x00008794      0x1bc c:/nxp/lpcxpresso_7.8.0_426/lpcxpresso/tools/bin/../lib/gcc/arm-none-eabi/4.9.3/../../../../arm-none-eabi/lib/armv7-m\libc.a(lib_a-strcmp.o)
                0x00008794                strcmp
 .text.strncpy  0x00008950       0x68 c:/nxp/lpcxpresso_7.8.0_426/lpcxpresso/tools/bin/../lib/gcc/arm-none-eabi/4.9.3/../../../../arm-none-eabi/lib/armv7-m\libc.a(lib_a-strncpy.o)
                0x00008950                strncpy
 .text._svfprintf_r
                0x000089b8     0x14f4 c:/nxp/lpcxpresso_7.8.0_426/lpcxpresso/tools/bin/../lib/gcc/arm-none-eabi/4.9.3/../../../../arm-none-eabi/lib/armv7-m\libc.a(lib_a-svfprintf.o)
                0x000089b8                _svfprintf_r
 .text.quorem   0x00009eac      0x130 c:/nxp/lpcxpresso_7.8.0_426/lpcxpresso/tools/bin/../lib/gcc/arm-none-eabi/4.9.3/../../../../arm-none-eabi/lib/armv7-m\libc.a(lib_a-dtoa.o)
 *fill*         0x00009fdc        0x4 
 .text._dtoa_r  0x00009fe0      0xea8 c:/nxp/lpcxpresso_7.8.0_426/lpcxpresso/tools/bin/../lib/gcc/arm-none-eabi/4.9.3/../../../../arm-none-eabi/lib/armv7-m\libc.a(lib_a-dtoa.o)
                0x00009fe0                _dtoa_r
 .text._malloc_trim_r
                0x0000ae88       0x9c c:/nxp/lpcxpresso_7.8.0_426/lpcxpresso/tools/bin/../lib/gcc/arm-none-eabi/4.9.3/../../../../arm-none-eabi/lib/armv7-m\libc.a(lib_a-freer.o)
                0x0000ae88                _malloc_trim_r
 .text._free_r  0x0000af24      0x1b0 c:/nxp/lpcxpresso_7.8.0_426/lpcxpresso/tools/bin/../lib/gcc/arm-none-eabi/4.9.3/../../../../arm-none-eabi/lib/armv7-m\libc.a(lib_a-freer.o)
                0x0000af24                _free_r
 .text._localeconv_r
                0x0000b0d4        0x8 c:/nxp/lpcxpresso_7.8.0_426/lpcxpresso/tools/bin/../lib/gcc/arm-none-eabi/4.9.3/../../../../arm-none-eabi/lib/armv7-m\libc.a(lib_a-locale.o)
                0x0000b0d4                _localeconv_r
 .text._malloc_r
                0x0000b0dc      0x50c c:/nxp/lpcxpresso_7.8.0_426/lpcxpresso/tools/bin/../lib/gcc/arm-none-eabi/4.9.3/../../../../arm-none-eabi/lib/armv7-m\libc.a(lib_a-mallocr.o)
                0x0000b0dc                _malloc_r
 .text.memchr   0x0000b5e8       0x94 c:/nxp/lpcxpresso_7.8.0_426/lpcxpresso/tools/bin/../lib/gcc/arm-none-eabi/4.9.3/../../../../arm-none-eabi/lib/armv7-m\libc.a(lib_a-memchr.o)
                0x0000b5e8                memchr
 .text.__malloc_lock
                0x0000b67c        0x4 c:/nxp/lpcxpresso_7.8.0_426/lpcxpresso/tools/bin/../lib/gcc/arm-none-eabi/4.9.3/../../../../arm-none-eabi/lib/armv7-m\libc.a(lib_a-mlock.o)
                0x0000b67c                __malloc_lock
 .text.__malloc_unlock
                0x0000b680        0x4 c:/nxp/lpcxpresso_7.8.0_426/lpcxpresso/tools/bin/../lib/gcc/arm-none-eabi/4.9.3/../../../../arm-none-eabi/lib/armv7-m\libc.a(lib_a-mlock.o)
                0x0000b680                __malloc_unlock
 .text._Balloc  0x0000b684       0x50 c:/nxp/lpcxpresso_7.8.0_426/lpcxpresso/tools/bin/../lib/gcc/arm-none-eabi/4.9.3/../../../../arm-none-eabi/lib/armv7-m\libc.a(lib_a-mprec.o)
                0x0000b684                _Balloc
 .text._Bfree   0x0000b6d4       0x14 c:/nxp/lpcxpresso_7.8.0_426/lpcxpresso/tools/bin/../lib/gcc/arm-none-eabi/4.9.3/../../../../arm-none-eabi/lib/armv7-m\libc.a(lib_a-mprec.o)
                0x0000b6d4                _Bfree
 .text.__multadd
                0x0000b6e8       0x84 c:/nxp/lpcxpresso_7.8.0_426/lpcxpresso/tools/bin/../lib/gcc/arm-none-eabi/4.9.3/../../../../arm-none-eabi/lib/armv7-m\libc.a(lib_a-mprec.o)
                0x0000b6e8                __multadd
 .text.__hi0bits
                0x0000b76c       0x40 c:/nxp/lpcxpresso_7.8.0_426/lpcxpresso/tools/bin/../lib/gcc/arm-none-eabi/4.9.3/../../../../arm-none-eabi/lib/armv7-m\libc.a(lib_a-mprec.o)
                0x0000b76c                __hi0bits
 .text.__lo0bits
                0x0000b7ac       0x5c c:/nxp/lpcxpresso_7.8.0_426/lpcxpresso/tools/bin/../lib/gcc/arm-none-eabi/4.9.3/../../../../arm-none-eabi/lib/armv7-m\libc.a(lib_a-mprec.o)
                0x0000b7ac                __lo0bits
 .text.__i2b    0x0000b808       0x14 c:/nxp/lpcxpresso_7.8.0_426/lpcxpresso/tools/bin/../lib/gcc/arm-none-eabi/4.9.3/../../../../arm-none-eabi/lib/armv7-m\libc.a(lib_a-mprec.o)
                0x0000b808                __i2b
 .text.__multiply
                0x0000b81c      0x140 c:/nxp/lpcxpresso_7.8.0_426/lpcxpresso/tools/bin/../lib/gcc/arm-none-eabi/4.9.3/../../../../arm-none-eabi/lib/armv7-m\libc.a(lib_a-mprec.o)
                0x0000b81c                __multiply
 .text.__pow5mult
                0x0000b95c       0xa0 c:/nxp/lpcxpresso_7.8.0_426/lpcxpresso/tools/bin/../lib/gcc/arm-none-eabi/4.9.3/../../../../arm-none-eabi/lib/armv7-m\libc.a(lib_a-mprec.o)
                0x0000b95c                __pow5mult
 .text.__lshift
                0x0000b9fc       0xb0 c:/nxp/lpcxpresso_7.8.0_426/lpcxpresso/tools/bin/../lib/gcc/arm-none-eabi/4.9.3/../../../../arm-none-eabi/lib/armv7-m\libc.a(lib_a-mprec.o)
                0x0000b9fc                __lshift
 .text.__mcmp   0x0000baac       0x48 c:/nxp/lpcxpresso_7.8.0_426/lpcxpresso/tools/bin/../lib/gcc/arm-none-eabi/4.9.3/../../../../arm-none-eabi/lib/armv7-m\libc.a(lib_a-mprec.o)
                0x0000baac                __mcmp
 .text.__mdiff  0x0000baf4       0xe4 c:/nxp/lpcxpresso_7.8.0_426/lpcxpresso/tools/bin/../lib/gcc/arm-none-eabi/4.9.3/../../../../arm-none-eabi/lib/armv7-m\libc.a(lib_a-mprec.o)
                0x0000baf4                __mdiff
 .text.__d2b    0x0000bbd8       0xa8 c:/nxp/lpcxpresso_7.8.0_426/lpcxpresso/tools/bin/../lib/gcc/arm-none-eabi/4.9.3/../../../../arm-none-eabi/lib/armv7-m\libc.a(lib_a-mprec.o)
                0x0000bbd8                __d2b
 .text.__fpclassifyd
                0x0000bc80       0x58 c:/nxp/lpcxpresso_7.8.0_426/lpcxpresso/tools/bin/../lib/gcc/arm-none-eabi/4.9.3/../../../../arm-none-eabi/lib/armv7-m\libc.a(lib_a-s_fpclassify.o)
                0x0000bc80                __fpclassifyd
 .text._sbrk_r  0x0000bcd8       0x24 c:/nxp/lpcxpresso_7.8.0_426/lpcxpresso/tools/bin/../lib/gcc/arm-none-eabi/4.9.3/../../../../arm-none-eabi/lib/armv7-m\libc.a(lib_a-sbrkr.o)
                0x0000bcd8                _sbrk_r
 .text.strlen   0x0000bcfc       0x5c c:/nxp/lpcxpresso_7.8.0_426/lpcxpresso/tools/bin/../lib/gcc/arm-none-eabi/4.9.3/../../../../arm-none-eabi/lib/armv7-m\libc.a(lib_a-strlen.o)
                0x0000bcfc                strlen
 .text.__ssprint_r
                0x0000bd58      0x104 c:/nxp/lpcxpresso_7.8.0_426/lpcxpresso/tools/bin/../lib/gcc/arm-none-eabi/4.9.3/../../../../arm-none-eabi/lib/armv7-m\libc.a(lib_a-svfiprintf.o)
                0x0000bd58                __ssprint_r
 .text._calloc_r
                0x0000be5c       0x60 c:/nxp/lpcxpresso_7.8.0_426/lpcxpresso/tools/bin/../lib/gcc/arm-none-eabi/4.9.3/../../../../arm-none-eabi/lib/armv7-m\libc.a(lib_a-callocr.o)
                0x0000be5c                _calloc_r
 .text.memmove  0x0000bebc       0xc8 c:/nxp/lpcxpresso_7.8.0_426/lpcxpresso/tools/bin/../lib/gcc/arm-none-eabi/4.9.3/../../../../arm-none-eabi/lib/armv7-m\libc.a(lib_a-memmove.o)
                0x0000bebc                memmove
 .text._realloc_r
                0x0000bf84      0x3e0 c:/nxp/lpcxpresso_7.8.0_426/lpcxpresso/tools/bin/../lib/gcc/arm-none-eabi/4.9.3/../../../../arm-none-eabi/lib/armv7-m\libc.a(lib_a-reallocr.o)
                0x0000bf84                _realloc_r
 .text          0x0000c364      0x370 c:/nxp/lpcxpresso_7.8.0_426/lpcxpresso/tools/bin/../lib/gcc/arm-none-eabi/4.9.3/armv7-m\libgcc.a(_arm_addsubdf3.o)
                0x0000c364                __aeabi_drsub
                0x0000c36c                __aeabi_dsub
                0x0000c36c                __subdf3
                0x0000c370                __aeabi_dadd
                0x0000c370                __adddf3
                0x0000c5e8                __floatunsidf
                0x0000c5e8                __aeabi_ui2d
                0x0000c608                __floatsidf
                0x0000c608                __aeabi_i2d
                0x0000c62c                __aeabi_f2d
                0x0000c62c                __extendsfdf2
                0x0000c668                __floatundidf
                0x0000c668                __aeabi_ul2d
                0x0000c678                __floatdidf
                0x0000c678                __aeabi_l2d
 .text          0x0000c6d4      0x424 c:/nxp/lpcxpresso_7.8.0_426/lpcxpresso/tools/bin/../lib/gcc/arm-none-eabi/4.9.3/armv7-m\libgcc.a(_arm_muldivdf3.o)
                0x0000c6d4                __aeabi_dmul
                0x0000c6d4                __muldf3
                0x0000c928                __divdf3
                0x0000c928                __aeabi_ddiv
 .text          0x0000caf8      0x110 c:/nxp/lpcxpresso_7.8.0_426/lpcxpresso/tools/bin/../lib/gcc/arm-none-eabi/4.9.3/armv7-m\libgcc.a(_arm_cmpdf2.o)
                0x0000caf8                __gtdf2
                0x0000caf8                __gedf2
                0x0000cb00                __ltdf2
                0x0000cb00                __ledf2
                0x0000cb08                __nedf2
                0x0000cb08                __eqdf2
                0x0000cb08                __cmpdf2
                0x0000cb84                __aeabi_cdrcmple
                0x0000cb94                __aeabi_cdcmpeq
                0x0000cb94                __aeabi_cdcmple
                0x0000cba4                __aeabi_dcmpeq
                0x0000cbb8                __aeabi_dcmplt
                0x0000cbcc                __aeabi_dcmple
                0x0000cbe0                __aeabi_dcmpge
                0x0000cbf4                __aeabi_dcmpgt
 .text          0x0000cc08       0x50 c:/nxp/lpcxpresso_7.8.0_426/lpcxpresso/tools/bin/../lib/gcc/arm-none-eabi/4.9.3/armv7-m\libgcc.a(_arm_fixdfsi.o)
                0x0000cc08                __aeabi_d2iz
                0x0000cc08                __fixdfsi
 *(.rodata .rodata.* .constdata .constdata.*)
 .rodata.Font5x7
                0x0000cc58      0x300 ./Source/Font5x7.o
                0x0000cc58                Font5x7
 .rodata.WavPlayer_Sample
                0x0000cf58     0xb5f0 ./Source/Main.o
                0x0000cf58                WavPlayer_Sample
 .rodata.SevenSegmentDecoder
                0x00018548        0xc ./Source/Main.o
 .rodata        0x00018554      0x194 ./Source/Main.o
 .rodata.Font_Mask
                0x000186e8        0x8 ./Source/OLED.o
 .rodata        0x000186f0       0x18 O:\Documents\.3rd Year\EMbedded\BUGGY\Problem 2\Problem 2\LibFreeRTOS\Debug\libLibFreeRTOS.a(FreeRTOS_DriverInterface.o)
 .rodata.xAvailablePeripherals
                0x00018708       0x24 O:\Documents\.3rd Year\EMbedded\BUGGY\Problem 2\Problem 2\LibFreeRTOS\Debug\libLibFreeRTOS.a(FreeRTOS_DriverInterface.o)
 .rodata        0x0001872c       0x20 O:\Documents\.3rd Year\EMbedded\BUGGY\Problem 2\Problem 2\LibFreeRTOS\Debug\libLibFreeRTOS.a(FreeRTOS_Tasks.o)
 .rodata.ucExpectedStackBytes.5571
                0x0001874c       0x14 O:\Documents\.3rd Year\EMbedded\BUGGY\Problem 2\Problem 2\LibFreeRTOS\Debug\libLibFreeRTOS.a(FreeRTOS_Tasks.o)
 .rodata        0x00018760        0x8 O:\Documents\.3rd Year\EMbedded\BUGGY\Problem 2\Problem 2\LibFreeRTOS\Debug\libLibFreeRTOS.a(FreeRTOS_Timers.o)
 .rodata.xIRQ   0x00018768        0x4 O:\Documents\.3rd Year\EMbedded\BUGGY\Problem 2\Problem 2\LibFreeRTOS\Debug\libLibFreeRTOS.a(FreeRTOS_I2C.o)
 .rodata.xIRQ   0x0001876c        0x4 O:\Documents\.3rd Year\EMbedded\BUGGY\Problem 2\Problem 2\LibFreeRTOS\Debug\libLibFreeRTOS.a(FreeRTOS_SSP.o)
 .rodata.xIRQ   0x00018770        0x4 O:\Documents\.3rd Year\EMbedded\BUGGY\Problem 2\Problem 2\LibFreeRTOS\Debug\libLibFreeRTOS.a(FreeRTOS_UART.o)
 .rodata        0x00018774       0x18 O:\Documents\.3rd Year\EMbedded\BUGGY\Problem 2\Problem 2\LibLPC17xx\Debug\libLibLPC17xx.a(LPC17xx_DAC.o)
 .rodata        0x0001878c       0x18 O:\Documents\.3rd Year\EMbedded\BUGGY\Problem 2\Problem 2\LibLPC17xx\Debug\libLibLPC17xx.a(LPC17xx_I2C.o)
 .rodata        0x000187a4       0x18 O:\Documents\.3rd Year\EMbedded\BUGGY\Problem 2\Problem 2\LibLPC17xx\Debug\libLibLPC17xx.a(LPC17xx_SSP.o)
 .rodata        0x000187bc       0x1c O:\Documents\.3rd Year\EMbedded\BUGGY\Problem 2\Problem 2\LibLPC17xx\Debug\libLibLPC17xx.a(LPC17xx_Timer.o)
 .rodata        0x000187d8       0x1c O:\Documents\.3rd Year\EMbedded\BUGGY\Problem 2\Problem 2\LibLPC17xx\Debug\libLibLPC17xx.a(LPC17xx_UART.o)
 .rodata.zeroes.6916
                0x000187f4       0x10 c:/nxp/lpcxpresso_7.8.0_426/lpcxpresso/tools/bin/../lib/gcc/arm-none-eabi/4.9.3/../../../../arm-none-eabi/lib/armv7-m\libc.a(lib_a-svfprintf.o)
 .rodata.str1.4
                0x00018804       0x42 c:/nxp/lpcxpresso_7.8.0_426/lpcxpresso/tools/bin/../lib/gcc/arm-none-eabi/4.9.3/../../../../arm-none-eabi/lib/armv7-m\libc.a(lib_a-svfprintf.o)
                                 0x44 (size before relaxing)
 *fill*         0x00018846        0x2 
 .rodata.blanks.6915
                0x00018848       0x10 c:/nxp/lpcxpresso_7.8.0_426/lpcxpresso/tools/bin/../lib/gcc/arm-none-eabi/4.9.3/../../../../arm-none-eabi/lib/armv7-m\libc.a(lib_a-svfprintf.o)
 .rodata.str1.4
                0x00018858       0x10 c:/nxp/lpcxpresso_7.8.0_426/lpcxpresso/tools/bin/../lib/gcc/arm-none-eabi/4.9.3/../../../../arm-none-eabi/lib/armv7-m\libc.a(lib_a-dtoa.o)
                                 0x14 (size before relaxing)
 .rodata.str1.4
                0x00018868        0x2 c:/nxp/lpcxpresso_7.8.0_426/lpcxpresso/tools/bin/../lib/gcc/arm-none-eabi/4.9.3/../../../../arm-none-eabi/lib/armv7-m\libc.a(lib_a-impure.o)
                                  0x4 (size before relaxing)
 *fill*         0x0001886a        0x2 
 .rodata.str1.4
                0x0001886c        0xc c:/nxp/lpcxpresso_7.8.0_426/lpcxpresso/tools/bin/../lib/gcc/arm-none-eabi/4.9.3/../../../../arm-none-eabi/lib/armv7-m\libc.a(lib_a-locale.o)
                                 0x14 (size before relaxing)
 .rodata.p05.5296
                0x00018878        0xc c:/nxp/lpcxpresso_7.8.0_426/lpcxpresso/tools/bin/../lib/gcc/arm-none-eabi/4.9.3/../../../../arm-none-eabi/lib/armv7-m\libc.a(lib_a-mprec.o)
 *fill*         0x00018884        0x4 
 .rodata.__mprec_tens
                0x00018888       0xc8 c:/nxp/lpcxpresso_7.8.0_426/lpcxpresso/tools/bin/../lib/gcc/arm-none-eabi/4.9.3/../../../../arm-none-eabi/lib/armv7-m\libc.a(lib_a-mprec.o)
                0x00018888                __mprec_tens
 .rodata.__mprec_bigtens
                0x00018950       0x28 c:/nxp/lpcxpresso_7.8.0_426/lpcxpresso/tools/bin/../lib/gcc/arm-none-eabi/4.9.3/../../../../arm-none-eabi/lib/armv7-m\libc.a(lib_a-mprec.o)
                0x00018950                __mprec_bigtens
                0x00018978                . = ALIGN (0x4)

.glue_7         0x00018978        0x0
 .glue_7        0x00000000        0x0 linker stubs

.glue_7t        0x00018978        0x0
 .glue_7t       0x00000000        0x0 linker stubs

.vfp11_veneer   0x00018978        0x0
 .vfp11_veneer  0x00000000        0x0 linker stubs

.v4_bx          0x00018978        0x0
 .v4_bx         0x00000000        0x0 linker stubs

.iplt           0x00018978        0x0
 .iplt          0x00000000        0x0 ./Source/Font5x7.o

.ARM.extab
 *(.ARM.extab* .gnu.linkonce.armextab.*)
                0x00018978                __exidx_start = .

.ARM.exidx      0x00018978        0x8
 *(.ARM.exidx* .gnu.linkonce.armexidx.*)
 .ARM.exidx     0x00018978        0x8 c:/nxp/lpcxpresso_7.8.0_426/lpcxpresso/tools/bin/../lib/gcc/arm-none-eabi/4.9.3/armv7-m\libgcc.a(_divdi3.o)
 .ARM.exidx     0x00018980        0x0 c:/nxp/lpcxpresso_7.8.0_426/lpcxpresso/tools/bin/../lib/gcc/arm-none-eabi/4.9.3/armv7-m\libgcc.a(_udivdi3.o)
                                  0x8 (size before relaxing)
                0x00018980                __exidx_end = .
                0x00018980                _etext = .

.rel.dyn        0x00018980        0x0
 .rel.iplt      0x00000000        0x0 ./Source/Font5x7.o

.data_RAM2      0x2007c000        0x0 load address 0x00018980
 FILL mask 0xff
                0x2007c000                PROVIDE (__start_data_RAM2, .)
 *(.ramfunc.$RAM2)
 *(.ramfunc.$RamAHB32)
 *(.data.$RAM2*)
 *(.data.$RamAHB32*)
                0x2007c000                . = ALIGN (0x4)
                0x2007c000                PROVIDE (__end_data_RAM2, .)

.uninit_RESERVED
                0x10000000        0x0
 *(.bss.$RESERVED*)
                0x10000000                . = ALIGN (0x4)
                0x10000000                _end_uninit_RESERVED = .

.data           0x10000000      0x88c load address 0x00018980
 FILL mask 0xff
                0x10000000                _data = .
 *(vtable)
 *(.ramfunc*)
 *(.data*)
 .data.DFR_PWMRate
                0x10000000        0x4 ./Source/dfrobot.o
                0x10000000                DFR_PWMRate
 .data.DFR_Gear
                0x10000004        0x1 ./Source/dfrobot.o
                0x10000004                DFR_Gear
 *fill*         0x10000005        0x3 
 .data.xFreeBytesRemaining
                0x10000008        0x4 O:\Documents\.3rd Year\EMbedded\BUGGY\Problem 2\Problem 2\LibFreeRTOS\Debug\libLibFreeRTOS.a(FreeRTOS_Heap.o)
 .data.uxCriticalNesting
                0x1000000c        0x4 O:\Documents\.3rd Year\EMbedded\BUGGY\Problem 2\Problem 2\LibFreeRTOS\Debug\libLibFreeRTOS.a(FreeRTOS_Port.o)
 .data.xNextTaskUnblockTime
                0x10000010        0x4 O:\Documents\.3rd Year\EMbedded\BUGGY\Problem 2\Problem 2\LibFreeRTOS\Debug\libLibFreeRTOS.a(FreeRTOS_Tasks.o)
 .data.SystemCoreClock
                0x10000014        0x4 O:\Documents\.3rd Year\EMbedded\BUGGY\Problem 2\Problem 2\LibCMSIS\Debug\libLibCMSIS.a(System_LPC17xx.o)
                0x10000014                SystemCoreClock
 .data.impure_data
                0x10000018      0x428 c:/nxp/lpcxpresso_7.8.0_426/lpcxpresso/tools/bin/../lib/gcc/arm-none-eabi/4.9.3/../../../../arm-none-eabi/lib/armv7-m\libc.a(lib_a-impure.o)
 .data._impure_ptr
                0x10000440        0x4 c:/nxp/lpcxpresso_7.8.0_426/lpcxpresso/tools/bin/../lib/gcc/arm-none-eabi/4.9.3/../../../../arm-none-eabi/lib/armv7-m\libc.a(lib_a-impure.o)
                0x10000440                _impure_ptr
 .data.lconv    0x10000444       0x38 c:/nxp/lpcxpresso_7.8.0_426/lpcxpresso/tools/bin/../lib/gcc/arm-none-eabi/4.9.3/../../../../arm-none-eabi/lib/armv7-m\libc.a(lib_a-locale.o)
 .data.__malloc_av_
                0x1000047c      0x408 c:/nxp/lpcxpresso_7.8.0_426/lpcxpresso/tools/bin/../lib/gcc/arm-none-eabi/4.9.3/../../../../arm-none-eabi/lib/armv7-m\libc.a(lib_a-mallocr.o)
                0x1000047c                __malloc_av_
 .data.__malloc_trim_threshold
                0x10000884        0x4 c:/nxp/lpcxpresso_7.8.0_426/lpcxpresso/tools/bin/../lib/gcc/arm-none-eabi/4.9.3/../../../../arm-none-eabi/lib/armv7-m\libc.a(lib_a-mallocr.o)
                0x10000884                __malloc_trim_threshold
 .data.__malloc_sbrk_base
                0x10000888        0x4 c:/nxp/lpcxpresso_7.8.0_426/lpcxpresso/tools/bin/../lib/gcc/arm-none-eabi/4.9.3/../../../../arm-none-eabi/lib/armv7-m\libc.a(lib_a-mallocr.o)
                0x10000888                __malloc_sbrk_base
                0x1000088c                . = ALIGN (0x4)
                0x1000088c                _edata = .

.igot.plt       0x1000088c        0x0 load address 0x0001920c
 .igot.plt      0x00000000        0x0 ./Source/Font5x7.o

.bss_RAM2       0x2007c000        0x0
                0x2007c000                PROVIDE (__start_bss_RAM2, .)
 *(.bss.$RAM2*)
 *(.bss.$RamAHB32*)
                0x2007c000                . = ALIGN (0x4)
                0x2007c000                PROVIDE (__end_bss_RAM2, .)

.bss            0x10000890     0x421c
                0x10000890                _bss = .
 *(.bss*)
 .bss.SoftwareTimer
                0x10000890        0x4 ./Source/Main.o
 .bss.dx        0x10000894        0x4 ./Source/Main.o
                0x10000894                dx
 .bss.dy        0x10000898        0x4 ./Source/Main.o
                0x10000898                dy
 .bss.cx        0x1000089c        0x4 ./Source/Main.o
                0x1000089c                cx
 .bss.cy        0x100008a0        0x4 ./Source/Main.o
                0x100008a0                cy
 .bss.c         0x100008a4        0x4 ./Source/Main.o
                0x100008a4                c
 .bss.centrePressed
                0x100008a8        0x4 ./Source/Main.o
                0x100008a8                centrePressed
 .bss.heap_end.4110
                0x100008ac        0x4 ./Source/NoSystem.o
 .bss.ShadowFB  0x100008b0      0x300 ./Source/OLED.o
 .bss.SPIPort   0x10000bb0        0x4 ./Source/OLED.o
 .bss.SongPosition
                0x10000bb4        0x4 ./Source/WavPlayer.o
                0x10000bb4                SongPosition
 .bss.SongLength
                0x10000bb8        0x4 ./Source/WavPlayer.o
                0x10000bb8                SongLength
 .bss.RightWheelCount
                0x10000bbc        0x1 ./Source/dfrobot.o
                0x10000bbc                RightWheelCount
 .bss.LeftWheelCount
                0x10000bbd        0x1 ./Source/dfrobot.o
                0x10000bbd                LeftWheelCount
 *fill*         0x10000bbe        0x2 
 .bss.xHeap     0x10000bc0     0x3c00 O:\Documents\.3rd Year\EMbedded\BUGGY\Problem 2\Problem 2\LibFreeRTOS\Debug\libLibFreeRTOS.a(FreeRTOS_Heap.o)
 .bss.xStart    0x100047c0        0x8 O:\Documents\.3rd Year\EMbedded\BUGGY\Problem 2\Problem 2\LibFreeRTOS\Debug\libLibFreeRTOS.a(FreeRTOS_Heap.o)
 .bss.xEnd      0x100047c8        0x8 O:\Documents\.3rd Year\EMbedded\BUGGY\Problem 2\Problem 2\LibFreeRTOS\Debug\libLibFreeRTOS.a(FreeRTOS_Heap.o)
 .bss.xHeapHasBeenInitialised.4440
                0x100047d0        0x4 O:\Documents\.3rd Year\EMbedded\BUGGY\Problem 2\Problem 2\LibFreeRTOS\Debug\libLibFreeRTOS.a(FreeRTOS_Heap.o)
 .bss.pxCurrentTCB
                0x100047d4        0x4 O:\Documents\.3rd Year\EMbedded\BUGGY\Problem 2\Problem 2\LibFreeRTOS\Debug\libLibFreeRTOS.a(FreeRTOS_Tasks.o)
                0x100047d4                pxCurrentTCB
 .bss.pxReadyTasksLists
                0x100047d8       0xb4 O:\Documents\.3rd Year\EMbedded\BUGGY\Problem 2\Problem 2\LibFreeRTOS\Debug\libLibFreeRTOS.a(FreeRTOS_Tasks.o)
 .bss.xDelayedTaskList1
                0x1000488c       0x14 O:\Documents\.3rd Year\EMbedded\BUGGY\Problem 2\Problem 2\LibFreeRTOS\Debug\libLibFreeRTOS.a(FreeRTOS_Tasks.o)
 .bss.xDelayedTaskList2
                0x100048a0       0x14 O:\Documents\.3rd Year\EMbedded\BUGGY\Problem 2\Problem 2\LibFreeRTOS\Debug\libLibFreeRTOS.a(FreeRTOS_Tasks.o)
 .bss.pxDelayedTaskList
                0x100048b4        0x4 O:\Documents\.3rd Year\EMbedded\BUGGY\Problem 2\Problem 2\LibFreeRTOS\Debug\libLibFreeRTOS.a(FreeRTOS_Tasks.o)
 .bss.pxOverflowDelayedTaskList
                0x100048b8        0x4 O:\Documents\.3rd Year\EMbedded\BUGGY\Problem 2\Problem 2\LibFreeRTOS\Debug\libLibFreeRTOS.a(FreeRTOS_Tasks.o)
 .bss.xPendingReadyList
                0x100048bc       0x14 O:\Documents\.3rd Year\EMbedded\BUGGY\Problem 2\Problem 2\LibFreeRTOS\Debug\libLibFreeRTOS.a(FreeRTOS_Tasks.o)
 .bss.xTasksWaitingTermination
                0x100048d0       0x14 O:\Documents\.3rd Year\EMbedded\BUGGY\Problem 2\Problem 2\LibFreeRTOS\Debug\libLibFreeRTOS.a(FreeRTOS_Tasks.o)
 .bss.uxTasksDeleted
                0x100048e4        0x4 O:\Documents\.3rd Year\EMbedded\BUGGY\Problem 2\Problem 2\LibFreeRTOS\Debug\libLibFreeRTOS.a(FreeRTOS_Tasks.o)
 .bss.xSuspendedTaskList
                0x100048e8       0x14 O:\Documents\.3rd Year\EMbedded\BUGGY\Problem 2\Problem 2\LibFreeRTOS\Debug\libLibFreeRTOS.a(FreeRTOS_Tasks.o)
 .bss.uxCurrentNumberOfTasks
                0x100048fc        0x4 O:\Documents\.3rd Year\EMbedded\BUGGY\Problem 2\Problem 2\LibFreeRTOS\Debug\libLibFreeRTOS.a(FreeRTOS_Tasks.o)
 .bss.xTickCount
                0x10004900        0x4 O:\Documents\.3rd Year\EMbedded\BUGGY\Problem 2\Problem 2\LibFreeRTOS\Debug\libLibFreeRTOS.a(FreeRTOS_Tasks.o)
 .bss.uxTopUsedPriority
                0x10004904        0x4 O:\Documents\.3rd Year\EMbedded\BUGGY\Problem 2\Problem 2\LibFreeRTOS\Debug\libLibFreeRTOS.a(FreeRTOS_Tasks.o)
 .bss.uxTopReadyPriority
                0x10004908        0x4 O:\Documents\.3rd Year\EMbedded\BUGGY\Problem 2\Problem 2\LibFreeRTOS\Debug\libLibFreeRTOS.a(FreeRTOS_Tasks.o)
 .bss.xSchedulerRunning
                0x1000490c        0x4 O:\Documents\.3rd Year\EMbedded\BUGGY\Problem 2\Problem 2\LibFreeRTOS\Debug\libLibFreeRTOS.a(FreeRTOS_Tasks.o)
 .bss.uxSchedulerSuspended
                0x10004910        0x4 O:\Documents\.3rd Year\EMbedded\BUGGY\Problem 2\Problem 2\LibFreeRTOS\Debug\libLibFreeRTOS.a(FreeRTOS_Tasks.o)
 .bss.uxMissedTicks
                0x10004914        0x4 O:\Documents\.3rd Year\EMbedded\BUGGY\Problem 2\Problem 2\LibFreeRTOS\Debug\libLibFreeRTOS.a(FreeRTOS_Tasks.o)
 .bss.xMissedYield
                0x10004918        0x4 O:\Documents\.3rd Year\EMbedded\BUGGY\Problem 2\Problem 2\LibFreeRTOS\Debug\libLibFreeRTOS.a(FreeRTOS_Tasks.o)
 .bss.xNumOfOverflows
                0x1000491c        0x4 O:\Documents\.3rd Year\EMbedded\BUGGY\Problem 2\Problem 2\LibFreeRTOS\Debug\libLibFreeRTOS.a(FreeRTOS_Tasks.o)
 .bss.uxTCBNumber
                0x10004920        0x4 O:\Documents\.3rd Year\EMbedded\BUGGY\Problem 2\Problem 2\LibFreeRTOS\Debug\libLibFreeRTOS.a(FreeRTOS_Tasks.o)
 .bss.xActiveTimerList1
                0x10004924       0x14 O:\Documents\.3rd Year\EMbedded\BUGGY\Problem 2\Problem 2\LibFreeRTOS\Debug\libLibFreeRTOS.a(FreeRTOS_Timers.o)
 .bss.xActiveTimerList2
                0x10004938       0x14 O:\Documents\.3rd Year\EMbedded\BUGGY\Problem 2\Problem 2\LibFreeRTOS\Debug\libLibFreeRTOS.a(FreeRTOS_Timers.o)
 .bss.pxCurrentTimerList
                0x1000494c        0x4 O:\Documents\.3rd Year\EMbedded\BUGGY\Problem 2\Problem 2\LibFreeRTOS\Debug\libLibFreeRTOS.a(FreeRTOS_Timers.o)
 .bss.pxOverflowTimerList
                0x10004950        0x4 O:\Documents\.3rd Year\EMbedded\BUGGY\Problem 2\Problem 2\LibFreeRTOS\Debug\libLibFreeRTOS.a(FreeRTOS_Timers.o)
 .bss.xTimerQueue
                0x10004954        0x4 O:\Documents\.3rd Year\EMbedded\BUGGY\Problem 2\Problem 2\LibFreeRTOS\Debug\libLibFreeRTOS.a(FreeRTOS_Timers.o)
 .bss.xLastTime.4043
                0x10004958        0x4 O:\Documents\.3rd Year\EMbedded\BUGGY\Problem 2\Problem 2\LibFreeRTOS\Debug\libLibFreeRTOS.a(FreeRTOS_Timers.o)
 .bss.pxTxTransferControlStructs
                0x1000495c        0xc O:\Documents\.3rd Year\EMbedded\BUGGY\Problem 2\Problem 2\LibFreeRTOS\Debug\libLibFreeRTOS.a(FreeRTOS_I2C.o)
 .bss.pxRxTransferControlStructs
                0x10004968        0xc O:\Documents\.3rd Year\EMbedded\BUGGY\Problem 2\Problem 2\LibFreeRTOS\Debug\libLibFreeRTOS.a(FreeRTOS_I2C.o)
 .bss.ucSlaveAddresses
                0x10004974        0x4 O:\Documents\.3rd Year\EMbedded\BUGGY\Problem 2\Problem 2\LibFreeRTOS\Debug\libLibFreeRTOS.a(FreeRTOS_I2C.o)
 .bss.xDataDirection
                0x10004978        0x4 O:\Documents\.3rd Year\EMbedded\BUGGY\Problem 2\Problem 2\LibFreeRTOS\Debug\libLibFreeRTOS.a(FreeRTOS_I2C.o)
 .bss.xBytesOutstanding
                0x1000497c        0xc O:\Documents\.3rd Year\EMbedded\BUGGY\Problem 2\Problem 2\LibFreeRTOS\Debug\libLibFreeRTOS.a(FreeRTOS_I2C.o)
 .bss.pxTxTransferControlStructs
                0x10004988        0x8 O:\Documents\.3rd Year\EMbedded\BUGGY\Problem 2\Problem 2\LibFreeRTOS\Debug\libLibFreeRTOS.a(FreeRTOS_SSP.o)
 .bss.pxRxTransferControlStructs
                0x10004990        0x8 O:\Documents\.3rd Year\EMbedded\BUGGY\Problem 2\Problem 2\LibFreeRTOS\Debug\libLibFreeRTOS.a(FreeRTOS_SSP.o)
 .bss.ulReceiveActive
                0x10004998        0x8 O:\Documents\.3rd Year\EMbedded\BUGGY\Problem 2\Problem 2\LibFreeRTOS\Debug\libLibFreeRTOS.a(FreeRTOS_SSP.o)
 .bss.xSSPConfigurations
                0x100049a0       0x30 O:\Documents\.3rd Year\EMbedded\BUGGY\Problem 2\Problem 2\LibFreeRTOS\Debug\libLibFreeRTOS.a(FreeRTOS_SSP.o)
 .bss.pxTxTransferControlStructs
                0x100049d0       0x10 O:\Documents\.3rd Year\EMbedded\BUGGY\Problem 2\Problem 2\LibFreeRTOS\Debug\libLibFreeRTOS.a(FreeRTOS_UART.o)
 .bss.pxRxTransferControlStructs
                0x100049e0       0x10 O:\Documents\.3rd Year\EMbedded\BUGGY\Problem 2\Problem 2\LibFreeRTOS\Debug\libLibFreeRTOS.a(FreeRTOS_UART.o)
 .bss.i2cdat    0x100049f0       0x18 O:\Documents\.3rd Year\EMbedded\BUGGY\Problem 2\Problem 2\LibLPC17xx\Debug\libLibLPC17xx.a(LPC17xx_I2C.o)
 .bss.__malloc_max_total_mem
                0x10004a08        0x4 c:/nxp/lpcxpresso_7.8.0_426/lpcxpresso/tools/bin/../lib/gcc/arm-none-eabi/4.9.3/../../../../arm-none-eabi/lib/armv7-m\libc.a(lib_a-mallocr.o)
                0x10004a08                __malloc_max_total_mem
 .bss.__malloc_max_sbrked_mem
                0x10004a0c        0x4 c:/nxp/lpcxpresso_7.8.0_426/lpcxpresso/tools/bin/../lib/gcc/arm-none-eabi/4.9.3/../../../../arm-none-eabi/lib/armv7-m\libc.a(lib_a-mallocr.o)
                0x10004a0c                __malloc_max_sbrked_mem
 .bss.__malloc_top_pad
                0x10004a10        0x4 c:/nxp/lpcxpresso_7.8.0_426/lpcxpresso/tools/bin/../lib/gcc/arm-none-eabi/4.9.3/../../../../arm-none-eabi/lib/armv7-m\libc.a(lib_a-mallocr.o)
                0x10004a10                __malloc_top_pad
 .bss.__malloc_current_mallinfo
                0x10004a14       0x28 c:/nxp/lpcxpresso_7.8.0_426/lpcxpresso/tools/bin/../lib/gcc/arm-none-eabi/4.9.3/../../../../arm-none-eabi/lib/armv7-m\libc.a(lib_a-mallocr.o)
                0x10004a14                __malloc_current_mallinfo
 *(COMMON)
 COMMON         0x10004a3c       0x16 ./Source/Main.o
                0x10004a3c                Hours
                0x10004a40                OLED
                0x10004a44                SPIPort
                0x10004a48                distances
                0x10004a4c                Queue1
                0x10004a50                Minutes
                0x10004a51                Seconds
 *fill*         0x10004a52        0x2 
 COMMON         0x10004a54        0x4 ./Source/WavPlayer.o
                0x10004a54                SongPointer
 COMMON         0x10004a58       0x50 O:\Documents\.3rd Year\EMbedded\BUGGY\Problem 2\Problem 2\LibFreeRTOS\Debug\libLibFreeRTOS.a(FreeRTOS_Queue.o)
                0x10004a58                xQueueRegistry
 COMMON         0x10004aa8        0x4 c:/nxp/lpcxpresso_7.8.0_426/lpcxpresso/tools/bin/../lib/gcc/arm-none-eabi/4.9.3/../../../../arm-none-eabi/lib/armv7-m\libc.a(lib_a-reent.o)
                0x10004aa8                errno
                0x10004aac                . = ALIGN (0x4)
                0x10004aac                _ebss = .
                0x10004aac                PROVIDE (end, .)

.noinit_RAM2    0x2007c000        0x0
 *(.noinit.$RAM2*)
 *(.noinit.$RamAHB32*)
                0x2007c000                . = ALIGN (0x4)

.noinit         0x10004aac        0x0
                0x10004aac                _noinit = .
 *(.noinit*)
                0x10004aac                . = ALIGN (0x4)
                0x10004aac                _end_noinit = .
                0x10004aac                PROVIDE (_pvHeapStart, DEFINED (__user_heap_base)?__user_heap_base:.)
                0x10008000                PROVIDE (_vStackTop, DEFINED (__user_stack_top)?__user_stack_top:(__top_RamLoc32 - 0x0))
OUTPUT(Project.axf elf32-littlearm)

.debug_info     0x00000000     0xfa30
 .debug_info    0x00000000       0x5d ./Source/Font5x7.o
 .debug_info    0x0000005d      0xde1 ./Source/Main.o
 .debug_info    0x00000e3e      0x65a ./Source/NoSystem.o
 .debug_info    0x00001498      0x611 ./Source/OLED.o
 .debug_info    0x00001aa9      0x32d ./Source/Startup.o
 .debug_info    0x00001dd6      0x987 ./Source/WavPlayer.o
 .debug_info    0x0000275d      0xd34 ./Source/dfrobot.o
 .debug_info    0x00003491      0x126 ./Source/joystick.o
 .debug_info    0x000035b7      0x610 ./Source/pca9532.o
 .debug_info    0x00003bc7      0x6fe O:\Documents\.3rd Year\EMbedded\BUGGY\Problem 2\Problem 2\LibFreeRTOS\Debug\libLibFreeRTOS.a(FreeRTOS_DriverInterface.o)
 .debug_info    0x000042c5      0x2bb O:\Documents\.3rd Year\EMbedded\BUGGY\Problem 2\Problem 2\LibFreeRTOS\Debug\libLibFreeRTOS.a(FreeRTOS_Heap.o)
 .debug_info    0x00004580      0x5fc O:\Documents\.3rd Year\EMbedded\BUGGY\Problem 2\Problem 2\LibFreeRTOS\Debug\libLibFreeRTOS.a(FreeRTOS_IOUtilsCharQueueTxAndRx.o)
 .debug_info    0x00004b7c      0x4af O:\Documents\.3rd Year\EMbedded\BUGGY\Problem 2\Problem 2\LibFreeRTOS\Debug\libLibFreeRTOS.a(FreeRTOS_IOUtilsCircularBufferRx.o)
 .debug_info    0x0000502b      0x41f O:\Documents\.3rd Year\EMbedded\BUGGY\Problem 2\Problem 2\LibFreeRTOS\Debug\libLibFreeRTOS.a(FreeRTOS_IOUtilsZeroCopyTx.o)
 .debug_info    0x0000544a      0x1f3 O:\Documents\.3rd Year\EMbedded\BUGGY\Problem 2\Problem 2\LibFreeRTOS\Debug\libLibFreeRTOS.a(FreeRTOS_Port.o)
 .debug_info    0x0000563d      0x9bf O:\Documents\.3rd Year\EMbedded\BUGGY\Problem 2\Problem 2\LibFreeRTOS\Debug\libLibFreeRTOS.a(FreeRTOS_Queue.o)
 .debug_info    0x00005ffc      0xfb6 O:\Documents\.3rd Year\EMbedded\BUGGY\Problem 2\Problem 2\LibFreeRTOS\Debug\libLibFreeRTOS.a(FreeRTOS_Tasks.o)
 .debug_info    0x00006fb2      0x6f9 O:\Documents\.3rd Year\EMbedded\BUGGY\Problem 2\Problem 2\LibFreeRTOS\Debug\libLibFreeRTOS.a(FreeRTOS_Timers.o)
 .debug_info    0x000076ab      0x2d8 O:\Documents\.3rd Year\EMbedded\BUGGY\Problem 2\Problem 2\LibFreeRTOS\Debug\libLibFreeRTOS.a(LPC17xx_DriverInterface.o)
 .debug_info    0x00007983      0xf11 O:\Documents\.3rd Year\EMbedded\BUGGY\Problem 2\Problem 2\LibFreeRTOS\Debug\libLibFreeRTOS.a(FreeRTOS_I2C.o)
 .debug_info    0x00008894      0x293 O:\Documents\.3rd Year\EMbedded\BUGGY\Problem 2\Problem 2\LibFreeRTOS\Debug\libLibFreeRTOS.a(FreeRTOS_IOUtils.o)
 .debug_info    0x00008b27      0x287 O:\Documents\.3rd Year\EMbedded\BUGGY\Problem 2\Problem 2\LibFreeRTOS\Debug\libLibFreeRTOS.a(FreeRTOS_List.o)
 .debug_info    0x00008dae      0xcd5 O:\Documents\.3rd Year\EMbedded\BUGGY\Problem 2\Problem 2\LibFreeRTOS\Debug\libLibFreeRTOS.a(FreeRTOS_SSP.o)
 .debug_info    0x00009a83     0x10ee O:\Documents\.3rd Year\EMbedded\BUGGY\Problem 2\Problem 2\LibFreeRTOS\Debug\libLibFreeRTOS.a(FreeRTOS_UART.o)
 .debug_info    0x0000ab71      0x65c O:\Documents\.3rd Year\EMbedded\BUGGY\Problem 2\Problem 2\LibLPC17xx\Debug\libLibLPC17xx.a(LPC17xx_ClockPower.o)
 .debug_info    0x0000b1cd       0xdb O:\Documents\.3rd Year\EMbedded\BUGGY\Problem 2\Problem 2\LibLPC17xx\Debug\libLibLPC17xx.a(LPC17xx_Config.o)
 .debug_info    0x0000b2a8      0x28d O:\Documents\.3rd Year\EMbedded\BUGGY\Problem 2\Problem 2\LibLPC17xx\Debug\libLibLPC17xx.a(LPC17xx_DAC.o)
 .debug_info    0x0000b535      0xd5d O:\Documents\.3rd Year\EMbedded\BUGGY\Problem 2\Problem 2\LibLPC17xx\Debug\libLibLPC17xx.a(LPC17xx_GPIO.o)
 .debug_info    0x0000c292      0xe46 O:\Documents\.3rd Year\EMbedded\BUGGY\Problem 2\Problem 2\LibLPC17xx\Debug\libLibLPC17xx.a(LPC17xx_I2C.o)
 .debug_info    0x0000d0d8      0x478 O:\Documents\.3rd Year\EMbedded\BUGGY\Problem 2\Problem 2\LibLPC17xx\Debug\libLibLPC17xx.a(LPC17xx_PinSelect.o)
 .debug_info    0x0000d550      0x731 O:\Documents\.3rd Year\EMbedded\BUGGY\Problem 2\Problem 2\LibLPC17xx\Debug\libLibLPC17xx.a(LPC17xx_SSP.o)
 .debug_info    0x0000dc81      0x838 O:\Documents\.3rd Year\EMbedded\BUGGY\Problem 2\Problem 2\LibLPC17xx\Debug\libLibLPC17xx.a(LPC17xx_Timer.o)
 .debug_info    0x0000e4b9     0x1091 O:\Documents\.3rd Year\EMbedded\BUGGY\Problem 2\Problem 2\LibLPC17xx\Debug\libLibLPC17xx.a(LPC17xx_UART.o)
 .debug_info    0x0000f54a      0x4e6 O:\Documents\.3rd Year\EMbedded\BUGGY\Problem 2\Problem 2\LibCMSIS\Debug\libLibCMSIS.a(System_LPC17xx.o)

.debug_abbrev   0x00000000     0x329c
 .debug_abbrev  0x00000000       0x48 ./Source/Font5x7.o
 .debug_abbrev  0x00000048      0x294 ./Source/Main.o
 .debug_abbrev  0x000002dc      0x11d ./Source/NoSystem.o
 .debug_abbrev  0x000003f9      0x1db ./Source/OLED.o
 .debug_abbrev  0x000005d4      0x130 ./Source/Startup.o
 .debug_abbrev  0x00000704      0x1db ./Source/WavPlayer.o
 .debug_abbrev  0x000008df      0x25c ./Source/dfrobot.o
 .debug_abbrev  0x00000b3b       0x95 ./Source/joystick.o
 .debug_abbrev  0x00000bd0      0x1d3 ./Source/pca9532.o
 .debug_abbrev  0x00000da3      0x168 O:\Documents\.3rd Year\EMbedded\BUGGY\Problem 2\Problem 2\LibFreeRTOS\Debug\libLibFreeRTOS.a(FreeRTOS_DriverInterface.o)
 .debug_abbrev  0x00000f0b      0x16d O:\Documents\.3rd Year\EMbedded\BUGGY\Problem 2\Problem 2\LibFreeRTOS\Debug\libLibFreeRTOS.a(FreeRTOS_Heap.o)
 .debug_abbrev  0x00001078      0x108 O:\Documents\.3rd Year\EMbedded\BUGGY\Problem 2\Problem 2\LibFreeRTOS\Debug\libLibFreeRTOS.a(FreeRTOS_IOUtilsCharQueueTxAndRx.o)
 .debug_abbrev  0x00001180      0x108 O:\Documents\.3rd Year\EMbedded\BUGGY\Problem 2\Problem 2\LibFreeRTOS\Debug\libLibFreeRTOS.a(FreeRTOS_IOUtilsCircularBufferRx.o)
 .debug_abbrev  0x00001288       0xf0 O:\Documents\.3rd Year\EMbedded\BUGGY\Problem 2\Problem 2\LibFreeRTOS\Debug\libLibFreeRTOS.a(FreeRTOS_IOUtilsZeroCopyTx.o)
 .debug_abbrev  0x00001378      0x11f O:\Documents\.3rd Year\EMbedded\BUGGY\Problem 2\Problem 2\LibFreeRTOS\Debug\libLibFreeRTOS.a(FreeRTOS_Port.o)
 .debug_abbrev  0x00001497      0x1bb O:\Documents\.3rd Year\EMbedded\BUGGY\Problem 2\Problem 2\LibFreeRTOS\Debug\libLibFreeRTOS.a(FreeRTOS_Queue.o)
 .debug_abbrev  0x00001652      0x1ec O:\Documents\.3rd Year\EMbedded\BUGGY\Problem 2\Problem 2\LibFreeRTOS\Debug\libLibFreeRTOS.a(FreeRTOS_Tasks.o)
 .debug_abbrev  0x0000183e      0x190 O:\Documents\.3rd Year\EMbedded\BUGGY\Problem 2\Problem 2\LibFreeRTOS\Debug\libLibFreeRTOS.a(FreeRTOS_Timers.o)
 .debug_abbrev  0x000019ce       0xd6 O:\Documents\.3rd Year\EMbedded\BUGGY\Problem 2\Problem 2\LibFreeRTOS\Debug\libLibFreeRTOS.a(LPC17xx_DriverInterface.o)
 .debug_abbrev  0x00001aa4      0x21c O:\Documents\.3rd Year\EMbedded\BUGGY\Problem 2\Problem 2\LibFreeRTOS\Debug\libLibFreeRTOS.a(FreeRTOS_I2C.o)
 .debug_abbrev  0x00001cc0       0xb4 O:\Documents\.3rd Year\EMbedded\BUGGY\Problem 2\Problem 2\LibFreeRTOS\Debug\libLibFreeRTOS.a(FreeRTOS_IOUtils.o)
 .debug_abbrev  0x00001d74       0xbf O:\Documents\.3rd Year\EMbedded\BUGGY\Problem 2\Problem 2\LibFreeRTOS\Debug\libLibFreeRTOS.a(FreeRTOS_List.o)
 .debug_abbrev  0x00001e33      0x21b O:\Documents\.3rd Year\EMbedded\BUGGY\Problem 2\Problem 2\LibFreeRTOS\Debug\libLibFreeRTOS.a(FreeRTOS_SSP.o)
 .debug_abbrev  0x0000204e      0x278 O:\Documents\.3rd Year\EMbedded\BUGGY\Problem 2\Problem 2\LibFreeRTOS\Debug\libLibFreeRTOS.a(FreeRTOS_UART.o)
 .debug_abbrev  0x000022c6      0x1ca O:\Documents\.3rd Year\EMbedded\BUGGY\Problem 2\Problem 2\LibLPC17xx\Debug\libLibLPC17xx.a(LPC17xx_ClockPower.o)
 .debug_abbrev  0x00002490       0x6c O:\Documents\.3rd Year\EMbedded\BUGGY\Problem 2\Problem 2\LibLPC17xx\Debug\libLibLPC17xx.a(LPC17xx_Config.o)
 .debug_abbrev  0x000024fc       0xee O:\Documents\.3rd Year\EMbedded\BUGGY\Problem 2\Problem 2\LibLPC17xx\Debug\libLibLPC17xx.a(LPC17xx_DAC.o)
 .debug_abbrev  0x000025ea      0x20f O:\Documents\.3rd Year\EMbedded\BUGGY\Problem 2\Problem 2\LibLPC17xx\Debug\libLibLPC17xx.a(LPC17xx_GPIO.o)
 .debug_abbrev  0x000027f9      0x27f O:\Documents\.3rd Year\EMbedded\BUGGY\Problem 2\Problem 2\LibLPC17xx\Debug\libLibLPC17xx.a(LPC17xx_I2C.o)
 .debug_abbrev  0x00002a78      0x127 O:\Documents\.3rd Year\EMbedded\BUGGY\Problem 2\Problem 2\LibLPC17xx\Debug\libLibLPC17xx.a(LPC17xx_PinSelect.o)
 .debug_abbrev  0x00002b9f      0x1c5 O:\Documents\.3rd Year\EMbedded\BUGGY\Problem 2\Problem 2\LibLPC17xx\Debug\libLibLPC17xx.a(LPC17xx_SSP.o)
 .debug_abbrev  0x00002d64      0x1f8 O:\Documents\.3rd Year\EMbedded\BUGGY\Problem 2\Problem 2\LibLPC17xx\Debug\libLibLPC17xx.a(LPC17xx_Timer.o)
 .debug_abbrev  0x00002f5c      0x211 O:\Documents\.3rd Year\EMbedded\BUGGY\Problem 2\Problem 2\LibLPC17xx\Debug\libLibLPC17xx.a(LPC17xx_UART.o)
 .debug_abbrev  0x0000316d      0x12f O:\Documents\.3rd Year\EMbedded\BUGGY\Problem 2\Problem 2\LibCMSIS\Debug\libLibCMSIS.a(System_LPC17xx.o)

.debug_aranges  0x00000000      0xfd0
 .debug_aranges
                0x00000000       0x18 ./Source/Font5x7.o
 .debug_aranges
                0x00000018       0xb0 ./Source/Main.o
 .debug_aranges
                0x000000c8       0xb0 ./Source/NoSystem.o
 .debug_aranges
                0x00000178       0x60 ./Source/OLED.o
 .debug_aranges
                0x000001d8       0x88 ./Source/Startup.o
 .debug_aranges
                0x00000260       0x58 ./Source/WavPlayer.o
 .debug_aranges
                0x000002b8      0x138 ./Source/dfrobot.o
 .debug_aranges
                0x000003f0       0x28 ./Source/joystick.o
 .debug_aranges
                0x00000418       0x80 ./Source/pca9532.o
 .debug_aranges
                0x00000498       0x28 O:\Documents\.3rd Year\EMbedded\BUGGY\Problem 2\Problem 2\LibFreeRTOS\Debug\libLibFreeRTOS.a(FreeRTOS_DriverInterface.o)
 .debug_aranges
                0x000004c0       0x38 O:\Documents\.3rd Year\EMbedded\BUGGY\Problem 2\Problem 2\LibFreeRTOS\Debug\libLibFreeRTOS.a(FreeRTOS_Heap.o)
 .debug_aranges
                0x000004f8       0x50 O:\Documents\.3rd Year\EMbedded\BUGGY\Problem 2\Problem 2\LibFreeRTOS\Debug\libLibFreeRTOS.a(FreeRTOS_IOUtilsCharQueueTxAndRx.o)
 .debug_aranges
                0x00000548       0x38 O:\Documents\.3rd Year\EMbedded\BUGGY\Problem 2\Problem 2\LibFreeRTOS\Debug\libLibFreeRTOS.a(FreeRTOS_IOUtilsCircularBufferRx.o)
 .debug_aranges
                0x00000580       0x30 O:\Documents\.3rd Year\EMbedded\BUGGY\Problem 2\Problem 2\LibFreeRTOS\Debug\libLibFreeRTOS.a(FreeRTOS_IOUtilsZeroCopyTx.o)
 .debug_aranges
                0x000005b0       0x70 O:\Documents\.3rd Year\EMbedded\BUGGY\Problem 2\Problem 2\LibFreeRTOS\Debug\libLibFreeRTOS.a(FreeRTOS_Port.o)
 .debug_aranges
                0x00000620       0xe8 O:\Documents\.3rd Year\EMbedded\BUGGY\Problem 2\Problem 2\LibFreeRTOS\Debug\libLibFreeRTOS.a(FreeRTOS_Queue.o)
 .debug_aranges
                0x00000708      0x168 O:\Documents\.3rd Year\EMbedded\BUGGY\Problem 2\Problem 2\LibFreeRTOS\Debug\libLibFreeRTOS.a(FreeRTOS_Tasks.o)
 .debug_aranges
                0x00000870       0x88 O:\Documents\.3rd Year\EMbedded\BUGGY\Problem 2\Problem 2\LibFreeRTOS\Debug\libLibFreeRTOS.a(FreeRTOS_Timers.o)
 .debug_aranges
                0x000008f8       0x20 O:\Documents\.3rd Year\EMbedded\BUGGY\Problem 2\Problem 2\LibFreeRTOS\Debug\libLibFreeRTOS.a(LPC17xx_DriverInterface.o)
 .debug_aranges
                0x00000918       0x58 O:\Documents\.3rd Year\EMbedded\BUGGY\Problem 2\Problem 2\LibFreeRTOS\Debug\libLibFreeRTOS.a(FreeRTOS_I2C.o)
 .debug_aranges
                0x00000970       0x20 O:\Documents\.3rd Year\EMbedded\BUGGY\Problem 2\Problem 2\LibFreeRTOS\Debug\libLibFreeRTOS.a(FreeRTOS_IOUtils.o)
 .debug_aranges
                0x00000990       0x40 O:\Documents\.3rd Year\EMbedded\BUGGY\Problem 2\Problem 2\LibFreeRTOS\Debug\libLibFreeRTOS.a(FreeRTOS_List.o)
 .debug_aranges
                0x000009d0       0x60 O:\Documents\.3rd Year\EMbedded\BUGGY\Problem 2\Problem 2\LibFreeRTOS\Debug\libLibFreeRTOS.a(FreeRTOS_SSP.o)
 .debug_aranges
                0x00000a30       0x60 O:\Documents\.3rd Year\EMbedded\BUGGY\Problem 2\Problem 2\LibFreeRTOS\Debug\libLibFreeRTOS.a(FreeRTOS_UART.o)
 .debug_aranges
                0x00000a90       0x58 O:\Documents\.3rd Year\EMbedded\BUGGY\Problem 2\Problem 2\LibLPC17xx\Debug\libLibLPC17xx.a(LPC17xx_ClockPower.o)
 .debug_aranges
                0x00000ae8       0x20 O:\Documents\.3rd Year\EMbedded\BUGGY\Problem 2\Problem 2\LibLPC17xx\Debug\libLibLPC17xx.a(LPC17xx_Config.o)
 .debug_aranges
                0x00000b08       0x40 O:\Documents\.3rd Year\EMbedded\BUGGY\Problem 2\Problem 2\LibLPC17xx\Debug\libLibLPC17xx.a(LPC17xx_DAC.o)
 .debug_aranges
                0x00000b48       0xf8 O:\Documents\.3rd Year\EMbedded\BUGGY\Problem 2\Problem 2\LibLPC17xx\Debug\libLibLPC17xx.a(LPC17xx_GPIO.o)
 .debug_aranges
                0x00000c40       0xe0 O:\Documents\.3rd Year\EMbedded\BUGGY\Problem 2\Problem 2\LibLPC17xx\Debug\libLibLPC17xx.a(LPC17xx_I2C.o)
 .debug_aranges
                0x00000d20       0x48 O:\Documents\.3rd Year\EMbedded\BUGGY\Problem 2\Problem 2\LibLPC17xx\Debug\libLibLPC17xx.a(LPC17xx_PinSelect.o)
 .debug_aranges
                0x00000d68       0xa8 O:\Documents\.3rd Year\EMbedded\BUGGY\Problem 2\Problem 2\LibLPC17xx\Debug\libLibLPC17xx.a(LPC17xx_SSP.o)
 .debug_aranges
                0x00000e10       0x98 O:\Documents\.3rd Year\EMbedded\BUGGY\Problem 2\Problem 2\LibLPC17xx\Debug\libLibLPC17xx.a(LPC17xx_Timer.o)
 .debug_aranges
                0x00000ea8      0x100 O:\Documents\.3rd Year\EMbedded\BUGGY\Problem 2\Problem 2\LibLPC17xx\Debug\libLibLPC17xx.a(LPC17xx_UART.o)
 .debug_aranges
                0x00000fa8       0x28 O:\Documents\.3rd Year\EMbedded\BUGGY\Problem 2\Problem 2\LibCMSIS\Debug\libLibCMSIS.a(System_LPC17xx.o)

.debug_macro    0x00000000     0x89d6
 .debug_macro   0x00000000      0x6b0 ./Source/Font5x7.o
 .debug_macro   0x000006b0      0x86e ./Source/Font5x7.o
 .debug_macro   0x00000f1e      0x2d0 ./Source/Main.o
 .debug_macro   0x000011ee      0x166 ./Source/Main.o
 .debug_macro   0x00001354       0x46 ./Source/Main.o
 .debug_macro   0x0000139a       0x22 ./Source/Main.o
 .debug_macro   0x000013bc       0x44 ./Source/Main.o
 .debug_macro   0x00001400       0x1c ./Source/Main.o
 .debug_macro   0x0000141c      0x1f7 ./Source/Main.o
 .debug_macro   0x00001613      0x136 ./Source/Main.o
 .debug_macro   0x00001749       0x9a ./Source/Main.o
 .debug_macro   0x000017e3       0x12 ./Source/Main.o
 .debug_macro   0x000017f5       0x1c ./Source/Main.o
 .debug_macro   0x00001811      0x19e ./Source/Main.o
 .debug_macro   0x000019af       0x9a ./Source/Main.o
 .debug_macro   0x00001a49       0xc6 ./Source/Main.o
 .debug_macro   0x00001b0f       0x1c ./Source/Main.o
 .debug_macro   0x00001b2b       0x34 ./Source/Main.o
 .debug_macro   0x00001b5f       0x18 ./Source/Main.o
 .debug_macro   0x00001b77      0x734 ./Source/Main.o
 .debug_macro   0x000022ab      0x2d5 ./Source/Main.o