Archive member included because of file (symbol)

C:\Users\sw0532\Documents\Sourcetree Projects\ERTS\Problem 2\LibFreeRTOS\Debug\libLibFreeRTOS.a(FreeRTOS_DriverInterface.o)
                              ./Source/Main.o (FreeRTOS_open)
C:\Users\sw0532\Documents\Sourcetree Projects\ERTS\Problem 2\LibFreeRTOS\Debug\libLibFreeRTOS.a(FreeRTOS_Heap.o)
                              C:\Users\sw0532\Documents\Sourcetree Projects\ERTS\Problem 2\LibFreeRTOS\Debug\libLibFreeRTOS.a(FreeRTOS_DriverInterface.o) (pvPortMalloc)
C:\Users\sw0532\Documents\Sourcetree Projects\ERTS\Problem 2\LibFreeRTOS\Debug\libLibFreeRTOS.a(FreeRTOS_IOUtilsCharQueueTxAndRx.o)
                              C:\Users\sw0532\Documents\Sourcetree Projects\ERTS\Problem 2\LibFreeRTOS\Debug\libLibFreeRTOS.a(FreeRTOS_DriverInterface.o) (xIOUtilsSetTxQueueTimeout)
C:\Users\sw0532\Documents\Sourcetree Projects\ERTS\Problem 2\LibFreeRTOS\Debug\libLibFreeRTOS.a(FreeRTOS_IOUtilsCircularBufferRx.o)
                              C:\Users\sw0532\Documents\Sourcetree Projects\ERTS\Problem 2\LibFreeRTOS\Debug\libLibFreeRTOS.a(FreeRTOS_DriverInterface.o) (xIOUtilsConfigureCircularBufferRx)
C:\Users\sw0532\Documents\Sourcetree Projects\ERTS\Problem 2\LibFreeRTOS\Debug\libLibFreeRTOS.a(FreeRTOS_IOUtilsZeroCopyTx.o)
                              C:\Users\sw0532\Documents\Sourcetree Projects\ERTS\Problem 2\LibFreeRTOS\Debug\libLibFreeRTOS.a(FreeRTOS_DriverInterface.o) (xIOUtilsConfigureZeroCopyTx)
C:\Users\sw0532\Documents\Sourcetree Projects\ERTS\Problem 2\LibFreeRTOS\Debug\libLibFreeRTOS.a(FreeRTOS_Port.o)
                              ./Source/Main.o (vPortEnterCritical)
C:\Users\sw0532\Documents\Sourcetree Projects\ERTS\Problem 2\LibFreeRTOS\Debug\libLibFreeRTOS.a(FreeRTOS_Queue.o)
                              C:\Users\sw0532\Documents\Sourcetree Projects\ERTS\Problem 2\LibFreeRTOS\Debug\libLibFreeRTOS.a(FreeRTOS_IOUtilsCharQueueTxAndRx.o) (xQueueGenericReset)
C:\Users\sw0532\Documents\Sourcetree Projects\ERTS\Problem 2\LibFreeRTOS\Debug\libLibFreeRTOS.a(FreeRTOS_Tasks.o)
                              C:\Users\sw0532\Documents\Sourcetree Projects\ERTS\Problem 2\LibFreeRTOS\Debug\libLibFreeRTOS.a(FreeRTOS_Port.o) (pxCurrentTCB)
C:\Users\sw0532\Documents\Sourcetree Projects\ERTS\Problem 2\LibFreeRTOS\Debug\libLibFreeRTOS.a(FreeRTOS_Timers.o)
                              C:\Users\sw0532\Documents\Sourcetree Projects\ERTS\Problem 2\LibFreeRTOS\Debug\libLibFreeRTOS.a(FreeRTOS_Tasks.o) (xTimerCreateTimerTask)
C:\Users\sw0532\Documents\Sourcetree Projects\ERTS\Problem 2\LibFreeRTOS\Debug\libLibFreeRTOS.a(LPC17xx_DriverInterface.o)
                              C:\Users\sw0532\Documents\Sourcetree Projects\ERTS\Problem 2\LibFreeRTOS\Debug\libLibFreeRTOS.a(FreeRTOS_DriverInterface.o) (vFreeRTOS_lpc17xx_PopulateFunctionPointers)
C:\Users\sw0532\Documents\Sourcetree Projects\ERTS\Problem 2\LibFreeRTOS\Debug\libLibFreeRTOS.a(FreeRTOS_I2C.o)
                              C:\Users\sw0532\Documents\Sourcetree Projects\ERTS\Problem 2\LibFreeRTOS\Debug\libLibFreeRTOS.a(LPC17xx_DriverInterface.o) (FreeRTOS_I2C_open)
C:\Users\sw0532\Documents\Sourcetree Projects\ERTS\Problem 2\LibFreeRTOS\Debug\libLibFreeRTOS.a(FreeRTOS_IOUtils.o)
                              C:\Users\sw0532\Documents\Sourcetree Projects\ERTS\Problem 2\LibFreeRTOS\Debug\libLibFreeRTOS.a(FreeRTOS_IOUtilsCharQueueTxAndRx.o) (vIOUtilsCreateTransferControlStructure)
C:\Users\sw0532\Documents\Sourcetree Projects\ERTS\Problem 2\LibFreeRTOS\Debug\libLibFreeRTOS.a(FreeRTOS_List.o)
                              C:\Users\sw0532\Documents\Sourcetree Projects\ERTS\Problem 2\LibFreeRTOS\Debug\libLibFreeRTOS.a(FreeRTOS_Queue.o) (vListInitialise)
C:\Users\sw0532\Documents\Sourcetree Projects\ERTS\Problem 2\LibFreeRTOS\Debug\libLibFreeRTOS.a(FreeRTOS_SSP.o)
                              C:\Users\sw0532\Documents\Sourcetree Projects\ERTS\Problem 2\LibFreeRTOS\Debug\libLibFreeRTOS.a(LPC17xx_DriverInterface.o) (FreeRTOS_SSP_open)
C:\Users\sw0532\Documents\Sourcetree Projects\ERTS\Problem 2\LibFreeRTOS\Debug\libLibFreeRTOS.a(FreeRTOS_UART.o)
                              C:\Users\sw0532\Documents\Sourcetree Projects\ERTS\Problem 2\LibFreeRTOS\Debug\libLibFreeRTOS.a(LPC17xx_DriverInterface.o) (FreeRTOS_UART_open)
C:\Users\sw0532\Documents\Sourcetree Projects\ERTS\Problem 1\LibLPC17xx\Debug\libLibLPC17xx.a(LPC17xx_DAC.o)
                              ./Source/WavPlayer.o (DAC_Init)
C:\Users\sw0532\Documents\Sourcetree Projects\ERTS\Problem 1\LibLPC17xx\Debug\libLibLPC17xx.a(LPC17xx_GPIO.o)
                              ./Source/Main.o (GPIO_SetDir)
C:\Users\sw0532\Documents\Sourcetree Projects\ERTS\Problem 1\LibLPC17xx\Debug\libLibLPC17xx.a(LPC17xx_I2C.o)
                              C:\Users\sw0532\Documents\Sourcetree Projects\ERTS\Problem 2\LibFreeRTOS\Debug\libLibFreeRTOS.a(FreeRTOS_I2C.o) (I2C_Stop)
C:\Users\sw0532\Documents\Sourcetree Projects\ERTS\Problem 1\LibLPC17xx\Debug\libLibLPC17xx.a(LPC17xx_PinSelect.o)
                              ./Source/WavPlayer.o (PINSEL_ConfigPin)
C:\Users\sw0532\Documents\Sourcetree Projects\ERTS\Problem 1\LibLPC17xx\Debug\libLibLPC17xx.a(LPC17xx_SSP.o)
                              C:\Users\sw0532\Documents\Sourcetree Projects\ERTS\Problem 2\LibFreeRTOS\Debug\libLibFreeRTOS.a(FreeRTOS_SSP.o) (SSP_Init)
C:\Users\sw0532\Documents\Sourcetree Projects\ERTS\Problem 1\LibLPC17xx\Debug\libLibLPC17xx.a(LPC17xx_Timer.o)
                              ./Source/WavPlayer.o (TIM_ClearIntPending)
C:\Users\sw0532\Documents\Sourcetree Projects\ERTS\Problem 1\LibLPC17xx\Debug\libLibLPC17xx.a(LPC17xx_UART.o)
                              C:\Users\sw0532\Documents\Sourcetree Projects\ERTS\Problem 2\LibFreeRTOS\Debug\libLibFreeRTOS.a(FreeRTOS_UART.o) (UART_Init)
C:\Users\sw0532\Documents\Sourcetree Projects\ERTS\Problem 1\LibLPC17xx\Debug\libLibLPC17xx.a(LPC17xx_ClockPower.o)
                              C:\Users\sw0532\Documents\Sourcetree Projects\ERTS\Problem 1\LibLPC17xx\Debug\libLibLPC17xx.a(LPC17xx_I2C.o) (CLKPWR_SetPCLKDiv)
C:\Users\sw0532\Documents\Sourcetree Projects\ERTS\Problem 1\LibLPC17xx\Debug\libLibLPC17xx.a(LPC17xx_Config.o)
                              C:\Users\sw0532\Documents\Sourcetree Projects\ERTS\Problem 1\LibLPC17xx\Debug\libLibLPC17xx.a(LPC17xx_DAC.o) (check_failed)
C:\Users\sw0532\Documents\Sourcetree Projects\ERTS\Problem 1\LibCMSIS\Debug\libLibCMSIS.a(System_LPC17xx.o)
                              C:\Users\sw0532\Documents\Sourcetree Projects\ERTS\Problem 2\LibFreeRTOS\Debug\libLibFreeRTOS.a(FreeRTOS_Port.o) (SystemCoreClock)
c:/nxp/lpcxpresso_7.8.0_426/lpcxpresso/tools/bin/../lib/gcc/arm-none-eabi/4.9.3/armv7-m\libgcc.a(_aeabi_uldivmod.o)
                              C:\Users\sw0532\Documents\Sourcetree Projects\ERTS\Problem 1\LibLPC17xx\Debug\libLibLPC17xx.a(LPC17xx_Timer.o) (__aeabi_uldivmod)
c:/nxp/lpcxpresso_7.8.0_426/lpcxpresso/tools/bin/../lib/gcc/arm-none-eabi/4.9.3/armv7-m\libgcc.a(bpabi.o)
                              c:/nxp/lpcxpresso_7.8.0_426/lpcxpresso/tools/bin/../lib/gcc/arm-none-eabi/4.9.3/armv7-m\libgcc.a(_aeabi_uldivmod.o) (__gnu_uldivmod_helper)
c:/nxp/lpcxpresso_7.8.0_426/lpcxpresso/tools/bin/../lib/gcc/arm-none-eabi/4.9.3/armv7-m\libgcc.a(_dvmd_tls.o)
                              c:/nxp/lpcxpresso_7.8.0_426/lpcxpresso/tools/bin/../lib/gcc/arm-none-eabi/4.9.3/armv7-m\libgcc.a(_aeabi_uldivmod.o) (__aeabi_ldiv0)
c:/nxp/lpcxpresso_7.8.0_426/lpcxpresso/tools/bin/../lib/gcc/arm-none-eabi/4.9.3/armv7-m\libgcc.a(_divdi3.o)
                              c:/nxp/lpcxpresso_7.8.0_426/lpcxpresso/tools/bin/../lib/gcc/arm-none-eabi/4.9.3/armv7-m\libgcc.a(bpabi.o) (__divdi3)
c:/nxp/lpcxpresso_7.8.0_426/lpcxpresso/tools/bin/../lib/gcc/arm-none-eabi/4.9.3/armv7-m\libgcc.a(_udivdi3.o)
                              c:/nxp/lpcxpresso_7.8.0_426/lpcxpresso/tools/bin/../lib/gcc/arm-none-eabi/4.9.3/armv7-m\libgcc.a(bpabi.o) (__udivdi3)
c:/nxp/lpcxpresso_7.8.0_426/lpcxpresso/tools/bin/../lib/gcc/arm-none-eabi/4.9.3/../../../../arm-none-eabi/lib/armv7-m\libc.a(lib_a-memcmp.o)
                              C:\Users\sw0532\Documents\Sourcetree Projects\ERTS\Problem 2\LibFreeRTOS\Debug\libLibFreeRTOS.a(FreeRTOS_Tasks.o) (memcmp)
c:/nxp/lpcxpresso_7.8.0_426/lpcxpresso/tools/bin/../lib/gcc/arm-none-eabi/4.9.3/../../../../arm-none-eabi/lib/armv7-m\libc.a(lib_a-memcpy.o)
                              C:\Users\sw0532\Documents\Sourcetree Projects\ERTS\Problem 2\LibFreeRTOS\Debug\libLibFreeRTOS.a(FreeRTOS_IOUtilsCircularBufferRx.o) (memcpy)
c:/nxp/lpcxpresso_7.8.0_426/lpcxpresso/tools/bin/../lib/gcc/arm-none-eabi/4.9.3/../../../../arm-none-eabi/lib/armv7-m\libc.a(lib_a-memset.o)
                              ./Source/OLED.o (memset)
c:/nxp/lpcxpresso_7.8.0_426/lpcxpresso/tools/bin/../lib/gcc/arm-none-eabi/4.9.3/../../../../arm-none-eabi/lib/armv7-m\libc.a(lib_a-reent.o)
                              ./Source/NoSystem.o (errno)
c:/nxp/lpcxpresso_7.8.0_426/lpcxpresso/tools/bin/../lib/gcc/arm-none-eabi/4.9.3/../../../../arm-none-eabi/lib/armv7-m\libc.a(lib_a-sprintf.o)
                              ./Source/Main.o (sprintf)
c:/nxp/lpcxpresso_7.8.0_426/lpcxpresso/tools/bin/../lib/gcc/arm-none-eabi/4.9.3/../../../../arm-none-eabi/lib/armv7-m\libc.a(lib_a-strcat.o)
                              C:\Users\sw0532\Documents\Sourcetree Projects\ERTS\Problem 2\LibFreeRTOS\Debug\libLibFreeRTOS.a(FreeRTOS_Tasks.o) (strcat)
c:/nxp/lpcxpresso_7.8.0_426/lpcxpresso/tools/bin/../lib/gcc/arm-none-eabi/4.9.3/../../../../arm-none-eabi/lib/armv7-m\libc.a(lib_a-strcmp.o)
                              C:\Users\sw0532\Documents\Sourcetree Projects\ERTS\Problem 2\LibFreeRTOS\Debug\libLibFreeRTOS.a(FreeRTOS_DriverInterface.o) (strcmp)
c:/nxp/lpcxpresso_7.8.0_426/lpcxpresso/tools/bin/../lib/gcc/arm-none-eabi/4.9.3/../../../../arm-none-eabi/lib/armv7-m\libc.a(lib_a-strcpy.o)
                              c:/nxp/lpcxpresso_7.8.0_426/lpcxpresso/tools/bin/../lib/gcc/arm-none-eabi/4.9.3/../../../../arm-none-eabi/lib/armv7-m\libc.a(lib_a-strcat.o) (strcpy)
c:/nxp/lpcxpresso_7.8.0_426/lpcxpresso/tools/bin/../lib/gcc/arm-none-eabi/4.9.3/../../../../arm-none-eabi/lib/armv7-m\libc.a(lib_a-strncpy.o)
                              C:\Users\sw0532\Documents\Sourcetree Projects\ERTS\Problem 2\LibFreeRTOS\Debug\libLibFreeRTOS.a(FreeRTOS_Tasks.o) (strncpy)
c:/nxp/lpcxpresso_7.8.0_426/lpcxpresso/tools/bin/../lib/gcc/arm-none-eabi/4.9.3/../../../../arm-none-eabi/lib/armv7-m\libc.a(lib_a-svfprintf.o)
                              c:/nxp/lpcxpresso_7.8.0_426/lpcxpresso/tools/bin/../lib/gcc/arm-none-eabi/4.9.3/../../../../arm-none-eabi/lib/armv7-m\libc.a(lib_a-sprintf.o) (_svfprintf_r)
c:/nxp/lpcxpresso_7.8.0_426/lpcxpresso/tools/bin/../lib/gcc/arm-none-eabi/4.9.3/../../../../arm-none-eabi/lib/armv7-m\libc.a(lib_a-dtoa.o)
                              c:/nxp/lpcxpresso_7.8.0_426/lpcxpresso/tools/bin/../lib/gcc/arm-none-eabi/4.9.3/../../../../arm-none-eabi/lib/armv7-m\libc.a(lib_a-svfprintf.o) (_dtoa_r)
c:/nxp/lpcxpresso_7.8.0_426/lpcxpresso/tools/bin/../lib/gcc/arm-none-eabi/4.9.3/../../../../arm-none-eabi/lib/armv7-m\libc.a(lib_a-freer.o)
                              c:/nxp/lpcxpresso_7.8.0_426/lpcxpresso/tools/bin/../lib/gcc/arm-none-eabi/4.9.3/../../../../arm-none-eabi/lib/armv7-m\libc.a(lib_a-reent.o) (_free_r)
c:/nxp/lpcxpresso_7.8.0_426/lpcxpresso/tools/bin/../lib/gcc/arm-none-eabi/4.9.3/../../../../arm-none-eabi/lib/armv7-m\libc.a(lib_a-impure.o)
                              c:/nxp/lpcxpresso_7.8.0_426/lpcxpresso/tools/bin/../lib/gcc/arm-none-eabi/4.9.3/../../../../arm-none-eabi/lib/armv7-m\libc.a(lib_a-reent.o) (_impure_ptr)
c:/nxp/lpcxpresso_7.8.0_426/lpcxpresso/tools/bin/../lib/gcc/arm-none-eabi/4.9.3/../../../../arm-none-eabi/lib/armv7-m\libc.a(lib_a-locale.o)
                              c:/nxp/lpcxpresso_7.8.0_426/lpcxpresso/tools/bin/../lib/gcc/arm-none-eabi/4.9.3/../../../../arm-none-eabi/lib/armv7-m\libc.a(lib_a-svfprintf.o) (_localeconv_r)
c:/nxp/lpcxpresso_7.8.0_426/lpcxpresso/tools/bin/../lib/gcc/arm-none-eabi/4.9.3/../../../../arm-none-eabi/lib/armv7-m\libc.a(lib_a-mallocr.o)
                              c:/nxp/lpcxpresso_7.8.0_426/lpcxpresso/tools/bin/../lib/gcc/arm-none-eabi/4.9.3/../../../../arm-none-eabi/lib/armv7-m\libc.a(lib_a-svfprintf.o) (_malloc_r)
c:/nxp/lpcxpresso_7.8.0_426/lpcxpresso/tools/bin/../lib/gcc/arm-none-eabi/4.9.3/../../../../arm-none-eabi/lib/armv7-m\libc.a(lib_a-memchr.o)
                              c:/nxp/lpcxpresso_7.8.0_426/lpcxpresso/tools/bin/../lib/gcc/arm-none-eabi/4.9.3/../../../../arm-none-eabi/lib/armv7-m\libc.a(lib_a-svfprintf.o) (memchr)
c:/nxp/lpcxpresso_7.8.0_426/lpcxpresso/tools/bin/../lib/gcc/arm-none-eabi/4.9.3/../../../../arm-none-eabi/lib/armv7-m\libc.a(lib_a-mlock.o)
                              c:/nxp/lpcxpresso_7.8.0_426/lpcxpresso/tools/bin/../lib/gcc/arm-none-eabi/4.9.3/../../../../arm-none-eabi/lib/armv7-m\libc.a(lib_a-freer.o) (__malloc_lock)
c:/nxp/lpcxpresso_7.8.0_426/lpcxpresso/tools/bin/../lib/gcc/arm-none-eabi/4.9.3/../../../../arm-none-eabi/lib/armv7-m\libc.a(lib_a-mprec.o)
                              c:/nxp/lpcxpresso_7.8.0_426/lpcxpresso/tools/bin/../lib/gcc/arm-none-eabi/4.9.3/../../../../arm-none-eabi/lib/armv7-m\libc.a(lib_a-dtoa.o) (_Balloc)
c:/nxp/lpcxpresso_7.8.0_426/lpcxpresso/tools/bin/../lib/gcc/arm-none-eabi/4.9.3/../../../../arm-none-eabi/lib/armv7-m\libc.a(lib_a-s_fpclassify.o)
                              c:/nxp/lpcxpresso_7.8.0_426/lpcxpresso/tools/bin/../lib/gcc/arm-none-eabi/4.9.3/../../../../arm-none-eabi/lib/armv7-m\libc.a(lib_a-svfprintf.o) (__fpclassifyd)
c:/nxp/lpcxpresso_7.8.0_426/lpcxpresso/tools/bin/../lib/gcc/arm-none-eabi/4.9.3/../../../../arm-none-eabi/lib/armv7-m\libc.a(lib_a-sbrkr.o)
                              c:/nxp/lpcxpresso_7.8.0_426/lpcxpresso/tools/bin/../lib/gcc/arm-none-eabi/4.9.3/../../../../arm-none-eabi/lib/armv7-m\libc.a(lib_a-freer.o) (_sbrk_r)
c:/nxp/lpcxpresso_7.8.0_426/lpcxpresso/tools/bin/../lib/gcc/arm-none-eabi/4.9.3/../../../../arm-none-eabi/lib/armv7-m\libc.a(lib_a-strlen.o)
                              c:/nxp/lpcxpresso_7.8.0_426/lpcxpresso/tools/bin/../lib/gcc/arm-none-eabi/4.9.3/../../../../arm-none-eabi/lib/armv7-m\libc.a(lib_a-svfprintf.o) (strlen)
c:/nxp/lpcxpresso_7.8.0_426/lpcxpresso/tools/bin/../lib/gcc/arm-none-eabi/4.9.3/../../../../arm-none-eabi/lib/armv7-m\libc.a(lib_a-svfiprintf.o)
                              c:/nxp/lpcxpresso_7.8.0_426/lpcxpresso/tools/bin/../lib/gcc/arm-none-eabi/4.9.3/../../../../arm-none-eabi/lib/armv7-m\libc.a(lib_a-svfprintf.o) (__ssprint_r)
c:/nxp/lpcxpresso_7.8.0_426/lpcxpresso/tools/bin/../lib/gcc/arm-none-eabi/4.9.3/../../../../arm-none-eabi/lib/armv7-m\libc.a(lib_a-callocr.o)
                              c:/nxp/lpcxpresso_7.8.0_426/lpcxpresso/tools/bin/../lib/gcc/arm-none-eabi/4.9.3/../../../../arm-none-eabi/lib/armv7-m\libc.a(lib_a-mprec.o) (_calloc_r)
c:/nxp/lpcxpresso_7.8.0_426/lpcxpresso/tools/bin/../lib/gcc/arm-none-eabi/4.9.3/../../../../arm-none-eabi/lib/armv7-m\libc.a(lib_a-memmove.o)
                              c:/nxp/lpcxpresso_7.8.0_426/lpcxpresso/tools/bin/../lib/gcc/arm-none-eabi/4.9.3/../../../../arm-none-eabi/lib/armv7-m\libc.a(lib_a-svfiprintf.o) (memmove)
c:/nxp/lpcxpresso_7.8.0_426/lpcxpresso/tools/bin/../lib/gcc/arm-none-eabi/4.9.3/../../../../arm-none-eabi/lib/armv7-m\libc.a(lib_a-reallocr.o)
                              c:/nxp/lpcxpresso_7.8.0_426/lpcxpresso/tools/bin/../lib/gcc/arm-none-eabi/4.9.3/../../../../arm-none-eabi/lib/armv7-m\libc.a(lib_a-svfiprintf.o) (_realloc_r)
