Archive member included because of file (symbol)

C:\Users\sw0532\Documents\Sourcetree Projects\ERTS\Problem 1\LibLPC17xx\Debug\libLibLPC17xx.a(LPC17xx_ADC.o)
                              ./Source/dfrobot.o (ADC_Init)
C:\Users\sw0532\Documents\Sourcetree Projects\ERTS\Problem 1\LibLPC17xx\Debug\libLibLPC17xx.a(LPC17xx_ClockPower.o)
                              C:\Users\sw0532\Documents\Sourcetree Projects\ERTS\Problem 1\LibLPC17xx\Debug\libLibLPC17xx.a(LPC17xx_ADC.o) (CLKPWR_GetPCLK)
C:\Users\sw0532\Documents\Sourcetree Projects\ERTS\Problem 1\LibLPC17xx\Debug\libLibLPC17xx.a(LPC17xx_Config.o)
                              C:\Users\sw0532\Documents\Sourcetree Projects\ERTS\Problem 1\LibLPC17xx\Debug\libLibLPC17xx.a(LPC17xx_ADC.o) (check_failed)
C:\Users\sw0532\Documents\Sourcetree Projects\ERTS\Problem 1\LibLPC17xx\Debug\libLibLPC17xx.a(LPC17xx_GPIO.o)
                              ./Source/Buttons.o (GPIO_SetDir)
C:\Users\sw0532\Documents\Sourcetree Projects\ERTS\Problem 1\LibLPC17xx\Debug\libLibLPC17xx.a(LPC17xx_I2C.o)
                              ./Source/Main.o (I2C_Init)
C:\Users\sw0532\Documents\Sourcetree Projects\ERTS\Problem 1\LibLPC17xx\Debug\libLibLPC17xx.a(LPC17xx_LED2.o)
                              ./Source/Main.o (LED2_Init)
C:\Users\sw0532\Documents\Sourcetree Projects\ERTS\Problem 1\LibLPC17xx\Debug\libLibLPC17xx.a(LPC17xx_PinSelect.o)
                              ./Source/Main.o (PINSEL_ConfigPin)
C:\Users\sw0532\Documents\Sourcetree Projects\ERTS\Problem 1\LibLPC17xx\Debug\libLibLPC17xx.a(LPC17xx_SSP.o)
                              ./Source/Main.o (SSP_Init)
C:\Users\sw0532\Documents\Sourcetree Projects\ERTS\Problem 1\LibCMSIS\Debug\libLibCMSIS.a(System_LPC17xx.o)
                              ./Source/Main.o (SystemCoreClock)
c:/nxp/lpcxpresso_7.8.0_426/lpcxpresso/tools/bin/../lib/gcc/arm-none-eabi/4.9.3/armv7-m\libgcc.a(_arm_addsubdf3.o)
                              ./Source/new_string.o (__aeabi_f2d)
c:/nxp/lpcxpresso_7.8.0_426/lpcxpresso/tools/bin/../lib/gcc/arm-none-eabi/4.9.3/../../../../arm-none-eabi/lib/armv7-m\libc.a(lib_a-memset.o)
                              ./Source/OLED.o (memset)
c:/nxp/lpcxpresso_7.8.0_426/lpcxpresso/tools/bin/../lib/gcc/arm-none-eabi/4.9.3/../../../../arm-none-eabi/lib/armv7-m\libc.a(lib_a-reent.o)
                              ./Source/NoSystem.o (errno)
c:/nxp/lpcxpresso_7.8.0_426/lpcxpresso/tools/bin/../lib/gcc/arm-none-eabi/4.9.3/../../../../arm-none-eabi/lib/armv7-m\libc.a(lib_a-snprintf.o)
                              ./Source/new_string.o (snprintf)
c:/nxp/lpcxpresso_7.8.0_426/lpcxpresso/tools/bin/../lib/gcc/arm-none-eabi/4.9.3/../../../../arm-none-eabi/lib/armv7-m\libc.a(lib_a-svfprintf.o)
                              c:/nxp/lpcxpresso_7.8.0_426/lpcxpresso/tools/bin/../lib/gcc/arm-none-eabi/4.9.3/../../../../arm-none-eabi/lib/armv7-m\libc.a(lib_a-snprintf.o) (_svfprintf_r)
c:/nxp/lpcxpresso_7.8.0_426/lpcxpresso/tools/bin/../lib/gcc/arm-none-eabi/4.9.3/../../../../arm-none-eabi/lib/armv7-m\libc.a(lib_a-dtoa.o)
                              c:/nxp/lpcxpresso_7.8.0_426/lpcxpresso/tools/bin/../lib/gcc/arm-none-eabi/4.9.3/../../../../arm-none-eabi/lib/armv7-m\libc.a(lib_a-svfprintf.o) (_dtoa_r)
c:/nxp/lpcxpresso_7.8.0_426/lpcxpresso/tools/bin/../lib/gcc/arm-none-eabi/4.9.3/../../../../arm-none-eabi/lib/armv7-m\libc.a(lib_a-freer.o)
                              c:/nxp/lpcxpresso_7.8.0_426/lpcxpresso/tools/bin/../lib/gcc/arm-none-eabi/4.9.3/../../../../arm-none-eabi/lib/armv7-m\libc.a(lib_a-reent.o) (_free_r)
c:/nxp/lpcxpresso_7.8.0_426/lpcxpresso/tools/bin/../lib/gcc/arm-none-eabi/4.9.3/../../../../arm-none-eabi/lib/armv7-m\libc.a(lib_a-impure.o)
                              c:/nxp/lpcxpresso_7.8.0_426/lpcxpresso/tools/bin/../lib/gcc/arm-none-eabi/4.9.3/../../../../arm-none-eabi/lib/armv7-m\libc.a(lib_a-reent.o) (_impure_ptr)
c:/nxp/lpcxpresso_7.8.0_426/lpcxpresso/tools/bin/../lib/gcc/arm-none-eabi/4.9.3/../../../../arm-none-eabi/lib/armv7-m\libc.a(lib_a-locale.o)
                              c:/nxp/lpcxpresso_7.8.0_426/lpcxpresso/tools/bin/../lib/gcc/arm-none-eabi/4.9.3/../../../../arm-none-eabi/lib/armv7-m\libc.a(lib_a-svfprintf.o) (_localeconv_r)
c:/nxp/lpcxpresso_7.8.0_426/lpcxpresso/tools/bin/../lib/gcc/arm-none-eabi/4.9.3/../../../../arm-none-eabi/lib/armv7-m\libc.a(lib_a-mallocr.o)
                              c:/nxp/lpcxpresso_7.8.0_426/lpcxpresso/tools/bin/../lib/gcc/arm-none-eabi/4.9.3/../../../../arm-none-eabi/lib/armv7-m\libc.a(lib_a-svfprintf.o) (_malloc_r)
c:/nxp/lpcxpresso_7.8.0_426/lpcxpresso/tools/bin/../lib/gcc/arm-none-eabi/4.9.3/../../../../arm-none-eabi/lib/armv7-m\libc.a(lib_a-memchr.o)
                              c:/nxp/lpcxpresso_7.8.0_426/lpcxpresso/tools/bin/../lib/gcc/arm-none-eabi/4.9.3/../../../../arm-none-eabi/lib/armv7-m\libc.a(lib_a-svfprintf.o) (memchr)
c:/nxp/lpcxpresso_7.8.0_426/lpcxpresso/tools/bin/../lib/gcc/arm-none-eabi/4.9.3/../../../../arm-none-eabi/lib/armv7-m\libc.a(lib_a-memcpy.o)
[...]
Memory Configuration

Name             Origin             Length             Attributes
MFlash512        0x00000000         0x00080000         xr
RamLoc32         0x10000000         0x00008000         xrw
RamAHB32         0x2007c000         0x00008000         xrw
*default*        0x00000000         0xffffffff

Linker script and memory map

LOAD ./Source/Buttons.o
LOAD ./Source/Font5x7.o
LOAD ./Source/Main.o
LOAD ./Source/NoSystem.o
LOAD ./Source/OLED.o
LOAD ./Source/RotarySwitch.o
LOAD ./Source/SevenSegment.o
LOAD ./Source/Startup.o
LOAD ./Source/Tune.o
LOAD ./Source/dfrobot.o
LOAD ./Source/joystick.o
LOAD ./Source/new_string.o
LOAD ./Source/pca9532.o
LOAD C:\Users\sw0532\Documents\Sourcetree Projects\ERTS\Problem 1\LibLPC17xx\Debug\libLibLPC17xx.a
LOAD C:\Users\sw0532\Documents\Sourcetree Projects\ERTS\Problem 1\LibCMSIS\Debug\libLibCMSIS.a
START GROUP
LOAD c:/nxp/lpcxpresso_7.8.0_426/lpcxpresso/tools/bin/../lib/gcc/arm-none-eabi/4.9.3/armv7-m\libgcc.a
LOAD c:/nxp/lpcxpresso_7.8.0_426/lpcxpresso/tools/bin/../lib/gcc/arm-none-eabi/4.9.3/../../../../arm-none-eabi/lib/armv7-m\libc.a
LOAD c:/nxp/lpcxpresso_7.8.0_426/lpcxpresso/tools/bin/../lib/gcc/arm-none-eabi/4.9.3/../../../../arm-none-eabi/lib/armv7-m\libm.a
END GROUP
                0x00080000                __top_MFlash512 = 0x80000
                0x10008000                __top_RamLoc32 = 0x10008000
                0x20084000                __top_RamAHB32 = 0x20084000

.text           0x00000000     0x2cb4
 FILL mask 0xff
                0x00000000                __vectors_start__ = ABSOLUTE (.)
 *(.isr_vector)
 .isr_vector    0x00000000       0xcc ./Source/Startup.o
                0x00000000                g_pfnVectors
                0x000000cc                . = ALIGN (0x4)
                0x000000cc                __section_table_start = .
                0x000000cc                __data_section_table = .
                0x000000cc        0x4 LONG 0x2cb4 LOADADDR (.data)
                0x000000d0        0x4 LONG 0x10000000 ADDR (.data)
                0x000000d4        0x4 LONG 0x98 SIZEOF (.data)
                0x000000d8        0x4 LONG 0x2cb4 LOADADDR (.data_RAM2)
                0x000000dc        0x4 LONG 0x2007c000 ADDR (.data_RAM2)
                0x000000e0        0x4 LONG 0x0 SIZEOF (.data_RAM2)
                0x000000e4                __data_section_table_end = .
                0x000000e4                __bss_section_table = .
                0x000000e4        0x4 LONG 0x10000098 ADDR (.bss)
                0x000000e8        0x4 LONG 0x338 SIZEOF (.bss)
                0x000000ec        0x4 LONG 0x2007c000 ADDR (.bss_RAM2)
                0x000000f0        0x4 LONG 0x0 SIZEOF (.bss_RAM2)
                0x000000f4                __bss_section_table_end = .
                0x000000f4                __section_table_end = .
 *(.after_vectors*)
 *(.text*)
 .text.Buttons_Read2
                0x000000f4       0x14 ./Source/Buttons.o
                0x000000f4                Buttons_Read2
 .text.NVIC_EnableIRQ
                0x00000108       0x30 ./Source/Main.o
 .text.NVIC_SetPriority
                0x00000138       0x54 ./Source/Main.o
 .text.SysTick_Config
                0x0000018c       0x44 ./Source/Main.o
 .text.DelayMS  0x000001d0       0x34 ./Source/Main.o
 .text.SysTick_Handler
                0x00000204        0xc ./Source/Main.o
                0x00000204                SysTick_Handler
 .text.Init_SysTick100ms
                0x00000210       0x28 ./Source/Main.o
                0x00000210                Init_SysTick100ms
 .text.Init_SSP
                0x00000238       0x78 ./Source/Main.o
 .text.Init_I2C
                0x000002b0       0x48 ./Source/Main.o
 .text.Init     0x000002f8       0x50 ./Source/Main.o
                0x000002f8                Init
 .text.main     0x00000348       0xb8 ./Source/Main.o
                0x00000348                main
 .text.EINT3_IRQHandler
                0x00000400       0x4c ./Source/Main.o
                0x00000400                EINT3_IRQHandler
 .text.WriteCommand
                0x0000044c       0x4c ./Source/OLED.o
 .text.WriteData
                0x00000498       0x4c ./Source/OLED.o
 .text.WriteDataLength
                0x000004e4       0x78 ./Source/OLED.o
 .text.RunInitSequence
                0x0000055c       0xd4 ./Source/OLED.o
 .text.OLED_Init
                0x00000630       0x70 ./Source/OLED.o
                0x00000630                OLED_Init
 .text.OLED_ClearScreen
                0x000006a0       0x60 ./Source/OLED.o
                0x000006a0                OLED_ClearScreen
 .text.OLED_Pixel
                0x00000700      0x148 ./Source/OLED.o
                0x00000700                OLED_Pixel
 .text.OLED_Char
                0x00000848       0xe0 ./Source/OLED.o
                0x00000848                OLED_Char
 .text.WriteOLEDString
                0x00000928       0x68 ./Source/OLED.o
                0x00000928                WriteOLEDString
 .text.RotarySwitch_Init
                0x00000990       0x14 ./Source/RotarySwitch.o
                0x00000990                RotarySwitch_Init
 .text.SevenSegment_Init
                0x000009a4       0x18 ./Source/SevenSegment.o
                0x000009a4                SevenSegment_Init
 .text.SevenSegment_SetCharacter
                0x000009bc       0x74 ./Source/SevenSegment.o
                0x000009bc                SevenSegment_SetCharacter
 .text.ResetISR
                0x00000a30       0x58 ./Source/Startup.o
                0x00000a30                ResetISR
 .text.NMI_Handler
                0x00000a88        0x8 ./Source/Startup.o
                0x00000a88                NMI_Handler
 .text.HardFault_Handler
                0x00000a90        0x8 ./Source/Startup.o
                0x00000a90                HardFault_Handler
 .text.MemManage_Handler
                0x00000a98        0x8 ./Source/Startup.o
                0x00000a98                MemManage_Handler
 .text.BusFault_Handler
                0x00000aa0        0x8 ./Source/Startup.o
                0x00000aa0                BusFault_Handler
 .text.UsageFault_Handler
                0x00000aa8        0x8 ./Source/Startup.o
                0x00000aa8                UsageFault_Handler
 .text.SVCall_Handler
                0x00000ab0        0x8 ./Source/Startup.o
                0x00000ab0                SVCall_Handler
 .text.DebugMon_Handler
                0x00000ab8        0x8 ./Source/Startup.o
                0x00000ab8                DebugMon_Handler
 .text.PendSV_Handler
                0x00000ac0        0x8 ./Source/Startup.o
                0x00000ac0                PendSV_Handler
 .text.IntDefaultHandler
                0x00000ac8        0x8 ./Source/Startup.o
                0x00000ac8                TIMER2_IRQHandler
                0x00000ac8                RIT_IRQHandler
                0x00000ac8                I2C0_IRQHandler
                0x00000ac8                USBActivity_IRQHandler
                0x00000ac8                PWM1_IRQHandler
                0x00000ac8                I2C1_IRQHandler
                0x00000ac8                EINT2_IRQHandler
                0x00000ac8                UART1_IRQHandler
                0x00000ac8                CANActivity_IRQHandler
                0x00000ac8                TIMER3_IRQHandler
                0x00000ac8                UART0_IRQHandler
                0x00000ac8                IntDefaultHandler
                0x00000ac8                PLL0_IRQHandler
                0x00000ac8                CAN_IRQHandler
                0x00000ac8                PLL1_IRQHandler
                0x00000ac8                SSP0_IRQHandler
                0x00000ac8                I2S_IRQHandler
                0x00000ac8                I2C2_IRQHandler
                0x00000ac8                RTC_IRQHandler
                0x00000ac8                TIMER0_IRQHandler
                0x00000ac8                SPI_IRQHandler
                0x00000ac8                EINT1_IRQHandler
                0x00000ac8                TIMER1_IRQHandler
                0x00000ac8                UART2_IRQHandler
                0x00000ac8                ADC_IRQHandler
                0x00000ac8                SSP1_IRQHandler
                0x00000ac8                USB_IRQHandler
                0x00000ac8                BOD_IRQHandler
                0x00000ac8                WDT_IRQHandler
                0x00000ac8                QEI_IRQHandler
                0x00000ac8                EINT0_IRQHandler
                0x00000ac8                DMA_IRQHandler
                0x00000ac8                UART3_IRQHandler
                0x00000ac8                MCPWM_IRQHandler
                0x00000ac8                ENET_IRQHandler
 .text.GetNote  0x00000ad0       0x4c ./Source/Tune.o
 .text.GetDuration
                0x00000b1c       0x34 ./Source/Tune.o
 .text.GetPause
                0x00000b50       0x44 ./Source/Tune.o
 .text.DelayUS  0x00000b94       0x30 ./Source/Tune.o
 .text.DelayMS  0x00000bc4       0x34 ./Source/Tune.o
 .text.PlayNote
                0x00000bf8       0x78 ./Source/Tune.o
 .text.PlaySong
                0x00000c70       0xa0 ./Source/Tune.o
 .text.Tune_Init
                0x00000d10       0x68 ./Source/Tune.o
                0x00000d10                Tune_Init
 .text.Tune_PlaySong
                0x00000d78       0x24 ./Source/Tune.o
                0x00000d78                Tune_PlaySong
 .text.Tune_StopSong
                0x00000d9c       0x18 ./Source/Tune.o
                0x00000d9c                Tune_StopSong
 .text.DFR_PWMInit
                0x00000db4       0x8c ./Source/dfrobot.o
                0x00000db4                DFR_PWMInit
 .text.DFR_SetPWM
                0x00000e40       0x4c ./Source/dfrobot.o
                0x00000e40                DFR_SetPWM
 .text.DFR_RobotInit
                0x00000e8c       0x8c ./Source/dfrobot.o
                0x00000e8c                DFR_RobotInit
 .text.DFR_DriveForward
                0x00000f18       0x28 ./Source/dfrobot.o
                0x00000f18                DFR_DriveForward
 .text.DFR_DriveStop
                0x00000f40       0x18 ./Source/dfrobot.o
                0x00000f40                DFR_DriveStop
 .text.DFR_SetRightWheelCount
                0x00000f58       0x20 ./Source/dfrobot.o
                0x00000f58                DFR_SetRightWheelCount
 .text.DFR_SetRightWheelDestination
                0x00000f78       0x20 ./Source/dfrobot.o
                0x00000f78                DFR_SetRightWheelDestination
 .text.DFR_SetLeftWheelCount
                0x00000f98       0x20 ./Source/dfrobot.o
                0x00000f98                DFR_SetLeftWheelCount
 .text.DFR_SetLeftWheelDestination
                0x00000fb8       0x20 ./Source/dfrobot.o
                0x00000fb8                DFR_SetLeftWheelDestination
 .text.DFR_ClearWheelCounts
                0x00000fd8       0x14 ./Source/dfrobot.o
                0x00000fd8                DFR_ClearWheelCounts
 .text.joystick_init
                0x00000fec       0x1c ./Source/joystick.o
                0x00000fec                joystick_init
 .text.I2CWrite
                0x00001008       0x50 ./Source/pca9532.o
 .text.setLsStates
                0x00001058       0xcc ./Source/pca9532.o
 .text.setLeds  0x00001124       0x80 ./Source/pca9532.o
 .text.pca9532_init
                0x000011a4        0xc ./Source/pca9532.o
                0x000011a4                pca9532_init
 .text.pca9532_setLeds
                0x000011b0       0x78 ./Source/pca9532.o
                0x000011b0                pca9532_setLeds
 .text.CLKPWR_SetPCLKDiv
                0x00001228       0x8c C:\Users\sw0532\Documents\Sourcetree Projects\ERTS\Problem 1\LibLPC17xx\Debug\libLibLPC17xx.a(LPC17xx_ClockPower.o)
                0x00001228                CLKPWR_SetPCLKDiv
 .text.CLKPWR_GetPCLKSEL
                0x000012b4       0x4c C:\Users\sw0532\Documents\Sourcetree Projects\ERTS\Problem 1\LibLPC17xx\Debug\libLibLPC17xx.a(LPC17xx_ClockPower.o)
                0x000012b4                CLKPWR_GetPCLKSEL
 .text.CLKPWR_GetPCLK
                0x00001300       0x64 C:\Users\sw0532\Documents\Sourcetree Projects\ERTS\Problem 1\LibLPC17xx\Debug\libLibLPC17xx.a(LPC17xx_ClockPower.o)
                0x00001300                CLKPWR_GetPCLK
 .text.CLKPWR_ConfigPPWR
                0x00001364       0x58 C:\Users\sw0532\Documents\Sourcetree Projects\ERTS\Problem 1\LibLPC17xx\Debug\libLibLPC17xx.a(LPC17xx_ClockPower.o)
                0x00001364                CLKPWR_ConfigPPWR
 .text.check_failed
                0x000013bc        0xc C:\Users\sw0532\Documents\Sourcetree Projects\ERTS\Problem 1\LibLPC17xx\Debug\libLibLPC17xx.a(LPC17xx_Config.o)
                0x000013bc                check_failed
 .text.GPIO_GetPointer
                0x000013c8       0x74 C:\Users\sw0532\Documents\Sourcetree Projects\ERTS\Problem 1\LibLPC17xx\Debug\libLibLPC17xx.a(LPC17xx_GPIO.o)
 .text.GPIO_SetDir
                0x0000143c       0x48 C:\Users\sw0532\Documents\Sourcetree Projects\ERTS\Problem 1\LibLPC17xx\Debug\libLibLPC17xx.a(LPC17xx_GPIO.o)
                0x0000143c                GPIO_SetDir
 .text.GPIO_SetValue
                0x00001484       0x28 C:\Users\sw0532\Documents\Sourcetree Projects\ERTS\Problem 1\LibLPC17xx\Debug\libLibLPC17xx.a(LPC17xx_GPIO.o)
                0x00001484                GPIO_SetValue
 .text.GPIO_ClearValue
                0x000014ac       0x28 C:\Users\sw0532\Documents\Sourcetree Projects\ERTS\Problem 1\LibLPC17xx\Debug\libLibLPC17xx.a(LPC17xx_GPIO.o)
                0x000014ac                GPIO_ClearValue
 .text.GPIO_ReadValue
                0x000014d4       0x2c C:\Users\sw0532\Documents\Sourcetree Projects\ERTS\Problem 1\LibLPC17xx\Debug\libLibLPC17xx.a(LPC17xx_GPIO.o)
                0x000014d4                GPIO_ReadValue
 .text.GPIO_IntCmd
                0x00001500       0x70 C:\Users\sw0532\Documents\Sourcetree Projects\ERTS\Problem 1\LibLPC17xx\Debug\libLibLPC17xx.a(LPC17xx_GPIO.o)
                0x00001500                GPIO_IntCmd
 .text.GPIO_ClearInt
                0x00001570       0x38 C:\Users\sw0532\Documents\Sourcetree Projects\ERTS\Problem 1\LibLPC17xx\Debug\libLibLPC17xx.a(LPC17xx_GPIO.o)
                0x00001570                GPIO_ClearInt
 .text.NVIC_EnableIRQ
                0x000015a8       0x30 C:\Users\sw0532\Documents\Sourcetree Projects\ERTS\Problem 1\LibLPC17xx\Debug\libLibLPC17xx.a(LPC17xx_I2C.o)
 .text.NVIC_DisableIRQ
                0x000015d8       0x34 C:\Users\sw0532\Documents\Sourcetree Projects\ERTS\Problem 1\LibLPC17xx\Debug\libLibLPC17xx.a(LPC17xx_I2C.o)
 .text.I2C_getNum
                0x0000160c       0x48 C:\Users\sw0532\Documents\Sourcetree Projects\ERTS\Problem 1\LibLPC17xx\Debug\libLibLPC17xx.a(LPC17xx_I2C.o)
 .text.I2C_Start
                0x00001654       0x3c C:\Users\sw0532\Documents\Sourcetree Projects\ERTS\Problem 1\LibLPC17xx\Debug\libLibLPC17xx.a(LPC17xx_I2C.o)
                0x00001654                I2C_Start
 .text.I2C_Stop
                0x00001690       0x30 C:\Users\sw0532\Documents\Sourcetree Projects\ERTS\Problem 1\LibLPC17xx\Debug\libLibLPC17xx.a(LPC17xx_I2C.o)
                0x00001690                I2C_Stop
 .text.I2C_SendByte
                0x000016c0       0x6c C:\Users\sw0532\Documents\Sourcetree Projects\ERTS\Problem 1\LibLPC17xx\Debug\libLibLPC17xx.a(LPC17xx_I2C.o)
 .text.I2C_GetByte
                0x0000172c       0x48 C:\Users\sw0532\Documents\Sourcetree Projects\ERTS\Problem 1\LibLPC17xx\Debug\libLibLPC17xx.a(LPC17xx_I2C.o)
 .text.I2C_SetClock
                0x00001774       0xa4 C:\Users\sw0532\Documents\Sourcetree Projects\ERTS\Problem 1\LibLPC17xx\Debug\libLibLPC17xx.a(LPC17xx_I2C.o)
                0x00001774                I2C_SetClock
 .text.I2C_Init
                0x00001818       0xa4 C:\Users\sw0532\Documents\Sourcetree Projects\ERTS\Problem 1\LibLPC17xx\Debug\libLibLPC17xx.a(LPC17xx_I2C.o)
                0x00001818                I2C_Init
 .text.I2C_Cmd  0x000018bc       0x80 C:\Users\sw0532\Documents\Sourcetree Projects\ERTS\Problem 1\LibLPC17xx\Debug\libLibLPC17xx.a(LPC17xx_I2C.o)
                0x000018bc                I2C_Cmd
 .text.I2C_IntCmd
                0x0000193c       0x84 C:\Users\sw0532\Documents\Sourcetree Projects\ERTS\Problem 1\LibLPC17xx\Debug\libLibLPC17xx.a(LPC17xx_I2C.o)
                0x0000193c                I2C_IntCmd
 .text.I2C_MasterHanleStates
                0x000019c0      0x2fc C:\Users\sw0532\Documents\Sourcetree Projects\ERTS\Problem 1\LibLPC17xx\Debug\libLibLPC17xx.a(LPC17xx_I2C.o)
                0x000019c0                I2C_MasterHanleStates
 .text.I2C_MasterTransferData
                0x00001cbc      0x130 C:\Users\sw0532\Documents\Sourcetree Projects\ERTS\Problem 1\LibLPC17xx\Debug\libLibLPC17xx.a(LPC17xx_I2C.o)
                0x00001cbc                I2C_MasterTransferData
 .text.LED2_Init
                0x00001dec       0x2c C:\Users\sw0532\Documents\Sourcetree Projects\ERTS\Problem 1\LibLPC17xx\Debug\libLibLPC17xx.a(LPC17xx_LED2.o)
                0x00001dec                LED2_Init
 .text.LED2_On  0x00001e18       0x18 C:\Users\sw0532\Documents\Sourcetree Projects\ERTS\Problem 1\LibLPC17xx\Debug\libLibLPC17xx.a(LPC17xx_LED2.o)
                0x00001e18                LED2_On
 .text.LED2_Invert
                0x00001e30       0x30 C:\Users\sw0532\Documents\Sourcetree Projects\ERTS\Problem 1\LibLPC17xx\Debug\libLibLPC17xx.a(LPC17xx_LED2.o)
                0x00001e30                LED2_Invert
 .text.set_PinFunc
                0x00001e60       0x80 C:\Users\sw0532\Documents\Sourcetree Projects\ERTS\Problem 1\LibLPC17xx\Debug\libLibLPC17xx.a(LPC17xx_PinSelect.o)
 .text.set_ResistorMode
                0x00001ee0       0x80 C:\Users\sw0532\Documents\Sourcetree Projects\ERTS\Problem 1\LibLPC17xx\Debug\libLibLPC17xx.a(LPC17xx_PinSelect.o)
 .text.set_OpenDrainMode
                0x00001f60       0x6c C:\Users\sw0532\Documents\Sourcetree Projects\ERTS\Problem 1\LibLPC17xx\Debug\libLibLPC17xx.a(LPC17xx_PinSelect.o)
 .text.PINSEL_ConfigPin
                0x00001fcc       0x50 C:\Users\sw0532\Documents\Sourcetree Projects\ERTS\Problem 1\LibLPC17xx\Debug\libLibLPC17xx.a(LPC17xx_PinSelect.o)
                0x00001fcc                PINSEL_ConfigPin
 .text.setSSPclock
                0x0000201c       0xc4 C:\Users\sw0532\Documents\Sourcetree Projects\ERTS\Problem 1\LibLPC17xx\Debug\libLibLPC17xx.a(LPC17xx_SSP.o)
 .text.SSP_Init
                0x000020e0       0x9c C:\Users\sw0532\Documents\Sourcetree Projects\ERTS\Problem 1\LibLPC17xx\Debug\libLibLPC17xx.a(LPC17xx_SSP.o)
                0x000020e0                SSP_Init
 .text.SSP_GetDataSize
                0x0000217c       0x40 C:\Users\sw0532\Documents\Sourcetree Projects\ERTS\Problem 1\LibLPC17xx\Debug\libLibLPC17xx.a(LPC17xx_SSP.o)
                0x0000217c                SSP_GetDataSize
 .text.SSP_ConfigStructInit
                0x000021bc       0x3c C:\Users\sw0532\Documents\Sourcetree Projects\ERTS\Problem 1\LibLPC17xx\Debug\libLibLPC17xx.a(LPC17xx_SSP.o)
                0x000021bc                SSP_ConfigStructInit
 .text.SSP_Cmd  0x000021f8       0x6c C:\Users\sw0532\Documents\Sourcetree Projects\ERTS\Problem 1\LibLPC17xx\Debug\libLibLPC17xx.a(LPC17xx_SSP.o)
                0x000021f8                SSP_Cmd
 .text.SSP_SendData
                0x00002264       0x40 C:\Users\sw0532\Documents\Sourcetree Projects\ERTS\Problem 1\LibLPC17xx\Debug\libLibLPC17xx.a(LPC17xx_SSP.o)
                0x00002264                SSP_SendData
 .text.SSP_ReceiveData
                0x000022a4       0x3c C:\Users\sw0532\Documents\Sourcetree Projects\ERTS\Problem 1\LibLPC17xx\Debug\libLibLPC17xx.a(LPC17xx_SSP.o)
                0x000022a4                SSP_ReceiveData
 .text.SSP_ReadWrite
                0x000022e0      0x364 C:\Users\sw0532\Documents\Sourcetree Projects\ERTS\Problem 1\LibLPC17xx\Debug\libLibLPC17xx.a(LPC17xx_SSP.o)
                0x000022e0                SSP_ReadWrite
 .text.SystemInit
                0x00002644      0x164 C:\Users\sw0532\Documents\Sourcetree Projects\ERTS\Problem 1\LibCMSIS\Debug\libLibCMSIS.a(System_LPC17xx.o)
                0x00002644                SystemInit
 .text.memset   0x000027a8       0x9c c:/nxp/lpcxpresso_7.8.0_426/lpcxpresso/tools/bin/../lib/gcc/arm-none-eabi/4.9.3/../../../../arm-none-eabi/lib/armv7-m\libc.a(lib_a-memset.o)
                0x000027a8                memset
 *(.rodata .rodata.* .constdata .constdata.*)
 .rodata.Font5x7
                0x00002844      0x300 ./Source/Font5x7.o
                0x00002844                Font5x7
 .rodata        0x00002b44      0x138 ./Source/Main.o
 .rodata.Font_Mask
                0x00002c7c        0x8 ./Source/OLED.o
 .rodata        0x00002c84       0x18 C:\Users\sw0532\Documents\Sourcetree Projects\ERTS\Problem 1\LibLPC17xx\Debug\libLibLPC17xx.a(LPC17xx_I2C.o)
 .rodata        0x00002c9c       0x18 C:\Users\sw0532\Documents\Sourcetree Projects\ERTS\Problem 1\LibLPC17xx\Debug\libLibLPC17xx.a(LPC17xx_SSP.o)
                0x00002cb4                . = ALIGN (0x4)

.glue_7         0x00002cb4        0x0
 .glue_7        0x00000000        0x0 linker stubs

.glue_7t        0x00002cb4        0x0
 .glue_7t       0x00000000        0x0 linker stubs

.vfp11_veneer   0x00002cb4        0x0
 .vfp11_veneer  0x00000000        0x0 linker stubs

.v4_bx          0x00002cb4        0x0
 .v4_bx         0x00000000        0x0 linker stubs

.iplt           0x00002cb4        0x0
 .iplt          0x00000000        0x0 ./Source/Buttons.o

.rel.dyn        0x00002cb4        0x0
 .rel.iplt      0x00000000        0x0 ./Source/Buttons.o

.ARM.extab
 *(.ARM.extab* .gnu.linkonce.armextab.*)
                0x00002cb4                __exidx_start = .

.ARM.exidx
 *(.ARM.exidx* .gnu.linkonce.armexidx.*)
                0x00002cb4                __exidx_end = .
                0x00002cb4                _etext = .

.data_RAM2      0x2007c000        0x0 load address 0x00002cb4
 FILL mask 0xff
                0x2007c000                PROVIDE (__start_data_RAM2, .)
 *(.ramfunc.$RAM2)
 *(.ramfunc.$RamAHB32)
 *(.data.$RAM2*)
 *(.data.$RamAHB32*)
                0x2007c000                . = ALIGN (0x4)
                0x2007c000                PROVIDE (__end_data_RAM2, .)

.uninit_RESERVED
                0x10000000        0x0
 *(.bss.$RESERVED*)
                0x10000000                . = ALIGN (0x4)
                0x10000000                _end_uninit_RESERVED = .

.data           0x10000000       0x98 load address 0x00002cb4
 FILL mask 0xff
                0x10000000                _data = .
 *(vtable)
 *(.ramfunc*)
 *(.data*)
 .data.Tune_SampleSongs
                0x10000000        0x8 ./Source/Main.o
 .data.CharacterMap
                0x10000008       0x50 ./Source/SevenSegment.o
 .data.Notes    0x10000058       0x38 ./Source/Tune.o
 .data.DFR_PWMRate
                0x10000090        0x4 ./Source/dfrobot.o
                0x10000090                DFR_PWMRate
 .data.SystemCoreClock
                0x10000094        0x4 C:\Users\sw0532\Documents\Sourcetree Projects\ERTS\Problem 1\LibCMSIS\Debug\libLibCMSIS.a(System_LPC17xx.o)
                0x10000094                SystemCoreClock
                0x10000098                . = ALIGN (0x4)
                0x10000098                _edata = .

.igot.plt       0x10000098        0x0 load address 0x00002d4c
 .igot.plt      0x00000000        0x0 ./Source/Buttons.o

.bss_RAM2       0x2007c000        0x0
                0x2007c000                PROVIDE (__start_bss_RAM2, .)
 *(.bss.$RAM2*)
 *(.bss.$RamAHB32*)
                0x2007c000                . = ALIGN (0x4)
                0x2007c000                PROVIDE (__end_bss_RAM2, .)

.bss            0x10000098      0x338
                0x10000098                _bss = .
 *(.bss*)
 .bss.Stop      0x10000098        0x1 ./Source/Main.o
                0x10000098                Stop
 *fill*         0x10000099        0x3 
 .bss.ShadowFB  0x1000009c      0x300 ./Source/OLED.o
 .bss.SongStringPointer
                0x1000039c        0x4 ./Source/Tune.o
 .bss.CurrentNote
                0x100003a0        0x4 ./Source/Tune.o
 .bss.CurrentDuration
                0x100003a4        0x4 ./Source/Tune.o
 .bss.CurrentPause
                0x100003a8        0x4 ./Source/Tune.o
 .bss.RightWheelCount
                0x100003ac        0x1 ./Source/dfrobot.o
                0x100003ac                RightWheelCount
 .bss.RightWheelDestination
                0x100003ad        0x1 ./Source/dfrobot.o
                0x100003ad                RightWheelDestination
 .bss.LeftWheelCount
                0x100003ae        0x1 ./Source/dfrobot.o
                0x100003ae                LeftWheelCount
 .bss.LeftWheelDestination
                0x100003af        0x1 ./Source/dfrobot.o
                0x100003af                LeftWheelDestination
 .bss.blink0Shadow
                0x100003b0        0x2 ./Source/pca9532.o
 .bss.blink1Shadow
                0x100003b2        0x2 ./Source/pca9532.o
 .bss.ledStateShadow
                0x100003b4        0x2 ./Source/pca9532.o
 *fill*         0x100003b6        0x2 
 .bss.i2cdat    0x100003b8       0x18 C:\Users\sw0532\Documents\Sourcetree Projects\ERTS\Problem 1\LibLPC17xx\Debug\libLibLPC17xx.a(LPC17xx_I2C.o)
 *(COMMON)
                0x100003d0                . = ALIGN (0x4)
                0x100003d0                _ebss = .
                0x100003d0                PROVIDE (end, .)

.noinit_RAM2    0x2007c000        0x0
 *(.noinit.$RAM2*)
 *(.noinit.$RamAHB32*)
                0x2007c000                . = ALIGN (0x4)

.noinit         0x100003d0        0x0
                0x100003d0                _noinit = .
 *(.noinit*)
                0x100003d0                . = ALIGN (0x4)
                0x100003d0                _end_noinit = .
                0x100003d0                PROVIDE (_pvHeapStart, DEFINED (__user_heap_base)?__user_heap_base:.)
                0x10008000                PROVIDE (_vStackTop, DEFINED (__user_stack_top)?__user_stack_top:(__top_RamLoc32 - 0x0))
OUTPUT(Project.axf elf32-littlearm)

.debug_info     0x00000000     0x6b5b
 .debug_info    0x00000000       0xf6 ./Source/Buttons.o
 .debug_info    0x000000f6       0x5d ./Source/Font5x7.o
 .debug_info    0x00000153      0xabe ./Source/Main.o
 .debug_info    0x00000c11      0xa6e ./Source/OLED.o
 .debug_info    0x0000167f      0x10e ./Source/RotarySwitch.o
 .debug_info    0x0000178d      0x26d ./Source/SevenSegment.o
 .debug_info    0x000019fa      0x1a7 ./Source/Startup.o
 .debug_info    0x00001ba1      0x380 ./Source/Tune.o
 .debug_info    0x00001f21      0xc30 ./Source/dfrobot.o
 .debug_info    0x00002b51      0x126 ./Source/joystick.o
 .debug_info    0x00002c77      0x610 ./Source/pca9532.o
 .debug_info    0x00003287      0x65c C:\Users\sw0532\Documents\Sourcetree Projects\ERTS\Problem 1\LibLPC17xx\Debug\libLibLPC17xx.a(LPC17xx_ClockPower.o)
 .debug_info    0x000038e3       0xdb C:\Users\sw0532\Documents\Sourcetree Projects\ERTS\Problem 1\LibLPC17xx\Debug\libLibLPC17xx.a(LPC17xx_Config.o)
 .debug_info    0x000039be      0xd5d C:\Users\sw0532\Documents\Sourcetree Projects\ERTS\Problem 1\LibLPC17xx\Debug\libLibLPC17xx.a(LPC17xx_GPIO.o)
 .debug_info    0x0000471b      0xe46 C:\Users\sw0532\Documents\Sourcetree Projects\ERTS\Problem 1\LibLPC17xx\Debug\libLibLPC17xx.a(LPC17xx_I2C.o)
 .debug_info    0x00005561      0x56b C:\Users\sw0532\Documents\Sourcetree Projects\ERTS\Problem 1\LibLPC17xx\Debug\libLibLPC17xx.a(LPC17xx_LED2.o)
 .debug_info    0x00005acc      0x478 C:\Users\sw0532\Documents\Sourcetree Projects\ERTS\Problem 1\LibLPC17xx\Debug\libLibLPC17xx.a(LPC17xx_PinSelect.o)
 .debug_info    0x00005f44      0x731 C:\Users\sw0532\Documents\Sourcetree Projects\ERTS\Problem 1\LibLPC17xx\Debug\libLibLPC17xx.a(LPC17xx_SSP.o)
 .debug_info    0x00006675      0x4e6 C:\Users\sw0532\Documents\Sourcetree Projects\ERTS\Problem 1\LibCMSIS\Debug\libLibCMSIS.a(System_LPC17xx.o)

.debug_abbrev   0x00000000     0x1974
 .debug_abbrev  0x00000000       0x84 ./Source/Buttons.o
 .debug_abbrev  0x00000084       0x48 ./Source/Font5x7.o
 .debug_abbrev  0x000000cc      0x26e ./Source/Main.o
 .debug_abbrev  0x0000033a      0x1f8 ./Source/OLED.o
 .debug_abbrev  0x00000532       0xa4 ./Source/RotarySwitch.o
 .debug_abbrev  0x000005d6      0x110 ./Source/SevenSegment.o
 .debug_abbrev  0x000006e6       0xb9 ./Source/Startup.o
 .debug_abbrev  0x0000079f      0x17d ./Source/Tune.o
 .debug_abbrev  0x0000091c      0x20a ./Source/dfrobot.o
 .debug_abbrev  0x00000b26       0x95 ./Source/joystick.o
 .debug_abbrev  0x00000bbb      0x1d3 ./Source/pca9532.o
 .debug_abbrev  0x00000d8e      0x1ca C:\Users\sw0532\Documents\Sourcetree Projects\ERTS\Problem 1\LibLPC17xx\Debug\libLibLPC17xx.a(LPC17xx_ClockPower.o)
 .debug_abbrev  0x00000f58       0x6c C:\Users\sw0532\Documents\Sourcetree Projects\ERTS\Problem 1\LibLPC17xx\Debug\libLibLPC17xx.a(LPC17xx_Config.o)
 .debug_abbrev  0x00000fc4      0x20f C:\Users\sw0532\Documents\Sourcetree Projects\ERTS\Problem 1\LibLPC17xx\Debug\libLibLPC17xx.a(LPC17xx_GPIO.o)
 .debug_abbrev  0x000011d3      0x27f C:\Users\sw0532\Documents\Sourcetree Projects\ERTS\Problem 1\LibLPC17xx\Debug\libLibLPC17xx.a(LPC17xx_I2C.o)
 .debug_abbrev  0x00001452      0x107 C:\Users\sw0532\Documents\Sourcetree Projects\ERTS\Problem 1\LibLPC17xx\Debug\libLibLPC17xx.a(LPC17xx_LED2.o)
 .debug_abbrev  0x00001559      0x127 C:\Users\sw0532\Documents\Sourcetree Projects\ERTS\Problem 1\LibLPC17xx\Debug\libLibLPC17xx.a(LPC17xx_PinSelect.o)
 .debug_abbrev  0x00001680      0x1c5 C:\Users\sw0532\Documents\Sourcetree Projects\ERTS\Problem 1\LibLPC17xx\Debug\libLibLPC17xx.a(LPC17xx_SSP.o)
 .debug_abbrev  0x00001845      0x12f C:\Users\sw0532\Documents\Sourcetree Projects\ERTS\Problem 1\LibCMSIS\Debug\libLibCMSIS.a(System_LPC17xx.o)

.debug_aranges  0x00000000      0x808
 .debug_aranges
                0x00000000       0x30 ./Source/Buttons.o
 .debug_aranges
                0x00000030       0x18 ./Source/Font5x7.o
 .debug_aranges
                0x00000048       0x90 ./Source/Main.o
 .debug_aranges
                0x000000d8       0xa0 ./Source/OLED.o
 .debug_aranges
                0x00000178       0x28 ./Source/RotarySwitch.o
 .debug_aranges
                0x000001a0       0x28 ./Source/SevenSegment.o
 .debug_aranges
                0x000001c8       0x70 ./Source/Startup.o
 .debug_aranges
                0x00000238       0x90 ./Source/Tune.o
 .debug_aranges
                0x000002c8       0xf8 ./Source/dfrobot.o
 .debug_aranges
                0x000003c0       0x28 ./Source/joystick.o
 .debug_aranges
                0x000003e8       0x80 ./Source/pca9532.o
 .debug_aranges
                0x00000468       0x58 C:\Users\sw0532\Documents\Sourcetree Projects\ERTS\Problem 1\LibLPC17xx\Debug\libLibLPC17xx.a(LPC17xx_ClockPower.o)
 .debug_aranges
                0x000004c0       0x20 C:\Users\sw0532\Documents\Sourcetree Projects\ERTS\Problem 1\LibLPC17xx\Debug\libLibLPC17xx.a(LPC17xx_Config.o)
 .debug_aranges
                0x000004e0       0xf8 C:\Users\sw0532\Documents\Sourcetree Projects\ERTS\Problem 1\LibLPC17xx\Debug\libLibLPC17xx.a(LPC17xx_GPIO.o)
 .debug_aranges
                0x000005d8       0xe0 C:\Users\sw0532\Documents\Sourcetree Projects\ERTS\Problem 1\LibLPC17xx\Debug\libLibLPC17xx.a(LPC17xx_I2C.o)
 .debug_aranges
                0x000006b8       0x38 C:\Users\sw0532\Documents\Sourcetree Projects\ERTS\Problem 1\LibLPC17xx\Debug\libLibLPC17xx.a(LPC17xx_LED2.o)
 .debug_aranges
                0x000006f0       0x48 C:\Users\sw0532\Documents\Sourcetree Projects\ERTS\Problem 1\LibLPC17xx\Debug\libLibLPC17xx.a(LPC17xx_PinSelect.o)
 .debug_aranges
                0x00000738       0xa8 C:\Users\sw0532\Documents\Sourcetree Projects\ERTS\Problem 1\LibLPC17xx\Debug\libLibLPC17xx.a(LPC17xx_SSP.o)
 .debug_aranges
                0x000007e0       0x28 C:\Users\sw0532\Documents\Sourcetree Projects\ERTS\Problem 1\LibCMSIS\Debug\libLibCMSIS.a(System_LPC17xx.o)

.debug_ranges   0x00000000      0x6d0
 .debug_ranges  0x00000000       0x20 ./Source/Buttons.o
 .debug_ranges  0x00000020       0x80 ./Source/Main.o
 .debug_ranges  0x000000a0       0x90 ./Source/OLED.o
 .debug_ranges  0x00000130       0x18 ./Source/RotarySwitch.o
 .debug_ranges  0x00000148       0x18 ./Source/SevenSegment.o
 .debug_ranges  0x00000160       0x60 ./Source/Startup.o
 .debug_ranges  0x000001c0       0x80 ./Source/Tune.o
 .debug_ranges  0x00000240       0xe8 ./Source/dfrobot.o
 .debug_ranges  0x00000328       0x18 ./Source/joystick.o
 .debug_ranges  0x00000340       0x70 ./Source/pca9532.o
 .debug_ranges  0x000003b0       0x48 C:\Users\sw0532\Documents\Sourcetree Projects\ERTS\Problem 1\LibLPC17xx\Debug\libLibLPC17xx.a(LPC17xx_ClockPower.o)
 .debug_ranges  0x000003f8       0x10 C:\Users\sw0532\Documents\Sourcetree Projects\ERTS\Problem 1\LibLPC17xx\Debug\libLibLPC17xx.a(LPC17xx_Config.o)
 .debug_ranges  0x00000408       0xe8 C:\Users\sw0532\Documents\Sourcetree Projects\ERTS\Problem 1\LibLPC17xx\Debug\libLibLPC17xx.a(LPC17xx_GPIO.o)
 .debug_ranges  0x000004f0       0xd0 C:\Users\sw0532\Documents\Sourcetree Projects\ERTS\Problem 1\LibLPC17xx\Debug\libLibLPC17xx.a(LPC17xx_I2C.o)
 .debug_ranges  0x000005c0       0x28 C:\Users\sw0532\Documents\Sourcetree Projects\ERTS\Problem 1\LibLPC17xx\Debug\libLibLPC17xx.a(LPC17xx_LED2.o)
 .debug_ranges  0x000005e8       0x38 C:\Users\sw0532\Documents\Sourcetree Projects\ERTS\Problem 1\LibLPC17xx\Debug\libLibLPC17xx.a(LPC17xx_PinSelect.o)
 .debug_ranges  0x00000620       0x98 C:\Users\sw0532\Documents\Sourcetree Projects\ERTS\Problem 1\LibLPC17xx\Debug\libLibLPC17xx.a(LPC17xx_SSP.o)
 .debug_ranges  0x000006b8       0x18 C:\Users\sw0532\Documents\Sourcetree Projects\ERTS\Problem 1\LibCMSIS\Debug\libLibCMSIS.a(System_LPC17xx.o)

.debug_macro    0x00000000     0x58d9
 .debug_macro   0x00000000       0xa6 ./Source/Buttons.o
 .debug_macro   0x000000a6      0x874 ./Source/Buttons.o
 .debug_macro   0x0000091a       0x1c ./Source/Buttons.o
 .debug_macro   0x00000936       0x34 ./Source/Buttons.o
 .debug_macro   0x0000096a       0x22 ./Source/Buttons.o
 .debug_macro   0x0000098c       0x44 ./Source/Buttons.o
 .debug_macro   0x000009d0       0x1c ./Source/Buttons.o
 .debug_macro   0x000009ec      0x1f7 ./Source/Buttons.o
 .debug_macro   0x00000be3       0x18 ./Source/Buttons.o
 .debug_macro   0x00000bfb      0x734 ./Source/Buttons.o
 .debug_macro   0x0000132f      0x2d5 ./Source/Buttons.o
 .debug_macro   0x00001604       0x66 ./Source/Buttons.o
 .debug_macro   0x0000166a       0x40 ./Source/Buttons.o
 .debug_macro   0x000016aa      0x6b0 ./Source/Font5x7.o
 .debug_macro   0x00001d5a      0x253 ./Source/Main.o
 .debug_macro   0x00001fad       0x58 ./Source/Main.o
 .debug_macro   0x00002005       0x35 ./Source/Main.o
 .debug_macro   0x0000203a       0x9c ./Source/Main.o
 .debug_macro   0x000020d6       0x16 ./Source/Main.o
 .debug_macro   0x000020ec       0x4a ./Source/Main.o
 .debug_macro   0x00002136       0x97 ./Source/Main.o
 .debug_macro   0x000021cd      0x29d ./Source/Main.o
 .debug_macro   0x0000246a       0xef ./Source/Main.o
 .debug_macro   0x00002559       0x10 ./Source/Main.o
 .debug_macro   0x00002569       0x52 ./Source/Main.o
 .debug_macro   0x000025bb       0x16 ./Source/Main.o
 .debug_macro   0x000025d1       0x43 ./Source/Main.o
 .debug_macro   0x00002614      0x180 ./Source/Main.o
 .debug_macro   0x00002794       0x10 ./Source/Main.o
 .debug_macro   0x000027a4       0x22 ./Source/Main.o
 .debug_macro   0x000027c6       0xbd ./Source/Main.o
 .debug_macro   0x00002883       0x16 ./Source/Main.o
 .debug_macro   0x00002899      0x196 ./Source/Main.o
 .debug_macro   0x00002a2f       0x16 ./Source/Main.o
 .debug_macro   0x00002a45       0x35 ./Source/Main.o
 .debug_macro   0x00002a7a       0x5f ./Source/Main.o
 .debug_macro   0x00002ad9      0x140 ./Source/Main.o
 .debug_macro   0x00002c19       0x46 ./Source/Main.o
 .debug_macro   0x00002c5f      0x2a7 ./Source/Main.o
 .debug_macro   0x00002f06      0x1eb ./Source/Main.o
 .debug_macro   0x000030f1       0xee ./Source/Main.o
 .debug_macro   0x000031df      0x344 ./Source/Main.o
 .debug_macro   0x00003523       0xef ./Source/Main.o
 .debug_macro   0x00003612       0x4c ./Source/Main.o
 .debug_macro   0x0000365e       0x34 ./Source/Main.o
 .debug_macro   0x00003692       0x16 ./Source/Main.o
 .debug_macro   0x000036a8       0x1c ./Source/Main.o
 .debug_macro   0x000036c4       0x10 ./Source/Main.o
 .debug_macro   0x000036d4       0xb2 ./Source/Main.o
 .debug_macro   0x00003786       0x28 ./Source/Main.o
 .debug_macro   0x000037ae      0x18d ./Source/OLED.o
 .debug_macro   0x0000393b       0x10 ./Source/OLED.o
 .debug_macro   0x0000394b       0xd5 ./Source/RotarySwitch.o
 .debug_macro   0x00003a20       0xbb ./Source/SevenSegment.o
 .debug_macro   0x00003adb       0x67 ./Source/Startup.o
 .debug_macro   0x00003b42       0xb1 ./Source/Tune.o
 .debug_macro   0x00003bf3       0xea ./Source/dfrobot.o
 .debug_macro   0x00003cdd       0x40 ./Source/dfrobot.o
 .debug_macro   0x00003d1d       0xe9 ./Source/dfrobot.o
 .debug_macro   0x00003e06      0x146 ./Source/dfrobot.o
 .debug_macro   0x00003f4c       0xa5 ./Source/joystick.o
 .debug_macro   0x00003ff1       0xc3 ./Source/pca9532.o
 .debug_macro   0x000040b4      0x1e5 ./Source/pca9532.o
 .debug_macro   0x00004299       0x9c C:\Users\sw0532\Documents\Sourcetree Projects\ERTS\Problem 1\LibLPC17xx\Debug\libLibLPC17xx.a(LPC17xx_ClockPower.o)
 .debug_macro   0x00004335      0x2f6 C:\Users\sw0532\Documents\Sourcetree Projects\ERTS\Problem 1\LibLPC17xx\Debug\libLibLPC17xx.a(LPC17xx_ClockPower.o)
 .debug_macro   0x0000462b       0x69 C:\Users\sw0532\Documents\Sourcetree Projects\ERTS\Problem 1\LibLPC17xx\Debug\libLibLPC17xx.a(LPC17xx_Config.o)
 .debug_macro   0x00004694       0xd5 C:\Users\sw0532\Documents\Sourcetree Projects\ERTS\Problem 1\LibLPC17xx\Debug\libLibLPC17xx.a(LPC17xx_Config.o)
 .debug_macro   0x00004769       0xa5 C:\Users\sw0532\Documents\Sourcetree Projects\ERTS\Problem 1\LibLPC17xx\Debug\libLibLPC17xx.a(LPC17xx_GPIO.o)
 .debug_macro   0x0000480e       0xb7 C:\Users\sw0532\Documents\Sourcetree Projects\ERTS\Problem 1\LibLPC17xx\Debug\libLibLPC17xx.a(LPC17xx_I2C.o)
 .debug_macro   0x000048c5      0x1e5 C:\Users\sw0532\Documents\Sourcetree Projects\ERTS\Problem 1\LibLPC17xx\Debug\libLibLPC17xx.a(LPC17xx_I2C.o)
 .debug_macro   0x00004aaa       0x9c C:\Users\sw0532\Documents\Sourcetree Projects\ERTS\Problem 1\LibLPC17xx\Debug\libLibLPC17xx.a(LPC17xx_LED2.o)
 .debug_macro   0x00004b46       0x9c C:\Users\sw0532\Documents\Sourcetree Projects\ERTS\Problem 1\LibLPC17xx\Debug\libLibLPC17xx.a(LPC17xx_PinSelect.o)
 .debug_macro   0x00004be2       0xae C:\Users\sw0532\Documents\Sourcetree Projects\ERTS\Problem 1\LibLPC17xx\Debug\libLibLPC17xx.a(LPC17xx_SSP.o)
 .debug_macro   0x00004c90      0x2a1 C:\Users\sw0532\Documents\Sourcetree Projects\ERTS\Problem 1\LibLPC17xx\Debug\libLibLPC17xx.a(LPC17xx_SSP.o)
 .debug_macro   0x00004f31      0x13a C:\Users\sw0532\Documents\Sourcetree Projects\ERTS\Problem 1\LibCMSIS\Debug\libLibCMSIS.a(System_LPC17xx.o)
 .debug_macro   0x0000506b      0x86e C:\Users\sw0532\Documents\Sourcetree Projects\ERTS\Problem 1\LibCMSIS\Debug\libLibCMSIS.a(System_LPC17xx.o)

.debug_line     0x00000000     0x50bf
 .debug_line    0x00000000      0x34e ./Source/Buttons.o
 .debug_line    0x0000034e       0x8e ./Source/Font5x7.o
 .debug_line    0x000003dc      0x69f ./Source/Main.o
 .debug_line    0x00000a7b      0x796 ./Source/OLED.o
 .debug_line    0x00001211      0x39a ./Source/RotarySwitch.o
 .debug_line    0x000015ab      0x36b ./Source/SevenSegment.o
 .debug_line    0x00001916      0x2f7 ./Source/Startup.o
 .debug_line    0x00001c0d      0x494 ./Source/Tune.o
 .debug_line    0x000020a1      0x59e ./Source/dfrobot.o
 .debug_line    0x0000263f      0x351 ./Source/joystick.o
 .debug_line    0x00002990      0x481 ./Source/pca9532.o
 .debug_line    0x00002e11      0x3b7 C:\Users\sw0532\Documents\Sourcetree Projects\ERTS\Problem 1\LibLPC17xx\Debug\libLibLPC17xx.a(LPC17xx_ClockPower.o)
 .debug_line    0x000031c8      0x233 C:\Users\sw0532\Documents\Sourcetree Projects\ERTS\Problem 1\LibLPC17xx\Debug\libLibLPC17xx.a(LPC17xx_Config.o)
 .debug_line    0x000033fb      0x592 C:\Users\sw0532\Documents\Sourcetree Projects\ERTS\Problem 1\LibLPC17xx\Debug\libLibLPC17xx.a(LPC17xx_GPIO.o)
 .debug_line    0x0000398d      0x792 C:\Users\sw0532\Documents\Sourcetree Projects\ERTS\Problem 1\LibLPC17xx\Debug\libLibLPC17xx.a(LPC17xx_I2C.o)
 .debug_line    0x0000411f      0x311 C:\Users\sw0532\Documents\Sourcetree Projects\ERTS\Problem 1\LibLPC17xx\Debug\libLibLPC17xx.a(LPC17xx_LED2.o)
 .debug_line    0x00004430      0x357 C:\Users\sw0532\Documents\Sourcetree Projects\ERTS\Problem 1\LibLPC17xx\Debug\libLibLPC17xx.a(LPC17xx_PinSelect.o)
 .debug_line    0x00004787      0x65b C:\Users\sw0532\Documents\Sourcetree Projects\ERTS\Problem 1\LibLPC17xx\Debug\libLibLPC17xx.a(LPC17xx_SSP.o)
 .debug_line    0x00004de2      0x2dd C:\Users\sw0532\Documents\Sourcetree Projects\ERTS\Problem 1\LibCMSIS\Debug\libLibCMSIS.a(System_LPC17xx.o)

.debug_str      0x00000000    0x13ba1
 .debug_str     0x00000000     0x7152 ./Source/Buttons.o
                               0x72ac (size before relaxing)
 .debug_str     0x00007152      0xe27 ./Source/Font5x7.o
                               0x3297 (size before relaxing)
 .debug_str     0x00007f79     0x80bb ./Source/Main.o
                               0xf3d0 (size before relaxing)
 .debug_str     0x00010034      0x3e3 ./Source/OLED.o
                               0xb5ba (size before relaxing)
 .debug_str     0x00010417       0xaa ./Source/RotarySwitch.o
                               0x734f (size before relaxing)
 .debug_str     0x000104c1       0xa9 ./Source/SevenSegment.o
                               0x83ed (size before relaxing)
 .debug_str     0x0001056a      0x131 ./Source/Startup.o
                               0x30d3 (size before relaxing)
 .debug_str     0x0001069b      0x157 ./Source/Tune.o
                               0x745b (size before relaxing)
 .debug_str     0x000107f2      0xe8c ./Source/dfrobot.o
                               0x8eae (size before relaxing)
 .debug_str     0x0001167e       0x3d ./Source/joystick.o
                               0x732a (size before relaxing)
 .debug_str     0x000116bb      0x28c ./Source/pca9532.o
                               0x7ee6 (size before relaxing)
 .debug_str     0x00011947     0x133c C:\Users\sw0532\Documents\Sourcetree Projects\ERTS\Problem 1\LibLPC17xx\Debug\libLibLPC17xx.a(LPC17xx_ClockPower.o)
                               0x84ef (size before relaxing)
 .debug_str     0x00012c83      0x185 C:\Users\sw0532\Documents\Sourcetree Projects\ERTS\Problem 1\LibLPC17xx\Debug\libLibLPC17xx.a(LPC17xx_Config.o)
                               0x32b9 (size before relaxing)
 .debug_str     0x00012e08      0x3a7 C:\Users\sw0532\Documents\Sourcetree Projects\ERTS\Problem 1\LibLPC17xx\Debug\libLibLPC17xx.a(LPC17xx_GPIO.o)
                               0x7841 (size before relaxing)
 .debug_str     0x000131af      0x374 C:\Users\sw0532\Documents\Sourcetree Projects\ERTS\Problem 1\LibLPC17xx\Debug\libLibLPC17xx.a(LPC17xx_I2C.o)
                               0x9997 (size before relaxing)
 .debug_str     0x00013523       0x49 C:\Users\sw0532\Documents\Sourcetree Projects\ERTS\Problem 1\LibLPC17xx\Debug\libLibLPC17xx.a(LPC17xx_LED2.o)
                               0x7784 (size before relaxing)
 .debug_str     0x0001356c      0x103 C:\Users\sw0532\Documents\Sourcetree Projects\ERTS\Problem 1\LibLPC17xx\Debug\libLibLPC17xx.a(LPC17xx_PinSelect.o)
                               0x7760 (size before relaxing)
 .debug_str     0x0001366f      0x1e4 C:\Users\sw0532\Documents\Sourcetree Projects\ERTS\Problem 1\LibLPC17xx\Debug\libLibLPC17xx.a(LPC17xx_SSP.o)
                               0x96c0 (size before relaxing)
 .debug_str     0x00013853      0x34e C:\Users\sw0532\Documents\Sourcetree Projects\ERTS\Problem 1\LibCMSIS\Debug\libLibCMSIS.a(System_LPC17xx.o)
                               0x7350 (size before relaxing)

.comment        0x00000000       0x70
 .comment       0x00000000       0x70 ./Source/Buttons.o
                                 0x71 (size before relaxing)
 .comment       0x00000000       0x71 ./Source/Font5x7.o
 .comment       0x00000000       0x71 ./Source/Main.o
 .comment       0x00000000       0x71 ./Source/OLED.o
 .comment       0x00000000       0x71 ./Source/RotarySwitch.o
 .comment       0x00000000       0x71 ./Source/SevenSegment.o
 .comment       0x00000000       0x71 ./Source/Startup.o
 .comment       0x00000000       0x71 ./Source/Tune.o
 .comment       0x00000000       0x71 ./Source/dfrobot.o
 .comment       0x00000000       0x71 ./Source/joystick.o
 .comment       0x00000000       0x71 ./Source/pca9532.o
 .comment       0x00000000       0x71 C:\Users\sw0532\Documents\Sourcetree Projects\ERTS\Problem 1\LibLPC17xx\Debug\libLibLPC17xx.a(LPC17xx_ClockPower.o)
 .comment       0x00000000       0x71 C:\Users\sw0532\Documents\Sourcetree Projects\ERTS\Problem 1\LibLPC17xx\Debug\libLibLPC17xx.a(LPC17xx_Config.o)
 .comment       0x00000000       0x71 C:\Users\sw0532\Documents\Sourcetree Projects\ERTS\Problem 1\LibLPC17xx\Debug\libLibLPC17xx.a(LPC17xx_GPIO.o)
 .comment       0x00000000       0x71 C:\Users\sw0532\Documents\Sourcetree Projects\ERTS\Problem 1\LibLPC17xx\Debug\libLibLPC17xx.a(LPC17xx_I2C.o)
 .comment       0x00000000       0x71 C:\Users\sw0532\Documents\Sourcetree Projects\ERTS\Problem 1\LibLPC17xx\Debug\libLibLPC17xx.a(LPC17xx_LED2.o)
 .comment       0x00000000       0x71 C:\Users\sw0532\Documents\Sourcetree Projects\ERTS\Problem 1\LibLPC17xx\Debug\libLibLPC17xx.a(LPC17xx_PinSelect.o)
 .comment       0x00000000       0x71 C:\Users\sw0532\Documents\Sourcetree Projects\ERTS\Problem 1\LibLPC17xx\Debug\libLibLPC17xx.a(LPC17xx_SSP.o)
 .comment       0x00000000       0x71 C:\Users\sw0532\Documents\Sourcetree Projects\ERTS\Problem 1\LibCMSIS\Debug\libLibCMSIS.a(System_LPC17xx.o)

.ARM.attributes
                0x00000000       0x31
 .ARM.attributes
                0x00000000       0x33 ./Source/Buttons.o
 .ARM.attributes
                0x00000033       0x33 ./Source/Font5x7.o
 .ARM.attributes
                0x00000066       0x33 ./Source/Main.o
 .ARM.attributes
                0x00000099       0x33 ./Source/OLED.o
 .ARM.attributes
                0x000000cc       0x33 ./Source/RotarySwitch.o
 .ARM.attributes
                0x000000ff       0x33 ./Source/SevenSegment.o
 .ARM.attributes
                0x00000132       0x33 ./Source/Startup.o
 .ARM.attributes
                0x00000165       0x33 ./Source/Tune.o
 .ARM.attributes
                0x00000198       0x33 ./Source/dfrobot.o
 .ARM.attributes
                0x000001cb       0x33 ./Source/joystick.o
 .ARM.attributes
                0x000001fe       0x33 ./Source/pca9532.o
 .ARM.attributes
                0x00000231       0x33 C:\Users\sw0532\Documents\Sourcetree Projects\ERTS\Problem 1\LibLPC17xx\Debug\libLibLPC17xx.a(LPC17xx_ClockPower.o)
 .ARM.attributes
                0x00000264       0x33 C:\Users\sw0532\Documents\Sourcetree Projects\ERTS\Problem 1\LibLPC17xx\Debug\libLibLPC17xx.a(LPC17xx_Config.o)
 .ARM.attributes
                0x00000297       0x33 C:\Users\sw0532\Documents\Sourcetree Projects\ERTS\Problem 1\LibLPC17xx\Debug\libLibLPC17xx.a(LPC17xx_GPIO.o)
 .ARM.attributes
                0x000002ca       0x33 C:\Users\sw0532\Documents\Sourcetree Projects\ERTS\Problem 1\LibLPC17xx\Debug\libLibLPC17xx.a(LPC17xx_I2C.o)
 .ARM.attributes
                0x000002fd       0x33 C:\Users\sw0532\Documents\Sourcetree Projects\ERTS\Problem 1\LibLPC17xx\Debug\libLibLPC17xx.a(LPC17xx_LED2.o)
 .ARM.attributes
                0x00000330       0x33 C:\Users\sw0532\Documents\Sourcetree Projects\ERTS\Problem 1\LibLPC17xx\Debug\libLibLPC17xx.a(LPC17xx_PinSelect.o)
 .ARM.attributes
                0x00000363       0x33 C:\Users\sw0532\Documents\Sourcetree Projects\ERTS\Problem 1\LibLPC17xx\Debug\libLibLPC17xx.a(LPC17xx_SSP.o)
 .ARM.attributes
                0x00000396       0x33 C:\Users\sw0532\Documents\Sourcetree Projects\ERTS\Problem 1\LibCMSIS\Debug\libLibCMSIS.a(System_LPC17xx.o)
 .ARM.attributes
                0x000003c9       0x2d c:/nxp/lpcxpresso_7.8.0_426/lpcxpresso/tools/bin/../lib/gcc/arm-none-eabi/4.9.3/../../../../arm-none-eabi/lib/armv7-m\libc.a(lib_a-memset.o)

.debug_frame    0x00000000     0x1cec
 .debug_frame   0x00000000       0x64 ./Source/Buttons.o
 .debug_frame   0x00000064      0x1f4 ./Source/Main.o
 .debug_frame   0x00000258      0x290 ./Source/OLED.o
 .debug_frame   0x000004e8       0x50 ./Source/RotarySwitch.o
 .debug_frame   0x00000538       0x50 ./Source/SevenSegment.o
 .debug_frame   0x00000588      0x120 ./Source/Startup.o
 .debug_frame   0x000006a8      0x228 ./Source/Tune.o
 .debug_frame   0x000008d0      0x3e8 ./Source/dfrobot.o
 .debug_frame   0x00000cb8       0x50 ./Source/joystick.o
 .debug_frame   0x00000d08      0x1e8 ./Source/pca9532.o
 .debug_frame   0x00000ef0      0x12c C:\Users\sw0532\Documents\Sourcetree Projects\ERTS\Problem 1\LibLPC17xx\Debug\libLibLPC17xx.a(LPC17xx_ClockPower.o)
 .debug_frame   0x0000101c       0x2c C:\Users\sw0532\Documents\Sourcetree Projects\ERTS\Problem 1\LibLPC17xx\Debug\libLibLPC17xx.a(LPC17xx_Config.o)
 .debug_frame   0x00001048      0x428 C:\Users\sw0532\Documents\Sourcetree Projects\ERTS\Problem 1\LibLPC17xx\Debug\libLibLPC17xx.a(LPC17xx_GPIO.o)
 .debug_frame   0x00001470      0x3bc C:\Users\sw0532\Documents\Sourcetree Projects\ERTS\Problem 1\LibLPC17xx\Debug\libLibLPC17xx.a(LPC17xx_I2C.o)
 .debug_frame   0x0000182c       0x98 C:\Users\sw0532\Documents\Sourcetree Projects\ERTS\Problem 1\LibLPC17xx\Debug\libLibLPC17xx.a(LPC17xx_LED2.o)
 .debug_frame   0x000018c4       0xfc C:\Users\sw0532\Documents\Sourcetree Projects\ERTS\Problem 1\LibLPC17xx\Debug\libLibLPC17xx.a(LPC17xx_PinSelect.o)
 .debug_frame   0x000019c0      0x2a0 C:\Users\sw0532\Documents\Sourcetree Projects\ERTS\Problem 1\LibLPC17xx\Debug\libLibLPC17xx.a(LPC17xx_SSP.o)
 .debug_frame   0x00001c60       0x58 C:\Users\sw0532\Documents\Sourcetree Projects\ERTS\Problem 1\LibCMSIS\Debug\libLibCMSIS.a(System_LPC17xx.o)
 .debug_frame   0x00001cb8       0x34 c:/nxp/lpcxpresso_7.8.0_426/lpcxpresso/tools/bin/../lib/gcc/arm-none-eabi/4.9.3/../../../../arm-none-eabi/lib/armv7-m\libc.a(lib_a-memset.o)
