14:11:05 **** Incremental Build of configuration Debug for project Task1 ****
make -r all 
Building file: ../Source/Main.c
Invoking: MCU C Compiler
arm-none-eabi-gcc -DDEBUG -D__NEWLIB__ -U__REDLIB__ -U__CODE_RED -I"O:\Documents\.3rd Year\EMbedded\BUGGY\Problem 1\Task1\Include" -I"O:\Documents\.3rd Year\EMbedded\BUGGY\Problem 1\LibLPC17xx\Include" -I"O:\Documents\.3rd Year\EMbedded\BUGGY\Problem 1\LibCMSIS\Include" -O0 -g3 -Wall -c -fmessage-length=0 -fno-builtin -ffunction-sections -fdata-sections -mcpu=cortex-m3 -mthumb -D__NEWLIB__ -MMD -MP -MF"Source/Main.d" -MT"Source/Main.o" -MT"Source/Main.d" -o"Source/Main.o" "../Source/Main.c"
../Source/Main.c: In function 'main':
../Source/Main.c:317:2: warning: implicit declaration of function 'Tune_GetPitch' [-Wimplicit-function-declaration]
  sprintf(s,"%d",Tune_GetPitch());
  ^
../Source/Main.c: At top level:
../Source/Main.c:232:13: warning: 'Init_ADC' defined but not used [-Wunused-function]
 static void Init_ADC(void)
             ^
Finished building: ../Source/Main.c
 
Building target: Task1.axf
Invoking: MCU Linker
arm-none-eabi-gcc -nostdlib -L"O:\Documents\.3rd Year\EMbedded\BUGGY\Problem 1\LibLPC17xx\Debug" -L"O:\Documents\.3rd Year\EMbedded\BUGGY\Problem 1\LibCMSIS\Debug" -Xlinker -Map="Task1.map" -Xlinker --gc-sections -mcpu=cortex-m3 -mthumb -T "Project_Debug.ld" -o"Task1.axf"  ./Source/Buttons.o ./Source/Font5x7.o ./Source/Main.o ./Source/NoSystem.o ./Source/OLED.o ./Source/RotarySwitch.o ./Source/SevenSegment.o ./Source/Startup.o ./Source/Tune.o ./Source/dfrobot.o ./Source/joystick.o ./Source/new_string.o ./Source/pca9532.o   -lLibLPC17xx -lLibCMSIS
Finished building target: Task1.axf
 
make --no-print-directory post-build
Performing post-build steps
arm-none-eabi-size "Task1.axf"; # arm-none-eabi-objcopy -O binary "Task1.axf" "Task1.bin" ; checksum -p LPC1769 -d "Task1.bin";
   text	   data	    bss	    dec	    hex	filename
  39408	   2384	    924	  42716	   a6dc	Task1.axf
 

14:11:07 Build Finished (took 1s.584ms)

